Archive member included to satisfy reference by file (symbol)

c:/Users/gamin/AppData/Roaming/Code/User/globalStorage/bmd.stm32-for-vscode/@xpack-dev-tools/arm-none-eabi-gcc/13.2.1-1.1.1/.content/bin/../lib/gcc/arm-none-eabi/13.2.1/../../../../arm-none-eabi/lib/thumb/v7e-m+fp/hard\libc_nano.a(libc_a-atexit.o)
                              c:/Users/gamin/AppData/Roaming/Code/User/globalStorage/bmd.stm32-for-vscode/@xpack-dev-tools/arm-none-eabi-gcc/13.2.1-1.1.1/.content/bin/../lib/gcc/arm-none-eabi/13.2.1/../../../../arm-none-eabi/lib/thumb/v7e-m+fp/hard/crt0.o (atexit)
c:/Users/gamin/AppData/Roaming/Code/User/globalStorage/bmd.stm32-for-vscode/@xpack-dev-tools/arm-none-eabi-gcc/13.2.1-1.1.1/.content/bin/../lib/gcc/arm-none-eabi/13.2.1/../../../../arm-none-eabi/lib/thumb/v7e-m+fp/hard\libc_nano.a(libc_a-exit.o)
                              c:/Users/gamin/AppData/Roaming/Code/User/globalStorage/bmd.stm32-for-vscode/@xpack-dev-tools/arm-none-eabi-gcc/13.2.1-1.1.1/.content/bin/../lib/gcc/arm-none-eabi/13.2.1/../../../../arm-none-eabi/lib/thumb/v7e-m+fp/hard/crt0.o (exit)
c:/Users/gamin/AppData/Roaming/Code/User/globalStorage/bmd.stm32-for-vscode/@xpack-dev-tools/arm-none-eabi-gcc/13.2.1-1.1.1/.content/bin/../lib/gcc/arm-none-eabi/13.2.1/../../../../arm-none-eabi/lib/thumb/v7e-m+fp/hard\libc_nano.a(libc_a-findfp.o)
                              c:/Users/gamin/AppData/Roaming/Code/User/globalStorage/bmd.stm32-for-vscode/@xpack-dev-tools/arm-none-eabi-gcc/13.2.1-1.1.1/.content/bin/../lib/gcc/arm-none-eabi/13.2.1/../../../../arm-none-eabi/lib/thumb/v7e-m+fp/hard\libc_nano.a(libc_a-exit.o) (__stdio_exit_handler)
c:/Users/gamin/AppData/Roaming/Code/User/globalStorage/bmd.stm32-for-vscode/@xpack-dev-tools/arm-none-eabi-gcc/13.2.1-1.1.1/.content/bin/../lib/gcc/arm-none-eabi/13.2.1/../../../../arm-none-eabi/lib/thumb/v7e-m+fp/hard\libc_nano.a(libc_a-fwalk.o)
                              c:/Users/gamin/AppData/Roaming/Code/User/globalStorage/bmd.stm32-for-vscode/@xpack-dev-tools/arm-none-eabi-gcc/13.2.1-1.1.1/.content/bin/../lib/gcc/arm-none-eabi/13.2.1/../../../../arm-none-eabi/lib/thumb/v7e-m+fp/hard\libc_nano.a(libc_a-findfp.o) (_fwalk_sglue)
c:/Users/gamin/AppData/Roaming/Code/User/globalStorage/bmd.stm32-for-vscode/@xpack-dev-tools/arm-none-eabi-gcc/13.2.1-1.1.1/.content/bin/../lib/gcc/arm-none-eabi/13.2.1/../../../../arm-none-eabi/lib/thumb/v7e-m+fp/hard\libc_nano.a(libc_a-stdio.o)
                              c:/Users/gamin/AppData/Roaming/Code/User/globalStorage/bmd.stm32-for-vscode/@xpack-dev-tools/arm-none-eabi-gcc/13.2.1-1.1.1/.content/bin/../lib/gcc/arm-none-eabi/13.2.1/../../../../arm-none-eabi/lib/thumb/v7e-m+fp/hard\libc_nano.a(libc_a-findfp.o) (__sread)
c:/Users/gamin/AppData/Roaming/Code/User/globalStorage/bmd.stm32-for-vscode/@xpack-dev-tools/arm-none-eabi-gcc/13.2.1-1.1.1/.content/bin/../lib/gcc/arm-none-eabi/13.2.1/../../../../arm-none-eabi/lib/thumb/v7e-m+fp/hard\libc_nano.a(libc_a-memset.o)
                              c:/Users/gamin/AppData/Roaming/Code/User/globalStorage/bmd.stm32-for-vscode/@xpack-dev-tools/arm-none-eabi-gcc/13.2.1-1.1.1/.content/bin/../lib/gcc/arm-none-eabi/13.2.1/../../../../arm-none-eabi/lib/thumb/v7e-m+fp/hard/crt0.o (memset)
c:/Users/gamin/AppData/Roaming/Code/User/globalStorage/bmd.stm32-for-vscode/@xpack-dev-tools/arm-none-eabi-gcc/13.2.1-1.1.1/.content/bin/../lib/gcc/arm-none-eabi/13.2.1/../../../../arm-none-eabi/lib/thumb/v7e-m+fp/hard\libc_nano.a(libc_a-closer.o)
                              c:/Users/gamin/AppData/Roaming/Code/User/globalStorage/bmd.stm32-for-vscode/@xpack-dev-tools/arm-none-eabi-gcc/13.2.1-1.1.1/.content/bin/../lib/gcc/arm-none-eabi/13.2.1/../../../../arm-none-eabi/lib/thumb/v7e-m+fp/hard\libc_nano.a(libc_a-stdio.o) (_close_r)
c:/Users/gamin/AppData/Roaming/Code/User/globalStorage/bmd.stm32-for-vscode/@xpack-dev-tools/arm-none-eabi-gcc/13.2.1-1.1.1/.content/bin/../lib/gcc/arm-none-eabi/13.2.1/../../../../arm-none-eabi/lib/thumb/v7e-m+fp/hard\libc_nano.a(libc_a-reent.o)
                              c:/Users/gamin/AppData/Roaming/Code/User/globalStorage/bmd.stm32-for-vscode/@xpack-dev-tools/arm-none-eabi-gcc/13.2.1-1.1.1/.content/bin/../lib/gcc/arm-none-eabi/13.2.1/../../../../arm-none-eabi/lib/thumb/v7e-m+fp/hard\libc_nano.a(libc_a-closer.o) (errno)
c:/Users/gamin/AppData/Roaming/Code/User/globalStorage/bmd.stm32-for-vscode/@xpack-dev-tools/arm-none-eabi-gcc/13.2.1-1.1.1/.content/bin/../lib/gcc/arm-none-eabi/13.2.1/../../../../arm-none-eabi/lib/thumb/v7e-m+fp/hard\libc_nano.a(libc_a-impure.o)
                              c:/Users/gamin/AppData/Roaming/Code/User/globalStorage/bmd.stm32-for-vscode/@xpack-dev-tools/arm-none-eabi-gcc/13.2.1-1.1.1/.content/bin/../lib/gcc/arm-none-eabi/13.2.1/../../../../arm-none-eabi/lib/thumb/v7e-m+fp/hard\libc_nano.a(libc_a-reent.o) (_impure_ptr)
[...]
Memory Configuration

Name             Origin             Length             Attributes
RAM              0x20000000         0x00020000         xrw
CCMRAM           0x10000000         0x00010000         xrw
FLASH            0x08000000         0x00100000         xr
*default*        0x00000000         0xffffffff

Linker script and memory map

LOAD c:/Users/gamin/AppData/Roaming/Code/User/globalStorage/bmd.stm32-for-vscode/@xpack-dev-tools/arm-none-eabi-gcc/13.2.1-1.1.1/.content/bin/../lib/gcc/arm-none-eabi/13.2.1/thumb/v7e-m+fp/hard/crti.o
LOAD c:/Users/gamin/AppData/Roaming/Code/User/globalStorage/bmd.stm32-for-vscode/@xpack-dev-tools/arm-none-eabi-gcc/13.2.1-1.1.1/.content/bin/../lib/gcc/arm-none-eabi/13.2.1/thumb/v7e-m+fp/hard/crtbegin.o
LOAD c:/Users/gamin/AppData/Roaming/Code/User/globalStorage/bmd.stm32-for-vscode/@xpack-dev-tools/arm-none-eabi-gcc/13.2.1-1.1.1/.content/bin/../lib/gcc/arm-none-eabi/13.2.1/../../../../arm-none-eabi/lib/thumb/v7e-m+fp/hard/crt0.o
LOAD build/MCP3914.o
LOAD build/main.o
LOAD build/stm32f4xx_hal_msp.o
LOAD build/stm32f4xx_it.o
LOAD build/system_stm32f4xx.o
LOAD build/stm32f4xx_hal.o
LOAD build/stm32f4xx_hal_cortex.o
LOAD build/stm32f4xx_hal_dma.o
LOAD build/stm32f4xx_hal_dma_ex.o
LOAD build/stm32f4xx_hal_exti.o
LOAD build/stm32f4xx_hal_flash.o
LOAD build/stm32f4xx_hal_flash_ex.o
LOAD build/stm32f4xx_hal_flash_ramfunc.o
LOAD build/stm32f4xx_hal_gpio.o
LOAD build/stm32f4xx_hal_i2c.o
LOAD build/stm32f4xx_hal_i2c_ex.o
LOAD build/stm32f4xx_hal_i2s.o
LOAD build/stm32f4xx_hal_i2s_ex.o
LOAD build/stm32f4xx_hal_pcd.o
LOAD build/stm32f4xx_hal_pcd_ex.o
LOAD build/stm32f4xx_hal_pwr.o
LOAD build/stm32f4xx_hal_pwr_ex.o
LOAD build/stm32f4xx_hal_rcc.o
LOAD build/stm32f4xx_hal_rcc_ex.o
LOAD build/stm32f4xx_hal_spi.o
LOAD build/stm32f4xx_hal_tim.o
LOAD build/stm32f4xx_hal_tim_ex.o
LOAD build/stm32f4xx_ll_usb.o
LOAD build/usbd_cdc.o
LOAD build/usbd_core.o
LOAD build/usbd_ctlreq.o
LOAD build/usbd_ioreq.o
LOAD build/usb_device.o
LOAD build/usbd_cdc_if.o
LOAD build/usbd_desc.o
LOAD build/usbd_conf.o
LOAD build/startup_stm32f407xx.o
LOAD c:/Users/gamin/AppData/Roaming/Code/User/globalStorage/bmd.stm32-for-vscode/@xpack-dev-tools/arm-none-eabi-gcc/13.2.1-1.1.1/.content/bin/../lib/gcc/arm-none-eabi/13.2.1/../../../../arm-none-eabi/lib/thumb/v7e-m+fp/hard\libc_nano.a
LOAD c:/Users/gamin/AppData/Roaming/Code/User/globalStorage/bmd.stm32-for-vscode/@xpack-dev-tools/arm-none-eabi-gcc/13.2.1-1.1.1/.content/bin/../lib/gcc/arm-none-eabi/13.2.1/../../../../arm-none-eabi/lib/thumb/v7e-m+fp/hard\libm.a
LOAD c:/Users/gamin/AppData/Roaming/Code/User/globalStorage/bmd.stm32-for-vscode/@xpack-dev-tools/arm-none-eabi-gcc/13.2.1-1.1.1/.content/bin/../lib/gcc/arm-none-eabi/13.2.1/../../../../arm-none-eabi/lib/thumb/v7e-m+fp/hard\libnosys.a
START GROUP
LOAD c:/Users/gamin/AppData/Roaming/Code/User/globalStorage/bmd.stm32-for-vscode/@xpack-dev-tools/arm-none-eabi-gcc/13.2.1-1.1.1/.content/bin/../lib/gcc/arm-none-eabi/13.2.1/thumb/v7e-m+fp/hard\libgcc.a
LOAD c:/Users/gamin/AppData/Roaming/Code/User/globalStorage/bmd.stm32-for-vscode/@xpack-dev-tools/arm-none-eabi-gcc/13.2.1-1.1.1/.content/bin/../lib/gcc/arm-none-eabi/13.2.1/../../../../arm-none-eabi/lib/thumb/v7e-m+fp/hard\libc_nano.a
END GROUP
START GROUP
LOAD c:/Users/gamin/AppData/Roaming/Code/User/globalStorage/bmd.stm32-for-vscode/@xpack-dev-tools/arm-none-eabi-gcc/13.2.1-1.1.1/.content/bin/../lib/gcc/arm-none-eabi/13.2.1/thumb/v7e-m+fp/hard\libgcc.a
LOAD c:/Users/gamin/AppData/Roaming/Code/User/globalStorage/bmd.stm32-for-vscode/@xpack-dev-tools/arm-none-eabi-gcc/13.2.1-1.1.1/.content/bin/../lib/gcc/arm-none-eabi/13.2.1/../../../../arm-none-eabi/lib/thumb/v7e-m+fp/hard\libc_nano.a
END GROUP
LOAD c:/Users/gamin/AppData/Roaming/Code/User/globalStorage/bmd.stm32-for-vscode/@xpack-dev-tools/arm-none-eabi-gcc/13.2.1-1.1.1/.content/bin/../lib/gcc/arm-none-eabi/13.2.1/thumb/v7e-m+fp/hard/crtend.o
LOAD c:/Users/gamin/AppData/Roaming/Code/User/globalStorage/bmd.stm32-for-vscode/@xpack-dev-tools/arm-none-eabi-gcc/13.2.1-1.1.1/.content/bin/../lib/gcc/arm-none-eabi/13.2.1/thumb/v7e-m+fp/hard/crtn.o
                0x20020000                        _estack = (ORIGIN (RAM) + LENGTH (RAM))
                0x00000200                        _Min_Heap_Size = 0x200
                0x00000400                        _Min_Stack_Size = 0x400

.isr_vector     0x08000000      0x188
                0x08000000                        . = ALIGN (0x4)
 *(.isr_vector)
 .isr_vector    0x08000000      0x188 build/startup_stm32f407xx.o
                0x08000000                g_pfnVectors
                0x08000188                        . = ALIGN (0x4)

.text           0x08000188     0x5bb4
                0x08000188                        . = ALIGN (0x4)
 *(.text)
 .text          0x08000188       0x30 c:/Users/gamin/AppData/Roaming/Code/User/globalStorage/bmd.stm32-for-vscode/@xpack-dev-tools/arm-none-eabi-gcc/13.2.1-1.1.1/.content/bin/../lib/gcc/arm-none-eabi/13.2.1/thumb/v7e-m+fp/hard\libgcc.a(_aeabi_uldivmod.o)
                0x08000188                __aeabi_uldivmod
 .text          0x080001b8        0x4 c:/Users/gamin/AppData/Roaming/Code/User/globalStorage/bmd.stm32-for-vscode/@xpack-dev-tools/arm-none-eabi-gcc/13.2.1-1.1.1/.content/bin/../lib/gcc/arm-none-eabi/13.2.1/thumb/v7e-m+fp/hard\libgcc.a(_dvmd_tls.o)
                0x080001b8                __aeabi_idiv0
                0x080001b8                __aeabi_ldiv0
 *(.text*)
 .text.__do_global_dtors_aux
                0x080001bc       0x24 c:/Users/gamin/AppData/Roaming/Code/User/globalStorage/bmd.stm32-for-vscode/@xpack-dev-tools/arm-none-eabi-gcc/13.2.1-1.1.1/.content/bin/../lib/gcc/arm-none-eabi/13.2.1/thumb/v7e-m+fp/hard/crtbegin.o
 .text.frame_dummy
                0x080001e0       0x1c c:/Users/gamin/AppData/Roaming/Code/User/globalStorage/bmd.stm32-for-vscode/@xpack-dev-tools/arm-none-eabi-gcc/13.2.1-1.1.1/.content/bin/../lib/gcc/arm-none-eabi/13.2.1/thumb/v7e-m+fp/hard/crtbegin.o
 .text.MCP3914_ReadRegister
                0x080001fc       0x58 build/MCP3914.o
                0x080001fc                MCP3914_ReadRegister
 .text.MCP3914_WriteRegister
                0x08000254       0x4a build/MCP3914.o
                0x08000254                MCP3914_WriteRegister
 .text.MCP3914_Initialise
                0x0800029e       0x28 build/MCP3914.o
                0x0800029e                MCP3914_Initialise
 *fill*         0x080002c6        0x2 
 .text.MX_GPIO_Init
                0x080002c8      0x188 build/main.o
 .text.MX_DMA_Init
                0x08000450       0x34 build/main.o
 .text.HAL_TIM_PeriodElapsedCallback
                0x08000484       0x38 build/main.o
                0x08000484                HAL_TIM_PeriodElapsedCallback
 .text.Error_Handler
                0x080004bc        0x4 build/main.o
                0x080004bc                Error_Handler
 .text.MX_I2C1_Init
                0x080004c0       0x38 build/main.o
 .text.MX_I2S3_Init
                0x080004f8       0x38 build/main.o
 .text.MX_SPI1_Init
                0x08000530       0x40 build/main.o
 .text.MX_SPI2_Init
                0x08000570       0x40 build/main.o
 .text.MX_TIM1_Init
                0x080005b0       0x68 build/main.o
 .text.SystemClock_Config
                0x08000618       0xac build/main.o
                0x08000618                SystemClock_Config
 .text.main     0x080006c4       0x70 build/main.o
                0x080006c4                main
 .text.HAL_MspInit
                0x08000734       0x40 build/stm32f4xx_hal_msp.o
                0x08000734                HAL_MspInit
 .text.HAL_I2C_MspInit
                0x08000774       0x70 build/stm32f4xx_hal_msp.o
                0x08000774                HAL_I2C_MspInit
 .text.HAL_I2S_MspInit
                0x080007e4       0xc0 build/stm32f4xx_hal_msp.o
                0x080007e4                HAL_I2S_MspInit
 .text.HAL_SPI_MspInit
                0x080008a4       0xf8 build/stm32f4xx_hal_msp.o
                0x080008a4                HAL_SPI_MspInit
 .text.HAL_TIM_Base_MspInit
                0x0800099c       0x40 build/stm32f4xx_hal_msp.o
                0x0800099c                HAL_TIM_Base_MspInit
 .text.NMI_Handler
                0x080009dc        0x2 build/stm32f4xx_it.o
                0x080009dc                NMI_Handler
 .text.HardFault_Handler
                0x080009de        0x2 build/stm32f4xx_it.o
                0x080009de                HardFault_Handler
 .text.MemManage_Handler
                0x080009e0        0x2 build/stm32f4xx_it.o
                0x080009e0                MemManage_Handler
 .text.BusFault_Handler
                0x080009e2        0x2 build/stm32f4xx_it.o
                0x080009e2                BusFault_Handler
 .text.UsageFault_Handler
                0x080009e4        0x2 build/stm32f4xx_it.o
                0x080009e4                UsageFault_Handler
 .text.SVC_Handler
                0x080009e6        0x2 build/stm32f4xx_it.o
                0x080009e6                SVC_Handler
 .text.DebugMon_Handler
                0x080009e8        0x2 build/stm32f4xx_it.o
                0x080009e8                DebugMon_Handler
 .text.PendSV_Handler
                0x080009ea        0x2 build/stm32f4xx_it.o
                0x080009ea                PendSV_Handler
 .text.SysTick_Handler
                0x080009ec        0x8 build/stm32f4xx_it.o
                0x080009ec                SysTick_Handler
 .text.DMA1_Stream3_IRQHandler
                0x080009f4       0x10 build/stm32f4xx_it.o
                0x080009f4                DMA1_Stream3_IRQHandler
 .text.TIM1_UP_TIM10_IRQHandler
                0x08000a04       0x10 build/stm32f4xx_it.o
                0x08000a04                TIM1_UP_TIM10_IRQHandler
 .text.OTG_FS_IRQHandler
                0x08000a14       0x10 build/stm32f4xx_it.o
                0x08000a14                OTG_FS_IRQHandler
 .text.SystemInit
                0x08000a24       0x14 build/system_stm32f4xx.o
                0x08000a24                SystemInit
 .text.HAL_InitTick
                0x08000a38       0x4c build/stm32f4xx_hal.o
                0x08000a38                HAL_InitTick
 .text.HAL_Init
                0x08000a84       0x34 build/stm32f4xx_hal.o
                0x08000a84                HAL_Init
 .text.HAL_IncTick
                0x08000ab8       0x18 build/stm32f4xx_hal.o
                0x08000ab8                HAL_IncTick
 .text.HAL_GetTick
                0x08000ad0        0xc build/stm32f4xx_hal.o
                0x08000ad0                HAL_GetTick
 .text.HAL_Delay
                0x08000adc       0x28 build/stm32f4xx_hal.o
                0x08000adc                HAL_Delay
 .text.__NVIC_EnableIRQ
                0x08000b04       0x1c build/stm32f4xx_hal_cortex.o
 .text.__NVIC_SetPriority
                0x08000b20       0x28 build/stm32f4xx_hal_cortex.o
 .text.NVIC_EncodePriority
                0x08000b48       0x3e build/stm32f4xx_hal_cortex.o
 *fill*         0x08000b86        0x2 
 .text.HAL_NVIC_SetPriorityGrouping
                0x08000b88       0x24 build/stm32f4xx_hal_cortex.o
                0x08000b88                HAL_NVIC_SetPriorityGrouping
 .text.HAL_NVIC_SetPriority
                0x08000bac       0x20 build/stm32f4xx_hal_cortex.o
                0x08000bac                HAL_NVIC_SetPriority
 .text.HAL_NVIC_EnableIRQ
                0x08000bcc        0x8 build/stm32f4xx_hal_cortex.o
                0x08000bcc                HAL_NVIC_EnableIRQ
 .text.HAL_SYSTICK_Config
                0x08000bd4       0x28 build/stm32f4xx_hal_cortex.o
                0x08000bd4                HAL_SYSTICK_Config
 .text.DMA_CalcBaseAndBitshift
                0x08000bfc       0x3c build/stm32f4xx_hal_dma.o
 .text.DMA_CheckFifoParam
                0x08000c38       0x8e build/stm32f4xx_hal_dma.o
 *fill*         0x08000cc6        0x2 
 .text.HAL_DMA_Init
                0x08000cc8       0xcc build/stm32f4xx_hal_dma.o
                0x08000cc8                HAL_DMA_Init
 .text.HAL_DMA_IRQHandler
                0x08000d94      0x1dc build/stm32f4xx_hal_dma.o
                0x08000d94                HAL_DMA_IRQHandler
 .text.HAL_GPIO_Init
                0x08000f70      0x1ec build/stm32f4xx_hal_gpio.o
                0x08000f70                HAL_GPIO_Init
 .text.HAL_GPIO_WritePin
                0x0800115c        0xc build/stm32f4xx_hal_gpio.o
                0x0800115c                HAL_GPIO_WritePin
 .text.HAL_I2C_Init
                0x08001168      0x1bc build/stm32f4xx_hal_i2c.o
                0x08001168                HAL_I2C_Init
 .text.HAL_I2S_Init
                0x08001324      0x19c build/stm32f4xx_hal_i2s.o
                0x08001324                HAL_I2S_Init
 .text.HAL_I2S_TxCpltCallback
                0x080014c0        0x2 build/stm32f4xx_hal_i2s.o
                0x080014c0                HAL_I2S_TxCpltCallback
 .text.I2S_Transmit_IT
                0x080014c2       0x38 build/stm32f4xx_hal_i2s.o
 .text.HAL_I2S_RxCpltCallback
                0x080014fa        0x2 build/stm32f4xx_hal_i2s.o
                0x080014fa                HAL_I2S_RxCpltCallback
 .text.I2S_Receive_IT
                0x080014fc       0x38 build/stm32f4xx_hal_i2s.o
 .text.HAL_I2S_ErrorCallback
                0x08001534        0x2 build/stm32f4xx_hal_i2s.o
                0x08001534                HAL_I2S_ErrorCallback
 .text.I2S_IRQHandler
                0x08001536       0xd0 build/stm32f4xx_hal_i2s.o
 .text.HAL_I2SEx_TxRxCpltCallback
                0x08001606        0x2 build/stm32f4xx_hal_i2s_ex.o
                0x08001606                HAL_I2SEx_TxRxCpltCallback
 .text.I2SEx_TxISR_I2S
                0x08001608       0x3c build/stm32f4xx_hal_i2s_ex.o
 .text.I2SEx_RxISR_I2SExt
                0x08001644       0x64 build/stm32f4xx_hal_i2s_ex.o
 .text.I2SEx_TxISR_I2SExt
                0x080016a8       0x64 build/stm32f4xx_hal_i2s_ex.o
 .text.I2SEx_RxISR_I2S
                0x0800170c       0x3c build/stm32f4xx_hal_i2s_ex.o
 .text.HAL_I2SEx_FullDuplex_IRQHandler
                0x08001748      0x1d8 build/stm32f4xx_hal_i2s_ex.o
                0x08001748                HAL_I2SEx_FullDuplex_IRQHandler
 .text.PCD_WriteEmptyTxFifo
                0x08001920       0xd0 build/stm32f4xx_hal_pcd.o
 .text.HAL_PCD_Init
                0x080019f0      0x102 build/stm32f4xx_hal_pcd.o
                0x080019f0                HAL_PCD_Init
 .text.HAL_PCD_Start
                0x08001af2       0x44 build/stm32f4xx_hal_pcd.o
                0x08001af2                HAL_PCD_Start
 *fill*         0x08001b36        0x2 
 .text.PCD_EP_OutXfrComplete_int
                0x08001b38      0x104 build/stm32f4xx_hal_pcd.o
 .text.PCD_EP_OutSetupPacket_int
                0x08001c3c       0x50 build/stm32f4xx_hal_pcd.o
 .text.HAL_PCD_SetAddress
                0x08001c8c       0x26 build/stm32f4xx_hal_pcd.o
                0x08001c8c                HAL_PCD_SetAddress
 .text.HAL_PCD_EP_Open
                0x08001cb2       0x88 build/stm32f4xx_hal_pcd.o
                0x08001cb2                HAL_PCD_EP_Open
 .text.HAL_PCD_EP_Close
                0x08001d3a       0x70 build/stm32f4xx_hal_pcd.o
                0x08001d3a                HAL_PCD_EP_Close
 .text.HAL_PCD_EP_Receive
                0x08001daa       0x4a build/stm32f4xx_hal_pcd.o
                0x08001daa                HAL_PCD_EP_Receive
 .text.HAL_PCD_EP_GetRxCount
                0x08001df4       0x12 build/stm32f4xx_hal_pcd.o
                0x08001df4                HAL_PCD_EP_GetRxCount
 .text.HAL_PCD_EP_Transmit
                0x08001e06       0x4a build/stm32f4xx_hal_pcd.o
                0x08001e06                HAL_PCD_EP_Transmit
 .text.HAL_PCD_EP_SetStall
                0x08001e50       0x86 build/stm32f4xx_hal_pcd.o
                0x08001e50                HAL_PCD_EP_SetStall
 .text.HAL_PCD_EP_ClrStall
                0x08001ed6       0x74 build/stm32f4xx_hal_pcd.o
                0x08001ed6                HAL_PCD_EP_ClrStall
 .text.HAL_PCD_EP_Abort
                0x08001f4a       0x34 build/stm32f4xx_hal_pcd.o
                0x08001f4a                HAL_PCD_EP_Abort
 .text.HAL_PCD_IRQHandler
                0x08001f7e      0x5c0 build/stm32f4xx_hal_pcd.o
                0x08001f7e                HAL_PCD_IRQHandler
 .text.HAL_PCDEx_SetTxFiFo
                0x0800253e       0x4c build/stm32f4xx_hal_pcd_ex.o
                0x0800253e                HAL_PCDEx_SetTxFiFo
 .text.HAL_PCDEx_SetRxFiFo
                0x0800258a        0x8 build/stm32f4xx_hal_pcd_ex.o
                0x0800258a                HAL_PCDEx_SetRxFiFo
 .text.HAL_PCDEx_LPM_Callback
                0x08002592        0x2 build/stm32f4xx_hal_pcd_ex.o
                0x08002592                HAL_PCDEx_LPM_Callback
 .text.HAL_RCC_OscConfig
                0x08002594      0x3f8 build/stm32f4xx_hal_rcc.o
                0x08002594                HAL_RCC_OscConfig
 .text.HAL_RCC_GetSysClockFreq
                0x0800298c       0xdc build/stm32f4xx_hal_rcc.o
                0x0800298c                HAL_RCC_GetSysClockFreq
 .text.HAL_RCC_ClockConfig
                0x08002a68      0x160 build/stm32f4xx_hal_rcc.o
                0x08002a68                HAL_RCC_ClockConfig
 .text.HAL_RCC_GetHCLKFreq
                0x08002bc8        0xc build/stm32f4xx_hal_rcc.o
                0x08002bc8                HAL_RCC_GetHCLKFreq
 .text.HAL_RCC_GetPCLK1Freq
                0x08002bd4       0x20 build/stm32f4xx_hal_rcc.o
                0x08002bd4                HAL_RCC_GetPCLK1Freq
 .text.HAL_RCCEx_PeriphCLKConfig
                0x08002bf4      0x154 build/stm32f4xx_hal_rcc_ex.o
                0x08002bf4                HAL_RCCEx_PeriphCLKConfig
 .text.HAL_RCCEx_GetPeriphCLKFreq
                0x08002d48       0x70 build/stm32f4xx_hal_rcc_ex.o
                0x08002d48                HAL_RCCEx_GetPeriphCLKFreq
 .text.SPI_WaitFlagStateUntilTimeout
                0x08002db8       0xc8 build/stm32f4xx_hal_spi.o
 .text.SPI_EndRxTxTransaction
                0x08002e80       0x80 build/stm32f4xx_hal_spi.o
 .text.HAL_SPI_Init
                0x08002f00       0xbe build/stm32f4xx_hal_spi.o
                0x08002f00                HAL_SPI_Init
 .text.HAL_SPI_Transmit
                0x08002fbe      0x1b8 build/stm32f4xx_hal_spi.o
                0x08002fbe                HAL_SPI_Transmit
 .text.HAL_SPI_TransmitReceive
                0x08003176      0x244 build/stm32f4xx_hal_spi.o
                0x08003176                HAL_SPI_TransmitReceive
 .text.TIM_TI1_ConfigInputStage
                0x080033ba       0x26 build/stm32f4xx_hal_tim.o
 .text.TIM_TI2_ConfigInputStage
                0x080033e0       0x28 build/stm32f4xx_hal_tim.o
 .text.TIM_ITRx_SetConfig
                0x08003408       0x10 build/stm32f4xx_hal_tim.o
 .text.HAL_TIM_Base_Start_IT
                0x08003418       0x88 build/stm32f4xx_hal_tim.o
                0x08003418                HAL_TIM_Base_Start_IT
 .text.HAL_TIM_OC_DelayElapsedCallback
                0x080034a0        0x2 build/stm32f4xx_hal_tim.o
                0x080034a0                HAL_TIM_OC_DelayElapsedCallback
 .text.HAL_TIM_IC_CaptureCallback
                0x080034a2        0x2 build/stm32f4xx_hal_tim.o
                0x080034a2                HAL_TIM_IC_CaptureCallback
 .text.HAL_TIM_PWM_PulseFinishedCallback
                0x080034a4        0x2 build/stm32f4xx_hal_tim.o
                0x080034a4                HAL_TIM_PWM_PulseFinishedCallback
 .text.HAL_TIM_TriggerCallback
                0x080034a6        0x2 build/stm32f4xx_hal_tim.o
                0x080034a6                HAL_TIM_TriggerCallback
 .text.HAL_TIM_IRQHandler
                0x080034a8      0x15e build/stm32f4xx_hal_tim.o
                0x080034a8                HAL_TIM_IRQHandler
 *fill*         0x08003606        0x2 
 .text.TIM_Base_SetConfig
                0x08003608       0xd8 build/stm32f4xx_hal_tim.o
                0x08003608                TIM_Base_SetConfig
 .text.HAL_TIM_Base_Init
                0x080036e0       0x58 build/stm32f4xx_hal_tim.o
                0x080036e0                HAL_TIM_Base_Init
 .text.TIM_ETR_SetConfig
                0x08003738       0x1a build/stm32f4xx_hal_tim.o
                0x08003738                TIM_ETR_SetConfig
 .text.HAL_TIM_ConfigClockSource
                0x08003752       0xfe build/stm32f4xx_hal_tim.o
                0x08003752                HAL_TIM_ConfigClockSource
 .text.HAL_TIMEx_MasterConfigSynchronization
                0x08003850       0x8c build/stm32f4xx_hal_tim_ex.o
                0x08003850                HAL_TIMEx_MasterConfigSynchronization
 .text.HAL_TIMEx_CommutCallback
                0x080038dc        0x2 build/stm32f4xx_hal_tim_ex.o
                0x080038dc                HAL_TIMEx_CommutCallback
 .text.HAL_TIMEx_BreakCallback
                0x080038de        0x2 build/stm32f4xx_hal_tim_ex.o
                0x080038de                HAL_TIMEx_BreakCallback
 .text.USB_CoreReset
                0x080038e0       0x4a build/stm32f4xx_ll_usb.o
 .text.USB_CoreInit
                0x0800392a       0x92 build/stm32f4xx_ll_usb.o
                0x0800392a                USB_CoreInit
 .text.USB_SetTurnaroundTime
                0x080039bc       0xe4 build/stm32f4xx_ll_usb.o
                0x080039bc                USB_SetTurnaroundTime
 .text.USB_EnableGlobalInt
                0x08003aa0        0xc build/stm32f4xx_ll_usb.o
                0x08003aa0                USB_EnableGlobalInt
 .text.USB_DisableGlobalInt
                0x08003aac        0xc build/stm32f4xx_ll_usb.o
                0x08003aac                USB_DisableGlobalInt
 .text.USB_FlushTxFifo
                0x08003ab8       0x4a build/stm32f4xx_ll_usb.o
                0x08003ab8                USB_FlushTxFifo
 .text.USB_FlushRxFifo
                0x08003b02       0x46 build/stm32f4xx_ll_usb.o
                0x08003b02                USB_FlushRxFifo
 .text.USB_SetDevSpeed
                0x08003b48        0xe build/stm32f4xx_ll_usb.o
                0x08003b48                USB_SetDevSpeed
 *fill*         0x08003b56        0x2 
 .text.USB_DevInit
                0x08003b58      0x194 build/stm32f4xx_ll_usb.o
                0x08003b58                USB_DevInit
 .text.USB_GetDevSpeed
                0x08003cec       0x22 build/stm32f4xx_ll_usb.o
                0x08003cec                USB_GetDevSpeed
 .text.USB_ActivateEndpoint
                0x08003d0e       0x9a build/stm32f4xx_ll_usb.o
                0x08003d0e                USB_ActivateEndpoint
 .text.USB_DeactivateEndpoint
                0x08003da8       0xe0 build/stm32f4xx_ll_usb.o
                0x08003da8                USB_DeactivateEndpoint
 .text.USB_EPStopXfer
                0x08003e88       0xbe build/stm32f4xx_ll_usb.o
                0x08003e88                USB_EPStopXfer
 .text.USB_WritePacket
                0x08003f46       0x2e build/stm32f4xx_ll_usb.o
                0x08003f46                USB_WritePacket
 .text.USB_EPStartXfer
                0x08003f74      0x238 build/stm32f4xx_ll_usb.o
                0x08003f74                USB_EPStartXfer
 .text.USB_ReadPacket
                0x080041ac       0x46 build/stm32f4xx_ll_usb.o
                0x080041ac                USB_ReadPacket
 .text.USB_EPSetStall
                0x080041f2       0x5a build/stm32f4xx_ll_usb.o
                0x080041f2                USB_EPSetStall
 .text.USB_EPClearStall
                0x0800424c       0x5c build/stm32f4xx_ll_usb.o
                0x0800424c                USB_EPClearStall
 .text.USB_SetDevAddress
                0x080042a8       0x20 build/stm32f4xx_ll_usb.o
                0x080042a8                USB_SetDevAddress
 .text.USB_DevConnect
                0x080042c8       0x1c build/stm32f4xx_ll_usb.o
                0x080042c8                USB_DevConnect
 .text.USB_DevDisconnect
                0x080042e4       0x1c build/stm32f4xx_ll_usb.o
                0x080042e4                USB_DevDisconnect
 .text.USB_ReadInterrupts
                0x08004300        0x8 build/stm32f4xx_ll_usb.o
                0x08004300                USB_ReadInterrupts
 .text.USB_ReadDevAllOutEpInterrupt
                0x08004308       0x10 build/stm32f4xx_ll_usb.o
                0x08004308                USB_ReadDevAllOutEpInterrupt
 .text.USB_ReadDevAllInEpInterrupt
                0x08004318       0x10 build/stm32f4xx_ll_usb.o
                0x08004318                USB_ReadDevAllInEpInterrupt
 .text.USB_ReadDevOutEPInterrupt
                0x08004328       0x12 build/stm32f4xx_ll_usb.o
                0x08004328                USB_ReadDevOutEPInterrupt
 .text.USB_ReadDevInEPInterrupt
                0x0800433a       0x24 build/stm32f4xx_ll_usb.o
                0x0800433a                USB_ReadDevInEPInterrupt
 .text.USB_GetMode
                0x0800435e        0x8 build/stm32f4xx_ll_usb.o
                0x0800435e                USB_GetMode
 .text.USB_SetCurrentMode
                0x08004366       0x62 build/stm32f4xx_ll_usb.o
                0x08004366                USB_SetCurrentMode
 .text.USB_ActivateSetup
                0x080043c8       0x1c build/stm32f4xx_ll_usb.o
                0x080043c8                USB_ActivateSetup
 .text.USB_EP0_OutStart
                0x080043e4       0x60 build/stm32f4xx_ll_usb.o
                0x080043e4                USB_EP0_OutStart
 .text.USBD_CDC_EP0_RxReady
                0x08004444       0x40 build/usbd_cdc.o
 .text.USBD_CDC_GetDeviceQualifierDescriptor
                0x08004484        0xc build/usbd_cdc.o
                0x08004484                USBD_CDC_GetDeviceQualifierDescriptor
 .text.USBD_CDC_GetOtherSpeedCfgDesc
                0x08004490       0x48 build/usbd_cdc.o
 .text.USBD_CDC_GetFSCfgDesc
                0x080044d8       0x48 build/usbd_cdc.o
 .text.USBD_CDC_GetHSCfgDesc
                0x08004520       0x48 build/usbd_cdc.o
 .text.USBD_CDC_DataOut
                0x08004568       0x38 build/usbd_cdc.o
 .text.USBD_CDC_DataIn
                0x080045a0       0x7c build/usbd_cdc.o
 .text.USBD_CDC_Setup
                0x0800461c      0x11a build/usbd_cdc.o
 .text.USBD_CDC_DeInit
                0x08004736       0x64 build/usbd_cdc.o
 .text.USBD_CDC_Init
                0x0800479a       0xee build/usbd_cdc.o
 .text.USBD_CDC_RegisterInterface
                0x08004888       0x16 build/usbd_cdc.o
                0x08004888                USBD_CDC_RegisterInterface
 .text.USBD_CDC_SetTxBuffer
                0x0800489e       0x1c build/usbd_cdc.o
                0x0800489e                USBD_CDC_SetTxBuffer
 .text.USBD_CDC_SetRxBuffer
                0x080048ba       0x18 build/usbd_cdc.o
                0x080048ba                USBD_CDC_SetRxBuffer
 .text.USBD_CDC_TransmitPacket
                0x080048d2       0x36 build/usbd_cdc.o
                0x080048d2                USBD_CDC_TransmitPacket
 .text.USBD_CDC_ReceivePacket
                0x08004908       0x38 build/usbd_cdc.o
                0x08004908                USBD_CDC_ReceivePacket
 .text.USBD_Init
                0x08004940       0x2e build/usbd_core.o
                0x08004940                USBD_Init
 .text.USBD_RegisterClass
                0x0800496e       0x34 build/usbd_core.o
                0x0800496e                USBD_RegisterClass
 .text.USBD_Start
                0x080049a2        0x8 build/usbd_core.o
                0x080049a2                USBD_Start
 .text.USBD_SetClassConfig
                0x080049aa       0x12 build/usbd_core.o
                0x080049aa                USBD_SetClassConfig
 .text.USBD_ClrClassConfig
                0x080049bc       0x12 build/usbd_core.o
                0x080049bc                USBD_ClrClassConfig
 .text.USBD_LL_SetupStage
                0x080049ce       0x58 build/usbd_core.o
                0x080049ce                USBD_LL_SetupStage
 .text.USBD_LL_Reset
                0x08004a26       0x64 build/usbd_core.o
                0x08004a26                USBD_LL_Reset
 .text.USBD_LL_SetSpeed
                0x08004a8a        0x6 build/usbd_core.o
                0x08004a8a                USBD_LL_SetSpeed
 .text.USBD_LL_Suspend
                0x08004a90       0x1e build/usbd_core.o
                0x08004a90                USBD_LL_Suspend
 .text.USBD_LL_Resume
                0x08004aae       0x1a build/usbd_core.o
                0x08004aae                USBD_LL_Resume
 .text.USBD_LL_SOF
                0x08004ac8       0x22 build/usbd_core.o
                0x08004ac8                USBD_LL_SOF
 .text.USBD_LL_IsoINIncomplete
                0x08004aea       0x2e build/usbd_core.o
                0x08004aea                USBD_LL_IsoINIncomplete
 .text.USBD_LL_IsoOUTIncomplete
                0x08004b18       0x2e build/usbd_core.o
                0x08004b18                USBD_LL_IsoOUTIncomplete
 .text.USBD_LL_DevConnected
                0x08004b46        0x4 build/usbd_core.o
                0x08004b46                USBD_LL_DevConnected
 .text.USBD_LL_DevDisconnected
                0x08004b4a       0x20 build/usbd_core.o
                0x08004b4a                USBD_LL_DevDisconnected
 .text.USBD_CoreFindIF
                0x08004b6a        0x4 build/usbd_core.o
                0x08004b6a                USBD_CoreFindIF
 .text.USBD_CoreFindEP
                0x08004b6e        0x4 build/usbd_core.o
                0x08004b6e                USBD_CoreFindEP
 .text.USBD_LL_DataOutStage
                0x08004b72       0xc4 build/usbd_core.o
                0x08004b72                USBD_LL_DataOutStage
 .text.USBD_LL_DataInStage
                0x08004c36       0xd6 build/usbd_core.o
                0x08004c36                USBD_LL_DataInStage
 .text.USBD_GetNextDesc
                0x08004d0c        0xe build/usbd_core.o
                0x08004d0c                USBD_GetNextDesc
 .text.USBD_GetEpDesc
                0x08004d1a       0x3e build/usbd_core.o
                0x08004d1a                USBD_GetEpDesc
 .text.USBD_GetLen
                0x08004d58       0x14 build/usbd_ctlreq.o
 .text.USBD_ParseSetupRequest
                0x08004d6c       0x28 build/usbd_ctlreq.o
                0x08004d6c                USBD_ParseSetupRequest
 .text.USBD_CtlError
                0x08004d94       0x14 build/usbd_ctlreq.o
                0x08004d94                USBD_CtlError
 .text.USBD_GetDescriptor
                0x08004da8      0x18a build/usbd_ctlreq.o
 .text.USBD_SetAddress
                0x08004f32       0x50 build/usbd_ctlreq.o
 *fill*         0x08004f82        0x2 
 .text.USBD_SetConfig
                0x08004f84       0xcc build/usbd_ctlreq.o
 .text.USBD_GetConfig
                0x08005050       0x40 build/usbd_ctlreq.o
 .text.USBD_GetStatus
                0x08005090       0x38 build/usbd_ctlreq.o
 .text.USBD_SetFeature
                0x080050c8       0x2a build/usbd_ctlreq.o
 .text.USBD_ClrFeature
                0x080050f2       0x26 build/usbd_ctlreq.o
 .text.USBD_StdDevReq
                0x08005118       0x76 build/usbd_ctlreq.o
                0x08005118                USBD_StdDevReq
 .text.USBD_StdItfReq
                0x0800518e       0x84 build/usbd_ctlreq.o
                0x0800518e                USBD_StdItfReq
 .text.USBD_StdEPReq
                0x08005212      0x230 build/usbd_ctlreq.o
                0x08005212                USBD_StdEPReq
 .text.USBD_GetString
                0x08005442       0x3a build/usbd_ctlreq.o
                0x08005442                USBD_GetString
 .text.USBD_CtlSendData
                0x0800547c       0x1a build/usbd_ioreq.o
                0x0800547c                USBD_CtlSendData
 .text.USBD_CtlContinueSendData
                0x08005496       0x10 build/usbd_ioreq.o
                0x08005496                USBD_CtlContinueSendData
 .text.USBD_CtlPrepareRx
                0x080054a6       0x1e build/usbd_ioreq.o
                0x080054a6                USBD_CtlPrepareRx
 .text.USBD_CtlContinueRx
                0x080054c4       0x10 build/usbd_ioreq.o
                0x080054c4                USBD_CtlContinueRx
 .text.USBD_CtlSendStatus
                0x080054d4       0x16 build/usbd_ioreq.o
                0x080054d4                USBD_CtlSendStatus
 .text.USBD_CtlReceiveStatus
                0x080054ea       0x16 build/usbd_ioreq.o
                0x080054ea                USBD_CtlReceiveStatus
 .text.MX_USB_DEVICE_Init
                0x08005500       0x54 build/usb_device.o
                0x08005500                MX_USB_DEVICE_Init
 .text.CDC_DeInit_FS
                0x08005554        0x4 build/usbd_cdc_if.o
 .text.CDC_Control_FS
                0x08005558        0x4 build/usbd_cdc_if.o
 .text.CDC_TransmitCplt_FS
                0x0800555c        0x4 build/usbd_cdc_if.o
 .text.CDC_Receive_FS
                0x08005560       0x1c build/usbd_cdc_if.o
 .text.CDC_Init_FS
                0x0800557c       0x28 build/usbd_cdc_if.o
 .text.CDC_Transmit_FS
                0x080055a4       0x2c build/usbd_cdc_if.o
                0x080055a4                CDC_Transmit_FS
 .text.USBD_FS_DeviceDescriptor
                0x080055d0        0xc build/usbd_desc.o
                0x080055d0                USBD_FS_DeviceDescriptor
 .text.USBD_FS_LangIDStrDescriptor
                0x080055dc        0xc build/usbd_desc.o
                0x080055dc                USBD_FS_LangIDStrDescriptor
 .text.IntToUnicode
                0x080055e8       0x46 build/usbd_desc.o
 *fill*         0x0800562e        0x2 
 .text.Get_SerialNum
                0x08005630       0x38 build/usbd_desc.o
 .text.USBD_FS_SerialStrDescriptor
                0x08005668       0x14 build/usbd_desc.o
                0x08005668                USBD_FS_SerialStrDescriptor
 .text.USBD_FS_ProductStrDescriptor
                0x0800567c       0x24 build/usbd_desc.o
                0x0800567c                USBD_FS_ProductStrDescriptor
 .text.USBD_FS_ManufacturerStrDescriptor
                0x080056a0       0x1c build/usbd_desc.o
                0x080056a0                USBD_FS_ManufacturerStrDescriptor
 .text.USBD_FS_ConfigStrDescriptor
                0x080056bc       0x24 build/usbd_desc.o
                0x080056bc                USBD_FS_ConfigStrDescriptor
 .text.USBD_FS_InterfaceStrDescriptor
                0x080056e0       0x24 build/usbd_desc.o
                0x080056e0                USBD_FS_InterfaceStrDescriptor
 .text.HAL_PCD_MspInit
                0x08005704       0x94 build/usbd_conf.o
                0x08005704                HAL_PCD_MspInit
 .text.HAL_PCD_SetupStageCallback
                0x08005798       0x10 build/usbd_conf.o
                0x08005798                HAL_PCD_SetupStageCallback
 .text.HAL_PCD_DataOutStageCallback
                0x080057a8       0x18 build/usbd_conf.o
                0x080057a8                HAL_PCD_DataOutStageCallback
 .text.HAL_PCD_DataInStageCallback
                0x080057c0       0x16 build/usbd_conf.o
                0x080057c0                HAL_PCD_DataInStageCallback
 .text.HAL_PCD_SOFCallback
                0x080057d6        0xc build/usbd_conf.o
                0x080057d6                HAL_PCD_SOFCallback
 .text.HAL_PCD_ResetCallback
                0x080057e2       0x28 build/usbd_conf.o
                0x080057e2                HAL_PCD_ResetCallback
 *fill*         0x0800580a        0x2 
 .text.HAL_PCD_SuspendCallback
                0x0800580c       0x30 build/usbd_conf.o
                0x0800580c                HAL_PCD_SuspendCallback
 .text.HAL_PCD_ResumeCallback
                0x0800583c        0xc build/usbd_conf.o
                0x0800583c                HAL_PCD_ResumeCallback
 .text.HAL_PCD_ISOOUTIncompleteCallback
                0x08005848        0xc build/usbd_conf.o
                0x08005848                HAL_PCD_ISOOUTIncompleteCallback
 .text.HAL_PCD_ISOINIncompleteCallback
                0x08005854        0xc build/usbd_conf.o
                0x08005854                HAL_PCD_ISOINIncompleteCallback
 .text.HAL_PCD_ConnectCallback
                0x08005860        0xc build/usbd_conf.o
                0x08005860                HAL_PCD_ConnectCallback
 .text.HAL_PCD_DisconnectCallback
                0x0800586c        0xc build/usbd_conf.o
                0x0800586c                HAL_PCD_DisconnectCallback
 .text.USBD_LL_Init
                0x08005878       0x68 build/usbd_conf.o
                0x08005878                USBD_LL_Init
 .text.USBD_LL_IsStallEP
                0x080058e0       0x2c build/usbd_conf.o
                0x080058e0                USBD_LL_IsStallEP
 .text.USBD_LL_GetRxDataSize
                0x0800590c        0xc build/usbd_conf.o
                0x0800590c                USBD_LL_GetRxDataSize
 .text.USBD_static_malloc
                0x08005918        0x8 build/usbd_conf.o
                0x08005918                USBD_static_malloc
 .text.USBD_static_free
                0x08005920        0x2 build/usbd_conf.o
                0x08005920                USBD_static_free
 .text.USBD_Get_USB_Status
                0x08005922       0x14 build/usbd_conf.o
                0x08005922                USBD_Get_USB_Status
 .text.USBD_LL_Start
                0x08005936       0x10 build/usbd_conf.o
                0x08005936                USBD_LL_Start
 .text.USBD_LL_OpenEP
                0x08005946       0x16 build/usbd_conf.o
                0x08005946                USBD_LL_OpenEP
 .text.USBD_LL_CloseEP
                0x0800595c       0x10 build/usbd_conf.o
                0x0800595c                USBD_LL_CloseEP
 .text.USBD_LL_StallEP
                0x0800596c       0x10 build/usbd_conf.o
                0x0800596c                USBD_LL_StallEP
 .text.USBD_LL_ClearStallEP
                0x0800597c       0x10 build/usbd_conf.o
                0x0800597c                USBD_LL_ClearStallEP
 .text.USBD_LL_SetUSBAddress
                0x0800598c       0x10 build/usbd_conf.o
                0x0800598c                USBD_LL_SetUSBAddress
 .text.USBD_LL_Transmit
                0x0800599c       0x10 build/usbd_conf.o
                0x0800599c                USBD_LL_Transmit
 .text.USBD_LL_PrepareReceive
                0x080059ac       0x10 build/usbd_conf.o
                0x080059ac                USBD_LL_PrepareReceive
 .text.Reset_Handler
                0x080059bc       0x50 build/startup_stm32f407xx.o
                0x080059bc                Reset_Handler
 .text.Default_Handler
                0x08005a0c        0x2 build/startup_stm32f407xx.o
                0x08005a0c                RTC_Alarm_IRQHandler
                0x08005a0c                HASH_RNG_IRQHandler
                0x08005a0c                EXTI2_IRQHandler
                0x08005a0c                TIM8_CC_IRQHandler
                0x08005a0c                TIM1_CC_IRQHandler
                0x08005a0c                DMA2_Stream5_IRQHandler
                0x08005a0c                DMA1_Stream5_IRQHandler
                0x08005a0c                PVD_IRQHandler
                0x08005a0c                SDIO_IRQHandler
                0x08005a0c                TAMP_STAMP_IRQHandler
                0x08005a0c                CAN2_RX1_IRQHandler
                0x08005a0c                EXTI3_IRQHandler
                0x08005a0c                TIM8_TRG_COM_TIM14_IRQHandler
                0x08005a0c                TIM8_UP_TIM13_IRQHandler
                0x08005a0c                I2C3_ER_IRQHandler
                0x08005a0c                EXTI0_IRQHandler
                0x08005a0c                I2C2_EV_IRQHandler
                0x08005a0c                DMA1_Stream2_IRQHandler
                0x08005a0c                CAN1_RX0_IRQHandler
                0x08005a0c                FPU_IRQHandler
                0x08005a0c                OTG_HS_WKUP_IRQHandler
                0x08005a0c                CAN2_SCE_IRQHandler
                0x08005a0c                DMA2_Stream2_IRQHandler
                0x08005a0c                SPI1_IRQHandler
                0x08005a0c                TIM6_DAC_IRQHandler
                0x08005a0c                TIM1_BRK_TIM9_IRQHandler
                0x08005a0c                DCMI_IRQHandler
                0x08005a0c                CAN2_RX0_IRQHandler
                0x08005a0c                DMA2_Stream3_IRQHandler
                0x08005a0c                USART6_IRQHandler
                0x08005a0c                USART3_IRQHandler
                0x08005a0c                CAN1_RX1_IRQHandler
                0x08005a0c                UART5_IRQHandler
                0x08005a0c                DMA2_Stream0_IRQHandler
                0x08005a0c                TIM4_IRQHandler
                0x08005a0c                I2C1_EV_IRQHandler
                0x08005a0c                DMA1_Stream6_IRQHandler
                0x08005a0c                DMA1_Stream1_IRQHandler
                0x08005a0c                UART4_IRQHandler
                0x08005a0c                TIM3_IRQHandler
                0x08005a0c                RCC_IRQHandler
                0x08005a0c                TIM8_BRK_TIM12_IRQHandler
                0x08005a0c                Default_Handler
                0x08005a0c                EXTI15_10_IRQHandler
                0x08005a0c                ADC_IRQHandler
                0x08005a0c                DMA1_Stream7_IRQHandler
                0x08005a0c                TIM7_IRQHandler
                0x08005a0c                CAN2_TX_IRQHandler
                0x08005a0c                TIM5_IRQHandler
                0x08005a0c                DMA2_Stream7_IRQHandler
                0x08005a0c                I2C3_EV_IRQHandler
                0x08005a0c                EXTI9_5_IRQHandler
                0x08005a0c                RTC_WKUP_IRQHandler
                0x08005a0c                ETH_WKUP_IRQHandler
                0x08005a0c                SPI2_IRQHandler
                0x08005a0c                OTG_HS_EP1_IN_IRQHandler
                0x08005a0c                DMA1_Stream0_IRQHandler
                0x08005a0c                CAN1_TX_IRQHandler
                0x08005a0c                EXTI4_IRQHandler
                0x08005a0c                FSMC_IRQHandler
                0x08005a0c                ETH_IRQHandler
                0x08005a0c                OTG_HS_EP1_OUT_IRQHandler
                0x08005a0c                WWDG_IRQHandler
                0x08005a0c                TIM2_IRQHandler
                0x08005a0c                OTG_FS_WKUP_IRQHandler
                0x08005a0c                TIM1_TRG_COM_TIM11_IRQHandler
                0x08005a0c                OTG_HS_IRQHandler
                0x08005a0c                EXTI1_IRQHandler
                0x08005a0c                USART2_IRQHandler
                0x08005a0c                I2C2_ER_IRQHandler
                0x08005a0c                DMA2_Stream1_IRQHandler
                0x08005a0c                CAN1_SCE_IRQHandler
                0x08005a0c                FLASH_IRQHandler
                0x08005a0c                DMA2_Stream4_IRQHandler
                0x08005a0c                USART1_IRQHandler
                0x08005a0c                SPI3_IRQHandler
                0x08005a0c                DMA1_Stream4_IRQHandler
                0x08005a0c                I2C1_ER_IRQHandler
                0x08005a0c                DMA2_Stream6_IRQHandler
 .text.memset   0x08005a0e       0x10 c:/Users/gamin/AppData/Roaming/Code/User/globalStorage/bmd.stm32-for-vscode/@xpack-dev-tools/arm-none-eabi-gcc/13.2.1-1.1.1/.content/bin/../lib/gcc/arm-none-eabi/13.2.1/../../../../arm-none-eabi/lib/thumb/v7e-m+fp/hard\libc_nano.a(libc_a-memset.o)
                0x08005a0e                memset
 *fill*         0x08005a1e        0x2 
 .text.__libc_init_array
                0x08005a20       0x48 c:/Users/gamin/AppData/Roaming/Code/User/globalStorage/bmd.stm32-for-vscode/@xpack-dev-tools/arm-none-eabi-gcc/13.2.1-1.1.1/.content/bin/../lib/gcc/arm-none-eabi/13.2.1/../../../../arm-none-eabi/lib/thumb/v7e-m+fp/hard\libc_nano.a(libc_a-init.o)
                0x08005a20                __libc_init_array
 .text.__udivmoddi4
                0x08005a68      0x2bc c:/Users/gamin/AppData/Roaming/Code/User/globalStorage/bmd.stm32-for-vscode/@xpack-dev-tools/arm-none-eabi-gcc/13.2.1-1.1.1/.content/bin/../lib/gcc/arm-none-eabi/13.2.1/thumb/v7e-m+fp/hard\libgcc.a(_udivmoddi4.o)
                0x08005a68                __udivmoddi4
 *(.glue_7)
 .glue_7        0x08005d24        0x0 linker stubs
 *(.glue_7t)
 .glue_7t       0x08005d24        0x0 linker stubs
 *(.eh_frame)
 .eh_frame      0x08005d24        0x0 c:/Users/gamin/AppData/Roaming/Code/User/globalStorage/bmd.stm32-for-vscode/@xpack-dev-tools/arm-none-eabi-gcc/13.2.1-1.1.1/.content/bin/../lib/gcc/arm-none-eabi/13.2.1/thumb/v7e-m+fp/hard/crtbegin.o
 *(.init)
 .init          0x08005d24        0x4 c:/Users/gamin/AppData/Roaming/Code/User/globalStorage/bmd.stm32-for-vscode/@xpack-dev-tools/arm-none-eabi-gcc/13.2.1-1.1.1/.content/bin/../lib/gcc/arm-none-eabi/13.2.1/thumb/v7e-m+fp/hard/crti.o
                0x08005d24                _init
 .init          0x08005d28        0x8 c:/Users/gamin/AppData/Roaming/Code/User/globalStorage/bmd.stm32-for-vscode/@xpack-dev-tools/arm-none-eabi-gcc/13.2.1-1.1.1/.content/bin/../lib/gcc/arm-none-eabi/13.2.1/thumb/v7e-m+fp/hard/crtn.o
 *(.fini)
 .fini          0x08005d30        0x4 c:/Users/gamin/AppData/Roaming/Code/User/globalStorage/bmd.stm32-for-vscode/@xpack-dev-tools/arm-none-eabi-gcc/13.2.1-1.1.1/.content/bin/../lib/gcc/arm-none-eabi/13.2.1/thumb/v7e-m+fp/hard/crti.o
                0x08005d30                _fini
 .fini          0x08005d34        0x8 c:/Users/gamin/AppData/Roaming/Code/User/globalStorage/bmd.stm32-for-vscode/@xpack-dev-tools/arm-none-eabi-gcc/13.2.1-1.1.1/.content/bin/../lib/gcc/arm-none-eabi/13.2.1/thumb/v7e-m+fp/hard/crtn.o
                0x08005d3c                        . = ALIGN (0x4)
                0x08005d3c                        _etext = .

.vfp11_veneer   0x08005d3c        0x0
 .vfp11_veneer  0x08005d3c        0x0 linker stubs

.v4_bx          0x08005d3c        0x0
 .v4_bx         0x08005d3c        0x0 linker stubs

.iplt           0x08005d3c        0x0
 .iplt          0x08005d3c        0x0 c:/Users/gamin/AppData/Roaming/Code/User/globalStorage/bmd.stm32-for-vscode/@xpack-dev-tools/arm-none-eabi-gcc/13.2.1-1.1.1/.content/bin/../lib/gcc/arm-none-eabi/13.2.1/thumb/v7e-m+fp/hard/crtbegin.o

.rodata         0x08005d3c       0x68
                0x08005d3c                        . = ALIGN (0x4)
 *(.rodata)
 *(.rodata*)
 .rodata.APBPrescTable
                0x08005d3c        0x8 build/system_stm32f4xx.o
                0x08005d3c                APBPrescTable
 .rodata.AHBPrescTable
                0x08005d44       0x10 build/system_stm32f4xx.o
                0x08005d44                AHBPrescTable
 .rodata.flagBitshiftOffset.0
                0x08005d54        0x8 build/stm32f4xx_hal_dma.o
 .rodata.USBD_FS_ProductStrDescriptor.str1.4
                0x08005d5c       0x46 build/usbd_desc.o
                                 0x16 (size before relaxing)
 .rodata.USBD_FS_ManufacturerStrDescriptor.str1.4
                0x08005da2       0x13 build/usbd_desc.o
 .rodata.USBD_FS_ConfigStrDescriptor.str1.4
                0x08005da2        0xb build/usbd_desc.o
 .rodata.USBD_FS_InterfaceStrDescriptor.str1.4
                0x08005da2        0xe build/usbd_desc.o
                0x08005db8                        . = ALIGN (0x4)
 *fill*         0x08005da2        0x2 

.ARM.extab
 *(.ARM.extab* .gnu.linkonce.armextab.*)

.ARM            0x08005da4        0x8
                0x08005da4                        __exidx_start = .
 *(.ARM.exidx*)
 .ARM.exidx.text.__udivmoddi4
                0x08005da4        0x8 c:/Users/gamin/AppData/Roaming/Code/User/globalStorage/bmd.stm32-for-vscode/@xpack-dev-tools/arm-none-eabi-gcc/13.2.1-1.1.1/.content/bin/../lib/gcc/arm-none-eabi/13.2.1/thumb/v7e-m+fp/hard\libgcc.a(_udivmoddi4.o)
                0x08005dac                        __exidx_end = .

.rel.dyn        0x08005dac        0x0
 .rel.iplt      0x08005dac        0x0 c:/Users/gamin/AppData/Roaming/Code/User/globalStorage/bmd.stm32-for-vscode/@xpack-dev-tools/arm-none-eabi-gcc/13.2.1-1.1.1/.content/bin/../lib/gcc/arm-none-eabi/13.2.1/thumb/v7e-m+fp/hard/crtbegin.o

.preinit_array  0x08005dac        0x0
                0x08005dac                        PROVIDE (__preinit_array_start = .)
 *(.preinit_array*)
                0x08005dac                        PROVIDE (__preinit_array_end = .)

.init_array     0x08005dac        0x4
                0x08005dac                        PROVIDE (__init_array_start = .)
 *(SORT_BY_NAME(.init_array.*))
 *(.init_array*)
 .init_array    0x08005dac        0x4 c:/Users/gamin/AppData/Roaming/Code/User/globalStorage/bmd.stm32-for-vscode/@xpack-dev-tools/arm-none-eabi-gcc/13.2.1-1.1.1/.content/bin/../lib/gcc/arm-none-eabi/13.2.1/thumb/v7e-m+fp/hard/crtbegin.o
                0x08005db0                        PROVIDE (__init_array_end = .)

.fini_array     0x08005db0        0x4
                0x08005db0                        PROVIDE (__fini_array_start = .)
 *(SORT_BY_NAME(.fini_array.*))
 *(.fini_array*)
 .fini_array    0x08005db0        0x4 c:/Users/gamin/AppData/Roaming/Code/User/globalStorage/bmd.stm32-for-vscode/@xpack-dev-tools/arm-none-eabi-gcc/13.2.1-1.1.1/.content/bin/../lib/gcc/arm-none-eabi/13.2.1/thumb/v7e-m+fp/hard/crtbegin.o
                0x08005db4                        PROVIDE (__fini_array_end = .)
                0x08005db4                        _sidata = LOADADDR (.data)

.data           0x20000000       0xf8 load address 0x08005db4
                0x20000000                        . = ALIGN (0x4)
                0x20000000                        _sdata = .
 *(.data)
 *(.data*)
 .data.SystemCoreClock
                0x20000000        0x4 build/system_stm32f4xx.o
                0x20000000                SystemCoreClock
 .data.uwTickFreq
                0x20000004        0x1 build/stm32f4xx_hal.o
                0x20000004                uwTickFreq
 *fill*         0x20000005        0x3 
 .data.uwTickPrio
                0x20000008        0x4 build/stm32f4xx_hal.o
                0x20000008                uwTickPrio
 .data.USBD_CDC_CfgDesc
                0x2000000c       0x43 build/usbd_cdc.o
 *fill*         0x2000004f        0x1 
 .data.USBD_CDC
                0x20000050       0x38 build/usbd_cdc.o
                0x20000050                USBD_CDC
 .data.USBD_CDC_DeviceQualifierDesc
                0x20000088        0xa build/usbd_cdc.o
 *fill*         0x20000092        0x2 
 .data.USBD_Interface_fops_FS
                0x20000094       0x14 build/usbd_cdc_if.o
                0x20000094                USBD_Interface_fops_FS
 .data.USBD_StringSerial
                0x200000a8       0x1a build/usbd_desc.o
                0x200000a8                USBD_StringSerial
 *fill*         0x200000c2        0x2 
 .data.USBD_LangIDDesc
                0x200000c4        0x4 build/usbd_desc.o
                0x200000c4                USBD_LangIDDesc
 .data.USBD_FS_DeviceDesc
                0x200000c8       0x12 build/usbd_desc.o
                0x200000c8                USBD_FS_DeviceDesc
 *fill*         0x200000da        0x2 
 .data.FS_Desc  0x200000dc       0x1c build/usbd_desc.o
                0x200000dc                FS_Desc
                0x200000f8                        . = ALIGN (0x4)
                0x200000f8                        _edata = .
                0x08005eac                        _siccmram = LOADADDR (.ccmram)

.igot.plt       0x200000f8        0x0 load address 0x08005eac
 .igot.plt      0x200000f8        0x0 c:/Users/gamin/AppData/Roaming/Code/User/globalStorage/bmd.stm32-for-vscode/@xpack-dev-tools/arm-none-eabi-gcc/13.2.1-1.1.1/.content/bin/../lib/gcc/arm-none-eabi/13.2.1/thumb/v7e-m+fp/hard/crtbegin.o

.ccmram         0x10000000        0x0 load address 0x08005eac
                0x10000000                        . = ALIGN (0x4)
                0x10000000                        _sccmram = .
 *(.ccmram)
 *(.ccmram*)
                0x10000000                        . = ALIGN (0x4)
                0x10000000                        _eccmram = .
                0x10000000                        . = ALIGN (0x4)

.bss            0x200000f8     0x1e10
                0x200000f8                        _sbss = .
                0x200000f8                        __bss_start__ = _sbss
 *(.bss)
 *(.bss*)
 .bss.completed.1
                0x200000f8        0x1 c:/Users/gamin/AppData/Roaming/Code/User/globalStorage/bmd.stm32-for-vscode/@xpack-dev-tools/arm-none-eabi-gcc/13.2.1-1.1.1/.content/bin/../lib/gcc/arm-none-eabi/13.2.1/thumb/v7e-m+fp/hard/crtbegin.o
 *fill*         0x200000f9        0x3 
 .bss.object.0  0x200000fc       0x18 c:/Users/gamin/AppData/Roaming/Code/User/globalStorage/bmd.stm32-for-vscode/@xpack-dev-tools/arm-none-eabi-gcc/13.2.1-1.1.1/.content/bin/../lib/gcc/arm-none-eabi/13.2.1/thumb/v7e-m+fp/hard/crtbegin.o
 .bss.counter   0x20000114        0x1 build/main.o
 *fill*         0x20000115        0x3 
 .bss.adcData   0x20000118        0x1 build/main.o
 *fill*         0x20000119        0x3 
 .bss.adc       0x2000011c       0x10 build/main.o
 .bss.htim1     0x2000012c       0x48 build/main.o
                0x2000012c                htim1
 .bss.hdma_spi2_rx
                0x20000174       0x60 build/main.o
                0x20000174                hdma_spi2_rx
 .bss.hspi2     0x200001d4       0x58 build/main.o
                0x200001d4                hspi2
 .bss.hspi1     0x2000022c       0x58 build/main.o
                0x2000022c                hspi1
 .bss.hi2s3     0x20000284       0x48 build/main.o
                0x20000284                hi2s3
 .bss.hi2c1     0x200002cc       0x54 build/main.o
                0x200002cc                hi2c1
 .bss.uwTick    0x20000320        0x4 build/stm32f4xx_hal.o
                0x20000320                uwTick
 .bss.cfgidx.0  0x20000324        0x1 build/usbd_ctlreq.o
 *fill*         0x20000325        0x3 
 .bss.hUsbDeviceFS
                0x20000328      0x2dc build/usb_device.o
                0x20000328                hUsbDeviceFS
 .bss.UserTxBufferFS
                0x20000604      0x800 build/usbd_cdc_if.o
                0x20000604                UserTxBufferFS
 .bss.UserRxBufferFS
                0x20000e04      0x800 build/usbd_cdc_if.o
                0x20000e04                UserRxBufferFS
 .bss.USBD_StrDesc
                0x20001604      0x200 build/usbd_desc.o
                0x20001604                USBD_StrDesc
 .bss.mem.0     0x20001804      0x220 build/usbd_conf.o
 .bss.hpcd_USB_OTG_FS
                0x20001a24      0x4e4 build/usbd_conf.o
                0x20001a24                hpcd_USB_OTG_FS
 *(COMMON)
                0x20001f08                        . = ALIGN (0x4)
                0x20001f08                        _ebss = .
                0x20001f08                        __bss_end__ = _ebss

._user_heap_stack
                0x20001f08      0x600
                0x20001f08                        . = ALIGN (0x8)
                0x20001f08                        PROVIDE (end = .)
                [!provide]                        PROVIDE (_end = .)
                0x20002108                        . = (. + _Min_Heap_Size)
 *fill*         0x20001f08      0x200 
                0x20002508                        . = (. + _Min_Stack_Size)
 *fill*         0x20002108      0x400 
                0x20002508                        . = ALIGN (0x8)

/DISCARD/
 libc.a(*)
 libm.a(*)
 libgcc.a(*)

.ARM.attributes
                0x00000000       0x30
 *(.ARM.attributes)
 .ARM.attributes
                0x00000000       0x22 c:/Users/gamin/AppData/Roaming/Code/User/globalStorage/bmd.stm32-for-vscode/@xpack-dev-tools/arm-none-eabi-gcc/13.2.1-1.1.1/.content/bin/../lib/gcc/arm-none-eabi/13.2.1/thumb/v7e-m+fp/hard/crti.o
 .ARM.attributes
                0x00000022       0x34 c:/Users/gamin/AppData/Roaming/Code/User/globalStorage/bmd.stm32-for-vscode/@xpack-dev-tools/arm-none-eabi-gcc/13.2.1-1.1.1/.content/bin/../lib/gcc/arm-none-eabi/13.2.1/thumb/v7e-m+fp/hard/crtbegin.o
 .ARM.attributes
                0x00000056       0x34 build/MCP3914.o
 .ARM.attributes
                0x0000008a       0x34 build/main.o
 .ARM.attributes
                0x000000be       0x34 build/stm32f4xx_hal_msp.o
 .ARM.attributes
                0x000000f2       0x34 build/stm32f4xx_it.o
 .ARM.attributes
                0x00000126       0x34 build/system_stm32f4xx.o
 .ARM.attributes
                0x0000015a       0x34 build/stm32f4xx_hal.o
 .ARM.attributes
                0x0000018e       0x34 build/stm32f4xx_hal_cortex.o
 .ARM.attributes
                0x000001c2       0x34 build/stm32f4xx_hal_dma.o
 .ARM.attributes
                0x000001f6       0x34 build/stm32f4xx_hal_gpio.o
 .ARM.attributes
                0x0000022a       0x34 build/stm32f4xx_hal_i2c.o
 .ARM.attributes
                0x0000025e       0x34 build/stm32f4xx_hal_i2s.o
 .ARM.attributes
                0x00000292       0x34 build/stm32f4xx_hal_i2s_ex.o
 .ARM.attributes
                0x000002c6       0x34 build/stm32f4xx_hal_pcd.o
 .ARM.attributes
                0x000002fa       0x34 build/stm32f4xx_hal_pcd_ex.o
 .ARM.attributes
                0x0000032e       0x34 build/stm32f4xx_hal_rcc.o
 .ARM.attributes
                0x00000362       0x34 build/stm32f4xx_hal_rcc_ex.o
 .ARM.attributes
                0x00000396       0x34 build/stm32f4xx_hal_spi.o
 .ARM.attributes
                0x000003ca       0x34 build/stm32f4xx_hal_tim.o
 .ARM.attributes
                0x000003fe       0x34 build/stm32f4xx_hal_tim_ex.o
 .ARM.attributes
                0x00000432       0x34 build/stm32f4xx_ll_usb.o
 .ARM.attributes
                0x00000466       0x34 build/usbd_cdc.o
 .ARM.attributes
                0x0000049a       0x34 build/usbd_core.o
 .ARM.attributes
                0x000004ce       0x34 build/usbd_ctlreq.o
 .ARM.attributes
                0x00000502       0x34 build/usbd_ioreq.o
 .ARM.attributes
                0x00000536       0x34 build/usb_device.o
 .ARM.attributes
                0x0000056a       0x34 build/usbd_cdc_if.o
 .ARM.attributes
                0x0000059e       0x34 build/usbd_desc.o
 .ARM.attributes
                0x000005d2       0x34 build/usbd_conf.o
 .ARM.attributes
                0x00000606       0x21 build/startup_stm32f407xx.o
 .ARM.attributes
                0x00000627       0x34 c:/Users/gamin/AppData/Roaming/Code/User/globalStorage/bmd.stm32-for-vscode/@xpack-dev-tools/arm-none-eabi-gcc/13.2.1-1.1.1/.content/bin/../lib/gcc/arm-none-eabi/13.2.1/../../../../arm-none-eabi/lib/thumb/v7e-m+fp/hard\libc_nano.a(libc_a-memset.o)
 .ARM.attributes
                0x0000065b       0x34 c:/Users/gamin/AppData/Roaming/Code/User/globalStorage/bmd.stm32-for-vscode/@xpack-dev-tools/arm-none-eabi-gcc/13.2.1-1.1.1/.content/bin/../lib/gcc/arm-none-eabi/13.2.1/../../../../arm-none-eabi/lib/thumb/v7e-m+fp/hard\libc_nano.a(libc_a-init.o)
 .ARM.attributes
                0x0000068f       0x22 c:/Users/gamin/AppData/Roaming/Code/User/globalStorage/bmd.stm32-for-vscode/@xpack-dev-tools/arm-none-eabi-gcc/13.2.1-1.1.1/.content/bin/../lib/gcc/arm-none-eabi/13.2.1/thumb/v7e-m+fp/hard\libgcc.a(_aeabi_uldivmod.o)
 .ARM.attributes
                0x000006b1       0x34 c:/Users/gamin/AppData/Roaming/Code/User/globalStorage/bmd.stm32-for-vscode/@xpack-dev-tools/arm-none-eabi-gcc/13.2.1-1.1.1/.content/bin/../lib/gcc/arm-none-eabi/13.2.1/thumb/v7e-m+fp/hard\libgcc.a(_udivmoddi4.o)
 .ARM.attributes
                0x000006e5       0x22 c:/Users/gamin/AppData/Roaming/Code/User/globalStorage/bmd.stm32-for-vscode/@xpack-dev-tools/arm-none-eabi-gcc/13.2.1-1.1.1/.content/bin/../lib/gcc/arm-none-eabi/13.2.1/thumb/v7e-m+fp/hard\libgcc.a(_dvmd_tls.o)
 .ARM.attributes
                0x00000707       0x22 c:/Users/gamin/AppData/Roaming/Code/User/globalStorage/bmd.stm32-for-vscode/@xpack-dev-tools/arm-none-eabi-gcc/13.2.1-1.1.1/.content/bin/../lib/gcc/arm-none-eabi/13.2.1/thumb/v7e-m+fp/hard/crtn.o
OUTPUT(build/STM32F4_MCP3914_USB.elf elf32-littlearm)
LOAD linker stubs
LOAD c:/Users/gamin/AppData/Roaming/Code/User/globalStorage/bmd.stm32-for-vscode/@xpack-dev-tools/arm-none-eabi-gcc/13.2.1-1.1.1/.content/bin/../lib/gcc/arm-none-eabi/13.2.1/../../../../arm-none-eabi/lib/thumb/v7e-m+fp/hard\libc.a
LOAD c:/Users/gamin/AppData/Roaming/Code/User/globalStorage/bmd.stm32-for-vscode/@xpack-dev-tools/arm-none-eabi-gcc/13.2.1-1.1.1/.content/bin/../lib/gcc/arm-none-eabi/13.2.1/../../../../arm-none-eabi/lib/thumb/v7e-m+fp/hard\libm.a
LOAD c:/Users/gamin/AppData/Roaming/Code/User/globalStorage/bmd.stm32-for-vscode/@xpack-dev-tools/arm-none-eabi-gcc/13.2.1-1.1.1/.content/bin/../lib/gcc/arm-none-eabi/13.2.1/thumb/v7e-m+fp/hard\libgcc.a

.comment        0x00000000       0x39
 .comment       0x00000000       0x39 c:/Users/gamin/AppData/Roaming/Code/User/globalStorage/bmd.stm32-for-vscode/@xpack-dev-tools/arm-none-eabi-gcc/13.2.1-1.1.1/.content/bin/../lib/gcc/arm-none-eabi/13.2.1/thumb/v7e-m+fp/hard/crtbegin.o
                                 0x3a (size before relaxing)
 .comment       0x00000039       0x3a build/MCP3914.o
 .comment       0x00000039       0x3a build/main.o
 .comment       0x00000039       0x3a build/stm32f4xx_hal_msp.o
 .comment       0x00000039       0x3a build/stm32f4xx_it.o
 .comment       0x00000039       0x3a build/system_stm32f4xx.o
 .comment       0x00000039       0x3a build/stm32f4xx_hal.o
 .comment       0x00000039       0x3a build/stm32f4xx_hal_cortex.o
 .comment       0x00000039       0x3a build/stm32f4xx_hal_dma.o
 .comment       0x00000039       0x3a build/stm32f4xx_hal_gpio.o
 .comment       0x00000039       0x3a build/stm32f4xx_hal_i2c.o
 .comment       0x00000039       0x3a build/stm32f4xx_hal_i2s.o
 .comment       0x00000039       0x3a build/stm32f4xx_hal_i2s_ex.o
 .comment       0x00000039       0x3a build/stm32f4xx_hal_pcd.o
 .comment       0x00000039       0x3a build/stm32f4xx_hal_pcd_ex.o
 .comment       0x00000039       0x3a build/stm32f4xx_hal_rcc.o
 .comment       0x00000039       0x3a build/stm32f4xx_hal_rcc_ex.o
 .comment       0x00000039       0x3a build/stm32f4xx_hal_spi.o
 .comment       0x00000039       0x3a build/stm32f4xx_hal_tim.o
 .comment       0x00000039       0x3a build/stm32f4xx_hal_tim_ex.o
 .comment       0x00000039       0x3a build/stm32f4xx_ll_usb.o
 .comment       0x00000039       0x3a build/usbd_cdc.o
 .comment       0x00000039       0x3a build/usbd_core.o
 .comment       0x00000039       0x3a build/usbd_ctlreq.o
 .comment       0x00000039       0x3a build/usbd_ioreq.o
 .comment       0x00000039       0x3a build/usb_device.o
 .comment       0x00000039       0x3a build/usbd_cdc_if.o
 .comment       0x00000039       0x3a build/usbd_desc.o
 .comment       0x00000039       0x3a build/usbd_conf.o
 .comment       0x00000039       0x3a c:/Users/gamin/AppData/Roaming/Code/User/globalStorage/bmd.stm32-for-vscode/@xpack-dev-tools/arm-none-eabi-gcc/13.2.1-1.1.1/.content/bin/../lib/gcc/arm-none-eabi/13.2.1/../../../../arm-none-eabi/lib/thumb/v7e-m+fp/hard\libc_nano.a(libc_a-memset.o)
 .comment       0x00000039       0x3a c:/Users/gamin/AppData/Roaming/Code/User/globalStorage/bmd.stm32-for-vscode/@xpack-dev-tools/arm-none-eabi-gcc/13.2.1-1.1.1/.content/bin/../lib/gcc/arm-none-eabi/13.2.1/../../../../arm-none-eabi/lib/thumb/v7e-m+fp/hard\libc_nano.a(libc_a-init.o)
 .comment       0x00000039       0x3a c:/Users/gamin/AppData/Roaming/Code/User/globalStorage/bmd.stm32-for-vscode/@xpack-dev-tools/arm-none-eabi-gcc/13.2.1-1.1.1/.content/bin/../lib/gcc/arm-none-eabi/13.2.1/thumb/v7e-m+fp/hard\libgcc.a(_udivmoddi4.o)

.debug_info     0x00000000    0x220d3
 .debug_info    0x00000000      0x946 build/MCP3914.o
 .debug_info    0x00000946     0x1d53 build/main.o
 .debug_info    0x00002699     0x1824 build/stm32f4xx_hal_msp.o
 .debug_info    0x00003ebd      0xc20 build/stm32f4xx_it.o
 .debug_info    0x00004add      0x527 build/system_stm32f4xx.o
 .debug_info    0x00005004      0x9e2 build/stm32f4xx_hal.o
 .debug_info    0x000059e6      0xfc2 build/stm32f4xx_hal_cortex.o
 .debug_info    0x000069a8      0xad9 build/stm32f4xx_hal_dma.o
 .debug_info    0x00007481      0x704 build/stm32f4xx_hal_gpio.o
 .debug_info    0x00007b85     0x3805 build/stm32f4xx_hal_i2c.o
 .debug_info    0x0000b38a     0x1148 build/stm32f4xx_hal_i2s.o
 .debug_info    0x0000c4d2      0xdc1 build/stm32f4xx_hal_i2s_ex.o
 .debug_info    0x0000d293     0x1c14 build/stm32f4xx_hal_pcd.o
 .debug_info    0x0000eea7      0x6f9 build/stm32f4xx_hal_pcd_ex.o
 .debug_info    0x0000f5a0      0xa6f build/stm32f4xx_hal_rcc.o
 .debug_info    0x0001000f      0x655 build/stm32f4xx_hal_rcc_ex.o
 .debug_info    0x00010664     0x1dc3 build/stm32f4xx_hal_spi.o
 .debug_info    0x00012427     0x3c53 build/stm32f4xx_hal_tim.o
 .debug_info    0x0001607a     0x1aec build/stm32f4xx_hal_tim_ex.o
 .debug_info    0x00017b66     0x1e82 build/stm32f4xx_ll_usb.o
 .debug_info    0x000199e8     0x1773 build/usbd_cdc.o
 .debug_info    0x0001b15b     0x124c build/usbd_core.o
 .debug_info    0x0001c3a7     0x1422 build/usbd_ctlreq.o
 .debug_info    0x0001d7c9      0x8e9 build/usbd_ioreq.o
 .debug_info    0x0001e0b2      0x783 build/usb_device.o
 .debug_info    0x0001e835      0x9b4 build/usbd_cdc_if.o
 .debug_info    0x0001f1e9      0x5dd build/usbd_desc.o
 .debug_info    0x0001f7c6     0x217a build/usbd_conf.o
 .debug_info    0x00021940       0x30 build/startup_stm32f407xx.o
 .debug_info    0x00021970       0x24 c:/Users/gamin/AppData/Roaming/Code/User/globalStorage/bmd.stm32-for-vscode/@xpack-dev-tools/arm-none-eabi-gcc/13.2.1-1.1.1/.content/bin/../lib/gcc/arm-none-eabi/13.2.1/thumb/v7e-m+fp/hard\libgcc.a(_aeabi_uldivmod.o)
 .debug_info    0x00021994      0x703 c:/Users/gamin/AppData/Roaming/Code/User/globalStorage/bmd.stm32-for-vscode/@xpack-dev-tools/arm-none-eabi-gcc/13.2.1-1.1.1/.content/bin/../lib/gcc/arm-none-eabi/13.2.1/thumb/v7e-m+fp/hard\libgcc.a(_udivmoddi4.o)
 .debug_info    0x00022097       0x3c c:/Users/gamin/AppData/Roaming/Code/User/globalStorage/bmd.stm32-for-vscode/@xpack-dev-tools/arm-none-eabi-gcc/13.2.1-1.1.1/.content/bin/../lib/gcc/arm-none-eabi/13.2.1/thumb/v7e-m+fp/hard\libgcc.a(_dvmd_tls.o)

.debug_abbrev   0x00000000     0x479e
 .debug_abbrev  0x00000000      0x1f2 build/MCP3914.o
 .debug_abbrev  0x000001f2      0x32a build/main.o
 .debug_abbrev  0x0000051c      0x278 build/stm32f4xx_hal_msp.o
 .debug_abbrev  0x00000794      0x1f1 build/stm32f4xx_it.o
 .debug_abbrev  0x00000985      0x11e build/system_stm32f4xx.o
 .debug_abbrev  0x00000aa3      0x240 build/stm32f4xx_hal.o
 .debug_abbrev  0x00000ce3      0x39c build/stm32f4xx_hal_cortex.o
 .debug_abbrev  0x0000107f      0x2c0 build/stm32f4xx_hal_dma.o
 .debug_abbrev  0x0000133f      0x202 build/stm32f4xx_hal_gpio.o
 .debug_abbrev  0x00001541      0x2c3 build/stm32f4xx_hal_i2c.o
 .debug_abbrev  0x00001804      0x273 build/stm32f4xx_hal_i2s.o
 .debug_abbrev  0x00001a77      0x2a8 build/stm32f4xx_hal_i2s_ex.o
 .debug_abbrev  0x00001d1f      0x2db build/stm32f4xx_hal_pcd.o
 .debug_abbrev  0x00001ffa      0x1f3 build/stm32f4xx_hal_pcd_ex.o
 .debug_abbrev  0x000021ed      0x2c6 build/stm32f4xx_hal_rcc.o
 .debug_abbrev  0x000024b3      0x1c3 build/stm32f4xx_hal_rcc_ex.o
 .debug_abbrev  0x00002676      0x28b build/stm32f4xx_hal_spi.o
 .debug_abbrev  0x00002901      0x271 build/stm32f4xx_hal_tim.o
 .debug_abbrev  0x00002b72      0x26f build/stm32f4xx_hal_tim_ex.o
 .debug_abbrev  0x00002de1      0x329 build/stm32f4xx_ll_usb.o
 .debug_abbrev  0x0000310a      0x33d build/usbd_cdc.o
 .debug_abbrev  0x00003447      0x2f8 build/usbd_core.o
 .debug_abbrev  0x0000373f      0x343 build/usbd_ctlreq.o
 .debug_abbrev  0x00003a82      0x1b0 build/usbd_ioreq.o
 .debug_abbrev  0x00003c32      0x1b0 build/usb_device.o
 .debug_abbrev  0x00003de2      0x2ca build/usbd_cdc_if.o
 .debug_abbrev  0x000040ac      0x1ec build/usbd_desc.o
 .debug_abbrev  0x00004298      0x33e build/usbd_conf.o
 .debug_abbrev  0x000045d6       0x24 build/startup_stm32f407xx.o
 .debug_abbrev  0x000045fa       0x14 c:/Users/gamin/AppData/Roaming/Code/User/globalStorage/bmd.stm32-for-vscode/@xpack-dev-tools/arm-none-eabi-gcc/13.2.1-1.1.1/.content/bin/../lib/gcc/arm-none-eabi/13.2.1/thumb/v7e-m+fp/hard\libgcc.a(_aeabi_uldivmod.o)
 .debug_abbrev  0x0000460e      0x16a c:/Users/gamin/AppData/Roaming/Code/User/globalStorage/bmd.stm32-for-vscode/@xpack-dev-tools/arm-none-eabi-gcc/13.2.1-1.1.1/.content/bin/../lib/gcc/arm-none-eabi/13.2.1/thumb/v7e-m+fp/hard\libgcc.a(_udivmoddi4.o)
 .debug_abbrev  0x00004778       0x26 c:/Users/gamin/AppData/Roaming/Code/User/globalStorage/bmd.stm32-for-vscode/@xpack-dev-tools/arm-none-eabi-gcc/13.2.1-1.1.1/.content/bin/../lib/gcc/arm-none-eabi/13.2.1/thumb/v7e-m+fp/hard\libgcc.a(_dvmd_tls.o)

.debug_loclists
                0x00000000    0x12698
 .debug_loclists
                0x00000000      0x16b build/MCP3914.o
 .debug_loclists
                0x0000016b       0x25 build/main.o
 .debug_loclists
                0x00000190      0x19e build/stm32f4xx_hal_msp.o
 .debug_loclists
                0x0000032e       0xfa build/system_stm32f4xx.o
 .debug_loclists
                0x00000428       0xe1 build/stm32f4xx_hal.o
 .debug_loclists
                0x00000509      0x54d build/stm32f4xx_hal_cortex.o
 .debug_loclists
                0x00000a56      0x88a build/stm32f4xx_hal_dma.o
 .debug_loclists
                0x000012e0      0x386 build/stm32f4xx_hal_gpio.o
 .debug_loclists
                0x00001666     0x31d0 build/stm32f4xx_hal_i2c.o
 .debug_loclists
                0x00004836      0xb31 build/stm32f4xx_hal_i2s.o
 .debug_loclists
                0x00005367      0x7f0 build/stm32f4xx_hal_i2s_ex.o
 .debug_loclists
                0x00005b57      0xdb0 build/stm32f4xx_hal_pcd.o
 .debug_loclists
                0x00006907       0xb3 build/stm32f4xx_hal_pcd_ex.o
 .debug_loclists
                0x000069ba      0x3e5 build/stm32f4xx_hal_rcc.o
 .debug_loclists
                0x00006d9f      0x261 build/stm32f4xx_hal_rcc_ex.o
 .debug_loclists
                0x00007000     0x17c3 build/stm32f4xx_hal_spi.o
 .debug_loclists
                0x000087c3     0x37aa build/stm32f4xx_hal_tim.o
 .debug_loclists
                0x0000bf6d     0x13ec build/stm32f4xx_hal_tim_ex.o
 .debug_loclists
                0x0000d359     0x1901 build/stm32f4xx_ll_usb.o
 .debug_loclists
                0x0000ec5a      0x755 build/usbd_cdc.o
 .debug_loclists
                0x0000f3af      0x996 build/usbd_core.o
 .debug_loclists
                0x0000fd45     0x10c1 build/usbd_ctlreq.o
 .debug_loclists
                0x00010e06      0x214 build/usbd_ioreq.o
 .debug_loclists
                0x0001101a      0x10a build/usbd_cdc_if.o
 .debug_loclists
                0x00011124      0x299 build/usbd_desc.o
 .debug_loclists
                0x000113bd      0x8c6 build/usbd_conf.o
 .debug_loclists
                0x00011c83      0xa15 c:/Users/gamin/AppData/Roaming/Code/User/globalStorage/bmd.stm32-for-vscode/@xpack-dev-tools/arm-none-eabi-gcc/13.2.1-1.1.1/.content/bin/../lib/gcc/arm-none-eabi/13.2.1/thumb/v7e-m+fp/hard\libgcc.a(_udivmoddi4.o)

.debug_aranges  0x00000000     0x1838
 .debug_aranges
                0x00000000       0x30 build/MCP3914.o
 .debug_aranges
                0x00000030       0x78 build/main.o
 .debug_aranges
                0x000000a8       0x60 build/stm32f4xx_hal_msp.o
 .debug_aranges
                0x00000108       0x78 build/stm32f4xx_it.o
 .debug_aranges
                0x00000180       0x28 build/system_stm32f4xx.o
 .debug_aranges
                0x000001a8       0xf0 build/stm32f4xx_hal.o
 .debug_aranges
                0x00000298       0xe8 build/stm32f4xx_hal_cortex.o
 .debug_aranges
                0x00000380       0x90 build/stm32f4xx_hal_dma.o
 .debug_aranges
                0x00000410       0x58 build/stm32f4xx_hal_gpio.o
 .debug_aranges
                0x00000468      0x2a8 build/stm32f4xx_hal_i2c.o
 .debug_aranges
                0x00000710      0x108 build/stm32f4xx_hal_i2s.o
 .debug_aranges
                0x00000818       0x88 build/stm32f4xx_hal_i2s_ex.o
 .debug_aranges
                0x000008a0      0x148 build/stm32f4xx_hal_pcd.o
 .debug_aranges
                0x000009e8       0x38 build/stm32f4xx_hal_pcd_ex.o
 .debug_aranges
                0x00000a20       0x88 build/stm32f4xx_hal_rcc.o
 .debug_aranges
                0x00000aa8       0x48 build/stm32f4xx_hal_rcc_ex.o
 .debug_aranges
                0x00000af0      0x1d0 build/stm32f4xx_hal_spi.o
 .debug_aranges
                0x00000cc0      0x3d0 build/stm32f4xx_hal_tim.o
 .debug_aranges
                0x00001090      0x168 build/stm32f4xx_hal_tim_ex.o
 .debug_aranges
                0x000011f8      0x1a0 build/stm32f4xx_ll_usb.o
 .debug_aranges
                0x00001398       0x90 build/usbd_cdc.o
 .debug_aranges
                0x00001428       0xd8 build/usbd_core.o
 .debug_aranges
                0x00001500       0x88 build/usbd_ctlreq.o
 .debug_aranges
                0x00001588       0x50 build/usbd_ioreq.o
 .debug_aranges
                0x000015d8       0x20 build/usb_device.o
 .debug_aranges
                0x000015f8       0x48 build/usbd_cdc_if.o
 .debug_aranges
                0x00001640       0x60 build/usbd_desc.o
 .debug_aranges
                0x000016a0      0x110 build/usbd_conf.o
 .debug_aranges
                0x000017b0       0x28 build/startup_stm32f407xx.o
 .debug_aranges
                0x000017d8       0x20 c:/Users/gamin/AppData/Roaming/Code/User/globalStorage/bmd.stm32-for-vscode/@xpack-dev-tools/arm-none-eabi-gcc/13.2.1-1.1.1/.content/bin/../lib/gcc/arm-none-eabi/13.2.1/thumb/v7e-m+fp/hard\libgcc.a(_aeabi_uldivmod.o)
 .debug_aranges
                0x000017f8       0x20 c:/Users/gamin/AppData/Roaming/Code/User/globalStorage/bmd.stm32-for-vscode/@xpack-dev-tools/arm-none-eabi-gcc/13.2.1-1.1.1/.content/bin/../lib/gcc/arm-none-eabi/13.2.1/thumb/v7e-m+fp/hard\libgcc.a(_udivmoddi4.o)
 .debug_aranges
                0x00001818       0x20 c:/Users/gamin/AppData/Roaming/Code/User/globalStorage/bmd.stm32-for-vscode/@xpack-dev-tools/arm-none-eabi-gcc/13.2.1-1.1.1/.content/bin/../lib/gcc/arm-none-eabi/13.2.1/thumb/v7e-m+fp/hard\libgcc.a(_dvmd_tls.o)

.debug_rnglists
                0x00000000     0x12ea
 .debug_rnglists
                0x00000000       0x1f build/MCP3914.o
 .debug_rnglists
                0x0000001f       0x57 build/main.o
 .debug_rnglists
                0x00000076       0x45 build/stm32f4xx_hal_msp.o
 .debug_rnglists
                0x000000bb       0x55 build/stm32f4xx_it.o
 .debug_rnglists
                0x00000110       0x1a build/system_stm32f4xx.o
 .debug_rnglists
                0x0000012a       0xaf build/stm32f4xx_hal.o
 .debug_rnglists
                0x000001d9       0xa9 build/stm32f4xx_hal_cortex.o
 .debug_rnglists
                0x00000282       0x6c build/stm32f4xx_hal_dma.o
 .debug_rnglists
                0x000002ee       0x3f build/stm32f4xx_hal_gpio.o
 .debug_rnglists
                0x0000032d      0x236 build/stm32f4xx_hal_i2c.o
 .debug_rnglists
                0x00000563       0xe4 build/stm32f4xx_hal_i2s.o
 .debug_rnglists
                0x00000647       0x72 build/stm32f4xx_hal_i2s_ex.o
 .debug_rnglists
                0x000006b9       0xf7 build/stm32f4xx_hal_pcd.o
 .debug_rnglists
                0x000007b0       0x25 build/stm32f4xx_hal_pcd_ex.o
 .debug_rnglists
                0x000007d5       0x75 build/stm32f4xx_hal_rcc.o
 .debug_rnglists
                0x0000084a       0x33 build/stm32f4xx_hal_rcc_ex.o
 .debug_rnglists
                0x0000087d      0x16a build/stm32f4xx_hal_spi.o
 .debug_rnglists
                0x000009e7      0x302 build/stm32f4xx_hal_tim.o
 .debug_rnglists
                0x00000ce9      0x11b build/stm32f4xx_hal_tim_ex.o
 .debug_rnglists
                0x00000e04      0x141 build/stm32f4xx_ll_usb.o
 .debug_rnglists
                0x00000f45       0x69 build/usbd_cdc.o
 .debug_rnglists
                0x00000fae       0x9f build/usbd_core.o
 .debug_rnglists
                0x0000104d       0x65 build/usbd_ctlreq.o
 .debug_rnglists
                0x000010b2       0x37 build/usbd_ioreq.o
 .debug_rnglists
                0x000010e9       0x13 build/usb_device.o
 .debug_rnglists
                0x000010fc       0x31 build/usbd_cdc_if.o
 .debug_rnglists
                0x0000112d       0x43 build/usbd_desc.o
 .debug_rnglists
                0x00001170       0xc8 build/usbd_conf.o
 .debug_rnglists
                0x00001238       0x19 build/startup_stm32f407xx.o
 .debug_rnglists
                0x00001251       0x99 c:/Users/gamin/AppData/Roaming/Code/User/globalStorage/bmd.stm32-for-vscode/@xpack-dev-tools/arm-none-eabi-gcc/13.2.1-1.1.1/.content/bin/../lib/gcc/arm-none-eabi/13.2.1/thumb/v7e-m+fp/hard\libgcc.a(_udivmoddi4.o)

.debug_line     0x00000000    0x1cdf6
 .debug_line    0x00000000      0x340 build/MCP3914.o
 .debug_line    0x00000340      0x942 build/main.o
 .debug_line    0x00000c82      0x64f build/stm32f4xx_hal_msp.o
 .debug_line    0x000012d1      0x398 build/stm32f4xx_it.o
 .debug_line    0x00001669      0x2f6 build/system_stm32f4xx.o
 .debug_line    0x0000195f      0x60f build/stm32f4xx_hal.o
 .debug_line    0x00001f6e      0x8b7 build/stm32f4xx_hal_cortex.o
 .debug_line    0x00002825      0xedb build/stm32f4xx_hal_dma.o
 .debug_line    0x00003700      0x79d build/stm32f4xx_hal_gpio.o
 .debug_line    0x00003e9d     0x5519 build/stm32f4xx_hal_i2c.o
 .debug_line    0x000093b6     0x14d7 build/stm32f4xx_hal_i2s.o
 .debug_line    0x0000a88d     0x10bc build/stm32f4xx_hal_i2s_ex.o
 .debug_line    0x0000b949     0x14f6 build/stm32f4xx_hal_pcd.o
 .debug_line    0x0000ce3f      0x348 build/stm32f4xx_hal_pcd_ex.o
 .debug_line    0x0000d187      0xc2d build/stm32f4xx_hal_rcc.o
 .debug_line    0x0000ddb4      0x6ec build/stm32f4xx_hal_rcc_ex.o
 .debug_line    0x0000e4a0     0x254d build/stm32f4xx_hal_spi.o
 .debug_line    0x000109ed     0x4816 build/stm32f4xx_hal_tim.o
 .debug_line    0x00015203     0x1b5f build/stm32f4xx_hal_tim_ex.o
 .debug_line    0x00016d62     0x1ff3 build/stm32f4xx_ll_usb.o
 .debug_line    0x00018d55      0xbe5 build/usbd_cdc.o
 .debug_line    0x0001993a      0xa77 build/usbd_core.o
 .debug_line    0x0001a3b1      0xdb8 build/usbd_ctlreq.o
 .debug_line    0x0001b169      0x34e build/usbd_ioreq.o
 .debug_line    0x0001b4b7      0x2c1 build/usb_device.o
 .debug_line    0x0001b778      0x30d build/usbd_cdc_if.o
 .debug_line    0x0001ba85      0x3dc build/usbd_desc.o
 .debug_line    0x0001be61      0x8d4 build/usbd_conf.o
 .debug_line    0x0001c735       0x76 build/startup_stm32f407xx.o
 .debug_line    0x0001c7ab       0x4e c:/Users/gamin/AppData/Roaming/Code/User/globalStorage/bmd.stm32-for-vscode/@xpack-dev-tools/arm-none-eabi-gcc/13.2.1-1.1.1/.content/bin/../lib/gcc/arm-none-eabi/13.2.1/thumb/v7e-m+fp/hard\libgcc.a(_aeabi_uldivmod.o)
 .debug_line    0x0001c7f9      0x5b3 c:/Users/gamin/AppData/Roaming/Code/User/globalStorage/bmd.stm32-for-vscode/@xpack-dev-tools/arm-none-eabi-gcc/13.2.1-1.1.1/.content/bin/../lib/gcc/arm-none-eabi/13.2.1/thumb/v7e-m+fp/hard\libgcc.a(_udivmoddi4.o)
 .debug_line    0x0001cdac       0x4a c:/Users/gamin/AppData/Roaming/Code/User/globalStorage/bmd.stm32-for-vscode/@xpack-dev-tools/arm-none-eabi-gcc/13.2.1-1.1.1/.content/bin/../lib/gcc/arm-none-eabi/13.2.1/thumb/v7e-m+fp/hard\libgcc.a(_dvmd_tls.o)

.debug_str      0x00000000     0x74c4
 .debug_str     0x00000000     0x74c4 build/MCP3914.o
                                0x751 (size before relaxing)
 .debug_str     0x000074c4     0x1780 build/main.o
 .debug_str     0x000074c4     0x1529 build/stm32f4xx_hal_msp.o
 .debug_str     0x000074c4      0xba4 build/stm32f4xx_it.o
 .debug_str     0x000074c4      0x377 build/system_stm32f4xx.o
 .debug_str     0x000074c4      0xb66 build/stm32f4xx_hal.o
 .debug_str     0x000074c4      0xc45 build/stm32f4xx_hal_cortex.o
 .debug_str     0x000074c4      0x778 build/stm32f4xx_hal_dma.o
 .debug_str     0x000074c4      0x4e2 build/stm32f4xx_hal_gpio.o
 .debug_str     0x000074c4     0x103f build/stm32f4xx_hal_i2c.o
 .debug_str     0x000074c4      0x952 build/stm32f4xx_hal_i2s.o
 .debug_str     0x000074c4      0x873 build/stm32f4xx_hal_i2s_ex.o
 .debug_str     0x000074c4      0xe07 build/stm32f4xx_hal_pcd.o
 .debug_str     0x000074c4      0x745 build/stm32f4xx_hal_pcd_ex.o
 .debug_str     0x000074c4      0x708 build/stm32f4xx_hal_rcc.o
 .debug_str     0x000074c4      0x4c9 build/stm32f4xx_hal_rcc_ex.o
 .debug_str     0x000074c4      0xbfc build/stm32f4xx_hal_spi.o
 .debug_str     0x000074c4     0x1701 build/stm32f4xx_hal_tim.o
 .debug_str     0x000074c4      0xf0d build/stm32f4xx_hal_tim_ex.o
 .debug_str     0x000074c4      0xd30 build/stm32f4xx_ll_usb.o
 .debug_str     0x000074c4      0xd99 build/usbd_cdc.o
 .debug_str     0x000074c4      0x9d9 build/usbd_core.o
 .debug_str     0x000074c4      0x804 build/usbd_ctlreq.o
 .debug_str     0x000074c4      0x6d9 build/usbd_ioreq.o
 .debug_str     0x000074c4      0x6c7 build/usb_device.o
 .debug_str     0x000074c4      0x795 build/usbd_cdc_if.o
 .debug_str     0x000074c4      0x460 build/usbd_desc.o
 .debug_str     0x000074c4     0x15d6 build/usbd_conf.o
 .debug_str     0x000074c4       0x80 build/startup_stm32f407xx.o
 .debug_str     0x000074c4      0x120 c:/Users/gamin/AppData/Roaming/Code/User/globalStorage/bmd.stm32-for-vscode/@xpack-dev-tools/arm-none-eabi-gcc/13.2.1-1.1.1/.content/bin/../lib/gcc/arm-none-eabi/13.2.1/thumb/v7e-m+fp/hard\libgcc.a(_aeabi_uldivmod.o)
 .debug_str     0x000074c4      0x739 c:/Users/gamin/AppData/Roaming/Code/User/globalStorage/bmd.stm32-for-vscode/@xpack-dev-tools/arm-none-eabi-gcc/13.2.1-1.1.1/.content/bin/../lib/gcc/arm-none-eabi/13.2.1/thumb/v7e-m+fp/hard\libgcc.a(_udivmoddi4.o)
 .debug_str     0x000074c4      0x140 c:/Users/gamin/AppData/Roaming/Code/User/globalStorage/bmd.stm32-for-vscode/@xpack-dev-tools/arm-none-eabi-gcc/13.2.1-1.1.1/.content/bin/../lib/gcc/arm-none-eabi/13.2.1/thumb/v7e-m+fp/hard\libgcc.a(_dvmd_tls.o)

.debug_frame    0x00000000     0x42ac
 .debug_frame   0x00000000       0x6c build/MCP3914.o
 .debug_frame   0x0000006c      0x148 build/main.o
 .debug_frame   0x000001b4      0x114 build/stm32f4xx_hal_msp.o
 .debug_frame   0x000002c8       0xf0 build/stm32f4xx_it.o
 .debug_frame   0x000003b8       0x30 build/system_stm32f4xx.o
 .debug_frame   0x000003e8      0x1ec build/stm32f4xx_hal.o
 .debug_frame   0x000005d4      0x1f4 build/stm32f4xx_hal_cortex.o
 .debug_frame   0x000007c8      0x188 build/stm32f4xx_hal_dma.o
 .debug_frame   0x00000950       0xd8 build/stm32f4xx_hal_gpio.o
 .debug_frame   0x00000a28      0x988 build/stm32f4xx_hal_i2c.o
 .debug_frame   0x000013b0      0x324 build/stm32f4xx_hal_i2s.o
 .debug_frame   0x000016d4      0x184 build/stm32f4xx_hal_i2s_ex.o
 .debug_frame   0x00001858      0x388 build/stm32f4xx_hal_pcd.o
 .debug_frame   0x00001be0       0x5c build/stm32f4xx_hal_pcd_ex.o
 .debug_frame   0x00001c3c      0x16c build/stm32f4xx_hal_rcc.o
 .debug_frame   0x00001da8       0xa4 build/stm32f4xx_hal_rcc_ex.o
 .debug_frame   0x00001e4c      0x5c8 build/stm32f4xx_hal_spi.o
 .debug_frame   0x00002414      0xb10 build/stm32f4xx_hal_tim.o
 .debug_frame   0x00002f24      0x418 build/stm32f4xx_hal_tim_ex.o
 .debug_frame   0x0000333c      0x494 build/stm32f4xx_ll_usb.o
 .debug_frame   0x000037d0      0x190 build/usbd_cdc.o
 .debug_frame   0x00003960      0x240 build/usbd_core.o
 .debug_frame   0x00003ba0      0x180 build/usbd_ctlreq.o
 .debug_frame   0x00003d20       0xb8 build/usbd_ioreq.o
 .debug_frame   0x00003dd8       0x28 build/usb_device.o
 .debug_frame   0x00003e00       0x88 build/usbd_cdc_if.o
 .debug_frame   0x00003e88       0xe0 build/usbd_desc.o
 .debug_frame   0x00003f68      0x2e4 build/usbd_conf.o
 .debug_frame   0x0000424c       0x2c c:/Users/gamin/AppData/Roaming/Code/User/globalStorage/bmd.stm32-for-vscode/@xpack-dev-tools/arm-none-eabi-gcc/13.2.1-1.1.1/.content/bin/../lib/gcc/arm-none-eabi/13.2.1/thumb/v7e-m+fp/hard\libgcc.a(_aeabi_uldivmod.o)
 .debug_frame   0x00004278       0x34 c:/Users/gamin/AppData/Roaming/Code/User/globalStorage/bmd.stm32-for-vscode/@xpack-dev-tools/arm-none-eabi-gcc/13.2.1-1.1.1/.content/bin/../lib/gcc/arm-none-eabi/13.2.1/thumb/v7e-m+fp/hard\libgcc.a(_udivmoddi4.o)

.debug_line_str
                0x00000000      0x182
 .debug_line_str
                0x00000000      0x182 build/startup_stm32f407xx.o
                                 0x64 (size before relaxing)
 .debug_line_str
                0x00000182      0x112 c:/Users/gamin/AppData/Roaming/Code/User/globalStorage/bmd.stm32-for-vscode/@xpack-dev-tools/arm-none-eabi-gcc/13.2.1-1.1.1/.content/bin/../lib/gcc/arm-none-eabi/13.2.1/thumb/v7e-m+fp/hard\libgcc.a(_aeabi_uldivmod.o)
 .debug_line_str
                0x00000182      0x116 c:/Users/gamin/AppData/Roaming/Code/User/globalStorage/bmd.stm32-for-vscode/@xpack-dev-tools/arm-none-eabi-gcc/13.2.1-1.1.1/.content/bin/../lib/gcc/arm-none-eabi/13.2.1/thumb/v7e-m+fp/hard\libgcc.a(_dvmd_tls.o)

Cross Reference Table

Symbol                                            File
ADC_IRQHandler                                    build/startup_stm32f407xx.o
AHBPrescTable                                     build/system_stm32f4xx.o
                                                  build/stm32f4xx_hal_rcc.o
APBPrescTable                                     build/system_stm32f4xx.o
                                                  build/stm32f4xx_hal_rcc.o
BusFault_Handler                                  build/stm32f4xx_it.o
CAN1_RX0_IRQHandler                               build/startup_stm32f407xx.o
CAN1_RX1_IRQHandler                               build/startup_stm32f407xx.o
CAN1_SCE_IRQHandler                               build/startup_stm32f407xx.o
CAN1_TX_IRQHandler                                build/startup_stm32f407xx.o
CAN2_RX0_IRQHandler                               build/startup_stm32f407xx.o
CAN2_RX1_IRQHandler                               build/startup_stm32f407xx.o
CAN2_SCE_IRQHandler                               build/startup_stm32f407xx.o
CAN2_TX_IRQHandler                                build/startup_stm32f407xx.o
CDC_Transmit_FS                                   build/usbd_cdc_if.o
                                                  build/main.o
DCMI_IRQHandler                                   build/startup_stm32f407xx.o
DMA1_Stream0_IRQHandler                           build/startup_stm32f407xx.o
DMA1_Stream1_IRQHandler                           build/startup_stm32f407xx.o
DMA1_Stream2_IRQHandler                           build/startup_stm32f407xx.o
DMA1_Stream3_IRQHandler                           build/stm32f4xx_it.o
DMA1_Stream4_IRQHandler                           build/startup_stm32f407xx.o
DMA1_Stream5_IRQHandler                           build/startup_stm32f407xx.o
DMA1_Stream6_IRQHandler                           build/startup_stm32f407xx.o
DMA1_Stream7_IRQHandler                           build/startup_stm32f407xx.o
DMA2_Stream0_IRQHandler                           build/startup_stm32f407xx.o
DMA2_Stream1_IRQHandler                           build/startup_stm32f407xx.o
DMA2_Stream2_IRQHandler                           build/startup_stm32f407xx.o
DMA2_Stream3_IRQHandler                           build/startup_stm32f407xx.o
DMA2_Stream4_IRQHandler                           build/startup_stm32f407xx.o
DMA2_Stream5_IRQHandler                           build/startup_stm32f407xx.o
DMA2_Stream6_IRQHandler                           build/startup_stm32f407xx.o
DMA2_Stream7_IRQHandler                           build/startup_stm32f407xx.o
DebugMon_Handler                                  build/stm32f4xx_it.o
Default_Handler                                   build/startup_stm32f407xx.o
ETH_IRQHandler                                    build/startup_stm32f407xx.o
ETH_WKUP_IRQHandler                               build/startup_stm32f407xx.o
EXTI0_IRQHandler                                  build/startup_stm32f407xx.o
EXTI15_10_IRQHandler                              build/startup_stm32f407xx.o
EXTI1_IRQHandler                                  build/startup_stm32f407xx.o
EXTI2_IRQHandler                                  build/startup_stm32f407xx.o
EXTI3_IRQHandler                                  build/startup_stm32f407xx.o
EXTI4_IRQHandler                                  build/startup_stm32f407xx.o
EXTI9_5_IRQHandler                                build/startup_stm32f407xx.o
Error_Handler                                     build/main.o
                                                  build/usbd_conf.o
                                                  build/usb_device.o
                                                  build/stm32f4xx_hal_msp.o
FLASH_Erase_Sector                                build/stm32f4xx_hal_flash_ex.o
                                                  build/stm32f4xx_hal_flash.o
FLASH_FlushCaches                                 build/stm32f4xx_hal_flash_ex.o
                                                  build/stm32f4xx_hal_flash.o
FLASH_IRQHandler                                  build/startup_stm32f407xx.o
FLASH_WaitForLastOperation                        build/stm32f4xx_hal_flash.o
                                                  build/stm32f4xx_hal_flash_ex.o
FPU_IRQHandler                                    build/startup_stm32f407xx.o
FSMC_IRQHandler                                   build/startup_stm32f407xx.o
FS_Desc                                           build/usbd_desc.o
                                                  build/usb_device.o
HAL_CORTEX_ClearEvent                             build/stm32f4xx_hal_cortex.o
HAL_DBGMCU_DisableDBGSleepMode                    build/stm32f4xx_hal.o
HAL_DBGMCU_DisableDBGStandbyMode                  build/stm32f4xx_hal.o
HAL_DBGMCU_DisableDBGStopMode                     build/stm32f4xx_hal.o
HAL_DBGMCU_EnableDBGSleepMode                     build/stm32f4xx_hal.o
HAL_DBGMCU_EnableDBGStandbyMode                   build/stm32f4xx_hal.o
HAL_DBGMCU_EnableDBGStopMode                      build/stm32f4xx_hal.o
HAL_DMAEx_ChangeMemory                            build/stm32f4xx_hal_dma_ex.o
HAL_DMAEx_MultiBufferStart                        build/stm32f4xx_hal_dma_ex.o
HAL_DMAEx_MultiBufferStart_IT                     build/stm32f4xx_hal_dma_ex.o
HAL_DMA_Abort                                     build/stm32f4xx_hal_dma.o
                                                  build/stm32f4xx_hal_spi.o
                                                  build/stm32f4xx_hal_i2s.o
HAL_DMA_Abort_IT                                  build/stm32f4xx_hal_dma.o
                                                  build/stm32f4xx_hal_tim_ex.o
                                                  build/stm32f4xx_hal_tim.o
                                                  build/stm32f4xx_hal_spi.o
                                                  build/stm32f4xx_hal_i2c.o
HAL_DMA_DeInit                                    build/stm32f4xx_hal_dma.o
                                                  build/stm32f4xx_hal_msp.o
HAL_DMA_GetError                                  build/stm32f4xx_hal_dma.o
                                                  build/stm32f4xx_hal_i2c.o
HAL_DMA_GetState                                  build/stm32f4xx_hal_dma.o
                                                  build/stm32f4xx_hal_i2c.o
HAL_DMA_IRQHandler                                build/stm32f4xx_hal_dma.o
                                                  build/stm32f4xx_it.o
HAL_DMA_Init                                      build/stm32f4xx_hal_dma.o
                                                  build/stm32f4xx_hal_msp.o
HAL_DMA_PollForTransfer                           build/stm32f4xx_hal_dma.o
HAL_DMA_RegisterCallback                          build/stm32f4xx_hal_dma.o
HAL_DMA_Start                                     build/stm32f4xx_hal_dma.o
HAL_DMA_Start_IT                                  build/stm32f4xx_hal_dma.o
                                                  build/stm32f4xx_hal_tim_ex.o
                                                  build/stm32f4xx_hal_tim.o
                                                  build/stm32f4xx_hal_spi.o
                                                  build/stm32f4xx_hal_i2s_ex.o
                                                  build/stm32f4xx_hal_i2s.o
                                                  build/stm32f4xx_hal_i2c.o
HAL_DMA_UnRegisterCallback                        build/stm32f4xx_hal_dma.o
HAL_DeInit                                        build/stm32f4xx_hal.o
HAL_Delay                                         build/stm32f4xx_hal.o
                                                  build/usbd_conf.o
                                                  build/stm32f4xx_ll_usb.o
HAL_DisableCompensationCell                       build/stm32f4xx_hal.o
HAL_EXTI_ClearConfigLine                          build/stm32f4xx_hal_exti.o
HAL_EXTI_ClearPending                             build/stm32f4xx_hal_exti.o
HAL_EXTI_GenerateSWI                              build/stm32f4xx_hal_exti.o
HAL_EXTI_GetConfigLine                            build/stm32f4xx_hal_exti.o
HAL_EXTI_GetHandle                                build/stm32f4xx_hal_exti.o
HAL_EXTI_GetPending                               build/stm32f4xx_hal_exti.o
HAL_EXTI_IRQHandler                               build/stm32f4xx_hal_exti.o
HAL_EXTI_RegisterCallback                         build/stm32f4xx_hal_exti.o
HAL_EXTI_SetConfigLine                            build/stm32f4xx_hal_exti.o
HAL_EnableCompensationCell                        build/stm32f4xx_hal.o
HAL_FLASHEx_Erase                                 build/stm32f4xx_hal_flash_ex.o
HAL_FLASHEx_Erase_IT                              build/stm32f4xx_hal_flash_ex.o
HAL_FLASHEx_OBGetConfig                           build/stm32f4xx_hal_flash_ex.o
HAL_FLASHEx_OBProgram                             build/stm32f4xx_hal_flash_ex.o
HAL_FLASH_EndOfOperationCallback                  build/stm32f4xx_hal_flash.o
HAL_FLASH_GetError                                build/stm32f4xx_hal_flash.o
HAL_FLASH_IRQHandler                              build/stm32f4xx_hal_flash.o
HAL_FLASH_Lock                                    build/stm32f4xx_hal_flash.o
HAL_FLASH_OB_Launch                               build/stm32f4xx_hal_flash.o
HAL_FLASH_OB_Lock                                 build/stm32f4xx_hal_flash.o
HAL_FLASH_OB_Unlock                               build/stm32f4xx_hal_flash.o
HAL_FLASH_OperationErrorCallback                  build/stm32f4xx_hal_flash.o
HAL_FLASH_Program                                 build/stm32f4xx_hal_flash.o