16:56:16 **** Incremental Build of configuration Debug for project STM32H7_ADC_CubeIDE ****
make -j8 all 
arm-none-eabi-gcc "../Core/Src/main.c" -mcpu=cortex-m7 -std=gnu11 -g3 -DDEBUG -DUSE_HAL_DRIVER -DSTM32H750xx -c -I../Core/Inc -I../Drivers/STM32H7xx_HAL_Driver/Inc -I../Drivers/STM32H7xx_HAL_Driver/Inc/Legacy -I../Drivers/CMSIS/Device/ST/STM32H7xx/Include -I../Drivers/CMSIS/Include -I../USB_DEVICE/App -I../USB_DEVICE/Target -I../Middlewares/ST/STM32_USB_Device_Library/Core/Inc -I../Middlewares/ST/STM32_USB_Device_Library/Class/CDC/Inc -O0 -ffunction-sections -fdata-sections -Wall -fstack-usage -fcyclomatic-complexity -MMD -MP -MF"Core/Src/main.d" -MT"Core/Src/main.o" --specs=nano.specs -mfpu=fpv5-d16 -mfloat-abi=hard -mthumb -o "Core/Src/main.o"
arm-none-eabi-gcc -o "STM32H7_ADC_CubeIDE.elf" @"objects.list"   -mcpu=cortex-m7 -T"E:\UCT\Masters\Traffic-Monitoring-Using-Doppler-Radar\ADC\ADC_Board\STM32H7_ADC_CubeIDE\STM32H750VBTX_FLASH.ld" --specs=nosys.specs -Wl,-Map="STM32H7_ADC_CubeIDE.map" -Wl,--gc-sections -static --specs=nano.specs -mfpu=fpv5-d16 -mfloat-abi=hard -mthumb -Wl,--start-group -lc -lm -Wl,--end-group
Finished building target: STM32H7_ADC_CubeIDE.elf
 
arm-none-eabi-size  STM32H7_ADC_CubeIDE.elf 
arm-none-eabi-objdump -h -S STM32H7_ADC_CubeIDE.elf  > "STM32H7_ADC_CubeIDE.list"
   text	   data	    bss	    dec	    hex	filename
  57964	    260	  14636	  72860	  11c9c	STM32H7_ADC_CubeIDE.elf
Finished building: default.size.stdout
 
Finished building: STM32H7_ADC_CubeIDE.list
 

16:56:18 Build Finished. 0 errors, 0 warnings. (took 1s.648ms)

