E:/UCT/Masters/Traffic-Monitoring-Using-Doppler-Radar/ADC/SPI_FullDuplex_ComDMA/Src/main.c:61:5:main	8	static
E:/UCT/Masters/Traffic-Monitoring-Using-Doppler-Radar/ADC/SPI_FullDuplex_ComDMA/Src/main.c:159:13:Error_Handler	8	static
E:/UCT/Masters/Traffic-Monitoring-Using-Doppler-Radar/ADC/SPI_FullDuplex_ComDMA/Src/main.c:188:13:SystemClock_Config	88	static
E:/UCT/Masters/Traffic-Monitoring-Using-Doppler-Radar/ADC/SPI_FullDuplex_ComDMA/Src/main.c:236:6:HAL_SPI_TxRxCpltCallback	16	static
E:/UCT/Masters/Traffic-Monitoring-Using-Doppler-Radar/ADC/SPI_FullDuplex_ComDMA/Src/main.c:251:7:HAL_SPI_ErrorCallback	16	static
E:/UCT/Masters/Traffic-Monitoring-Using-Doppler-Radar/ADC/SPI_FullDuplex_ComDMA/Src/main.c:264:17:Buffercmp	24	static
