E:/UCT/Masters/Traffic-Monitoring-Using-Doppler-Radar/ADC/SPI_FullDuplex_ComDMA/Src/stm32f4xx_it.c:52:6:NMI_Handler	4	static
E:/UCT/Masters/Traffic-Monitoring-Using-Doppler-Radar/ADC/SPI_FullDuplex_ComDMA/Src/stm32f4xx_it.c:61:6:HardFault_Handler	4	static
E:/UCT/Masters/Traffic-Monitoring-Using-Doppler-Radar/ADC/SPI_FullDuplex_ComDMA/Src/stm32f4xx_it.c:74:6:MemManage_Handler	4	static
E:/UCT/Masters/Traffic-Monitoring-Using-Doppler-Radar/ADC/SPI_FullDuplex_ComDMA/Src/stm32f4xx_it.c:87:6:BusFault_Handler	4	static
E:/UCT/Masters/Traffic-Monitoring-Using-Doppler-Radar/ADC/SPI_FullDuplex_ComDMA/Src/stm32f4xx_it.c:100:6:UsageFault_Handler	4	static
E:/UCT/Masters/Traffic-Monitoring-Using-Doppler-Radar/ADC/SPI_FullDuplex_ComDMA/Src/stm32f4xx_it.c:113:6:SVC_Handler	4	static
E:/UCT/Masters/Traffic-Monitoring-Using-Doppler-Radar/ADC/SPI_FullDuplex_ComDMA/Src/stm32f4xx_it.c:122:6:DebugMon_Handler	4	static
E:/UCT/Masters/Traffic-Monitoring-Using-Doppler-Radar/ADC/SPI_FullDuplex_ComDMA/Src/stm32f4xx_it.c:131:6:PendSV_Handler	4	static
E:/UCT/Masters/Traffic-Monitoring-Using-Doppler-Radar/ADC/SPI_FullDuplex_ComDMA/Src/stm32f4xx_it.c:140:6:SysTick_Handler	8	static
E:/UCT/Masters/Traffic-Monitoring-Using-Doppler-Radar/ADC/SPI_FullDuplex_ComDMA/Src/stm32f4xx_it.c:157:6:DMA1_Stream3_IRQHandler	8	static
E:/UCT/Masters/Traffic-Monitoring-Using-Doppler-Radar/ADC/SPI_FullDuplex_ComDMA/Src/stm32f4xx_it.c:167:6:DMA1_Stream4_IRQHandler	8	static
E:/UCT/Masters/Traffic-Monitoring-Using-Doppler-Radar/ADC/SPI_FullDuplex_ComDMA/Src/stm32f4xx_it.c:177:6:SPI2_IRQHandler	8	static
