17:38:08 **** Incremental Build of configuration Debug for project STM32L432BU6_LED_BLINK_CUBEIDE ****
make -j8 all 
arm-none-eabi-gcc "../Core/Src/main.c" -mcpu=cortex-m4 -std=gnu11 -g3 -DDEBUG -DUSE_HAL_DRIVER -DSTM32L432xx -c -I../Core/Inc -I../Drivers/STM32L4xx_HAL_Driver/Inc -I../Drivers/STM32L4xx_HAL_Driver/Inc/Legacy -I../Drivers/CMSIS/Device/ST/STM32L4xx/Include -I../Drivers/CMSIS/Include -O0 -ffunction-sections -fdata-sections -Wall -fstack-usage -MMD -MP -MF"Core/Src/main.d" -MT"Core/Src/main.o" --specs=nano.specs -mfpu=fpv4-sp-d16 -mfloat-abi=hard -mthumb -o "Core/Src/main.o"
arm-none-eabi-gcc -o "STM32L432BU6_LED_BLINK_CUBEIDE.elf" @"objects.list"   -mcpu=cortex-m4 -T"E:\UCT\Masters\Traffic-Monitoring-Using-Doppler-Radar\ADC\STM32L432BU6_LED_BLINK_CUBEIDE\STM32L432KBUX_FLASH.ld" --specs=nosys.specs -Wl,-Map="STM32L432BU6_LED_BLINK_CUBEIDE.map" -Wl,--gc-sections -static --specs=nano.specs -mfpu=fpv4-sp-d16 -mfloat-abi=hard -mthumb -Wl,--start-group -lc -lm -Wl,--end-group
Finished building target: STM32L432BU6_LED_BLINK_CUBEIDE.elf
 
arm-none-eabi-size   STM32L432BU6_LED_BLINK_CUBEIDE.elf 
arm-none-eabi-objdump -h -S  STM32L432BU6_LED_BLINK_CUBEIDE.elf  > "STM32L432BU6_LED_BLINK_CUBEIDE.list"
   text	   data	    bss	    dec	    hex	filename
   6068	     20	   1572	   7660	   1dec	STM32L432BU6_LED_BLINK_CUBEIDE.elf
Finished building: default.size.stdout
 
Finished building: STM32L432BU6_LED_BLINK_CUBEIDE.list
 

17:38:09 Build Finished. 0 errors, 0 warnings. (took 1s.18ms)

