Archive member included to satisfy reference by file (symbol)

c:/Users/gamin/AppData/Roaming/Code/User/globalStorage/bmd.stm32-for-vscode/@xpack-dev-tools/arm-none-eabi-gcc/13.2.1-1.1.1/.content/bin/../lib/gcc/arm-none-eabi/13.2.1/../../../../arm-none-eabi/lib/thumb/v7e-m+fp/hard\libc_nano.a(libc_a-atexit.o)
                              c:/Users/gamin/AppData/Roaming/Code/User/globalStorage/bmd.stm32-for-vscode/@xpack-dev-tools/arm-none-eabi-gcc/13.2.1-1.1.1/.content/bin/../lib/gcc/arm-none-eabi/13.2.1/../../../../arm-none-eabi/lib/thumb/v7e-m+fp/hard/crt0.o (atexit)
c:/Users/gamin/AppData/Roaming/Code/User/globalStorage/bmd.stm32-for-vscode/@xpack-dev-tools/arm-none-eabi-gcc/13.2.1-1.1.1/.content/bin/../lib/gcc/arm-none-eabi/13.2.1/../../../../arm-none-eabi/lib/thumb/v7e-m+fp/hard\libc_nano.a(libc_a-exit.o)
                              c:/Users/gamin/AppData/Roaming/Code/User/globalStorage/bmd.stm32-for-vscode/@xpack-dev-tools/arm-none-eabi-gcc/13.2.1-1.1.1/.content/bin/../lib/gcc/arm-none-eabi/13.2.1/../../../../arm-none-eabi/lib/thumb/v7e-m+fp/hard/crt0.o (exit)
c:/Users/gamin/AppData/Roaming/Code/User/globalStorage/bmd.stm32-for-vscode/@xpack-dev-tools/arm-none-eabi-gcc/13.2.1-1.1.1/.content/bin/../lib/gcc/arm-none-eabi/13.2.1/../../../../arm-none-eabi/lib/thumb/v7e-m+fp/hard\libc_nano.a(libc_a-findfp.o)
                              c:/Users/gamin/AppData/Roaming/Code/User/globalStorage/bmd.stm32-for-vscode/@xpack-dev-tools/arm-none-eabi-gcc/13.2.1-1.1.1/.content/bin/../lib/gcc/arm-none-eabi/13.2.1/../../../../arm-none-eabi/lib/thumb/v7e-m+fp/hard\libc_nano.a(libc_a-exit.o) (__stdio_exit_handler)
c:/Users/gamin/AppData/Roaming/Code/User/globalStorage/bmd.stm32-for-vscode/@xpack-dev-tools/arm-none-eabi-gcc/13.2.1-1.1.1/.content/bin/../lib/gcc/arm-none-eabi/13.2.1/../../../../arm-none-eabi/lib/thumb/v7e-m+fp/hard\libc_nano.a(libc_a-fwalk.o)
                              c:/Users/gamin/AppData/Roaming/Code/User/globalStorage/bmd.stm32-for-vscode/@xpack-dev-tools/arm-none-eabi-gcc/13.2.1-1.1.1/.content/bin/../lib/gcc/arm-none-eabi/13.2.1/../../../../arm-none-eabi/lib/thumb/v7e-m+fp/hard\libc_nano.a(libc_a-findfp.o) (_fwalk_sglue)
c:/Users/gamin/AppData/Roaming/Code/User/globalStorage/bmd.stm32-for-vscode/@xpack-dev-tools/arm-none-eabi-gcc/13.2.1-1.1.1/.content/bin/../lib/gcc/arm-none-eabi/13.2.1/../../../../arm-none-eabi/lib/thumb/v7e-m+fp/hard\libc_nano.a(libc_a-stdio.o)
                              c:/Users/gamin/AppData/Roaming/Code/User/globalStorage/bmd.stm32-for-vscode/@xpack-dev-tools/arm-none-eabi-gcc/13.2.1-1.1.1/.content/bin/../lib/gcc/arm-none-eabi/13.2.1/../../../../arm-none-eabi/lib/thumb/v7e-m+fp/hard\libc_nano.a(libc_a-findfp.o) (__sread)
c:/Users/gamin/AppData/Roaming/Code/User/globalStorage/bmd.stm32-for-vscode/@xpack-dev-tools/arm-none-eabi-gcc/13.2.1-1.1.1/.content/bin/../lib/gcc/arm-none-eabi/13.2.1/../../../../arm-none-eabi/lib/thumb/v7e-m+fp/hard\libc_nano.a(libc_a-memset.o)
                              c:/Users/gamin/AppData/Roaming/Code/User/globalStorage/bmd.stm32-for-vscode/@xpack-dev-tools/arm-none-eabi-gcc/13.2.1-1.1.1/.content/bin/../lib/gcc/arm-none-eabi/13.2.1/../../../../arm-none-eabi/lib/thumb/v7e-m+fp/hard/crt0.o (memset)
c:/Users/gamin/AppData/Roaming/Code/User/globalStorage/bmd.stm32-for-vscode/@xpack-dev-tools/arm-none-eabi-gcc/13.2.1-1.1.1/.content/bin/../lib/gcc/arm-none-eabi/13.2.1/../../../../arm-none-eabi/lib/thumb/v7e-m+fp/hard\libc_nano.a(libc_a-closer.o)
                              c:/Users/gamin/AppData/Roaming/Code/User/globalStorage/bmd.stm32-for-vscode/@xpack-dev-tools/arm-none-eabi-gcc/13.2.1-1.1.1/.content/bin/../lib/gcc/arm-none-eabi/13.2.1/../../../../arm-none-eabi/lib/thumb/v7e-m+fp/hard\libc_nano.a(libc_a-stdio.o) (_close_r)
c:/Users/gamin/AppData/Roaming/Code/User/globalStorage/bmd.stm32-for-vscode/@xpack-dev-tools/arm-none-eabi-gcc/13.2.1-1.1.1/.content/bin/../lib/gcc/arm-none-eabi/13.2.1/../../../../arm-none-eabi/lib/thumb/v7e-m+fp/hard\libc_nano.a(libc_a-reent.o)
                              c:/Users/gamin/AppData/Roaming/Code/User/globalStorage/bmd.stm32-for-vscode/@xpack-dev-tools/arm-none-eabi-gcc/13.2.1-1.1.1/.content/bin/../lib/gcc/arm-none-eabi/13.2.1/../../../../arm-none-eabi/lib/thumb/v7e-m+fp/hard\libc_nano.a(libc_a-closer.o) (errno)
c:/Users/gamin/AppData/Roaming/Code/User/globalStorage/bmd.stm32-for-vscode/@xpack-dev-tools/arm-none-eabi-gcc/13.2.1-1.1.1/.content/bin/../lib/gcc/arm-none-eabi/13.2.1/../../../../arm-none-eabi/lib/thumb/v7e-m+fp/hard\libc_nano.a(libc_a-impure.o)
                              c:/Users/gamin/AppData/Roaming/Code/User/globalStorage/bmd.stm32-for-vscode/@xpack-dev-tools/arm-none-eabi-gcc/13.2.1-1.1.1/.content/bin/../lib/gcc/arm-none-eabi/13.2.1/../../../../arm-none-eabi/lib/thumb/v7e-m+fp/hard\libc_nano.a(libc_a-reent.o) (_impure_ptr)
[...]
Memory Configuration

Name             Origin             Length             Attributes
RAM              0x20000000         0x00020000         xrw
CCMRAM           0x10000000         0x00010000         xrw
FLASH            0x08000000         0x00100000         xr
*default*        0x00000000         0xffffffff

Linker script and memory map

LOAD c:/Users/gamin/AppData/Roaming/Code/User/globalStorage/bmd.stm32-for-vscode/@xpack-dev-tools/arm-none-eabi-gcc/13.2.1-1.1.1/.content/bin/../lib/gcc/arm-none-eabi/13.2.1/thumb/v7e-m+fp/hard/crti.o
LOAD c:/Users/gamin/AppData/Roaming/Code/User/globalStorage/bmd.stm32-for-vscode/@xpack-dev-tools/arm-none-eabi-gcc/13.2.1-1.1.1/.content/bin/../lib/gcc/arm-none-eabi/13.2.1/thumb/v7e-m+fp/hard/crtbegin.o
LOAD c:/Users/gamin/AppData/Roaming/Code/User/globalStorage/bmd.stm32-for-vscode/@xpack-dev-tools/arm-none-eabi-gcc/13.2.1-1.1.1/.content/bin/../lib/gcc/arm-none-eabi/13.2.1/../../../../arm-none-eabi/lib/thumb/v7e-m+fp/hard/crt0.o
LOAD build/main.o
LOAD build/stm32f4xx_hal_msp.o
LOAD build/stm32f4xx_it.o
LOAD build/system_stm32f4xx.o
LOAD build/stm32f4xx_hal.o
LOAD build/stm32f4xx_hal_cortex.o
LOAD build/stm32f4xx_hal_dma.o
LOAD build/stm32f4xx_hal_dma_ex.o
LOAD build/stm32f4xx_hal_exti.o
LOAD build/stm32f4xx_hal_flash.o
LOAD build/stm32f4xx_hal_flash_ex.o
LOAD build/stm32f4xx_hal_flash_ramfunc.o
LOAD build/stm32f4xx_hal_gpio.o
LOAD build/stm32f4xx_hal_i2c.o
LOAD build/stm32f4xx_hal_i2c_ex.o
LOAD build/stm32f4xx_hal_i2s.o
LOAD build/stm32f4xx_hal_i2s_ex.o
LOAD build/stm32f4xx_hal_pcd.o
LOAD build/stm32f4xx_hal_pcd_ex.o
LOAD build/stm32f4xx_hal_pwr.o
LOAD build/stm32f4xx_hal_pwr_ex.o
LOAD build/stm32f4xx_hal_rcc.o
LOAD build/stm32f4xx_hal_rcc_ex.o
LOAD build/stm32f4xx_hal_spi.o
LOAD build/stm32f4xx_hal_tim.o
LOAD build/stm32f4xx_hal_tim_ex.o
LOAD build/stm32f4xx_ll_usb.o
LOAD build/usbd_cdc.o
LOAD build/usbd_core.o
LOAD build/usbd_ctlreq.o
LOAD build/usbd_ioreq.o
LOAD build/usb_device.o
LOAD build/usbd_cdc_if.o
LOAD build/usbd_desc.o
LOAD build/usbd_conf.o
LOAD build/startup_stm32f407xx.o
LOAD c:/Users/gamin/AppData/Roaming/Code/User/globalStorage/bmd.stm32-for-vscode/@xpack-dev-tools/arm-none-eabi-gcc/13.2.1-1.1.1/.content/bin/../lib/gcc/arm-none-eabi/13.2.1/../../../../arm-none-eabi/lib/thumb/v7e-m+fp/hard\libc_nano.a
LOAD c:/Users/gamin/AppData/Roaming/Code/User/globalStorage/bmd.stm32-for-vscode/@xpack-dev-tools/arm-none-eabi-gcc/13.2.1-1.1.1/.content/bin/../lib/gcc/arm-none-eabi/13.2.1/../../../../arm-none-eabi/lib/thumb/v7e-m+fp/hard\libm.a
LOAD c:/Users/gamin/AppData/Roaming/Code/User/globalStorage/bmd.stm32-for-vscode/@xpack-dev-tools/arm-none-eabi-gcc/13.2.1-1.1.1/.content/bin/../lib/gcc/arm-none-eabi/13.2.1/../../../../arm-none-eabi/lib/thumb/v7e-m+fp/hard\libnosys.a
START GROUP
LOAD c:/Users/gamin/AppData/Roaming/Code/User/globalStorage/bmd.stm32-for-vscode/@xpack-dev-tools/arm-none-eabi-gcc/13.2.1-1.1.1/.content/bin/../lib/gcc/arm-none-eabi/13.2.1/thumb/v7e-m+fp/hard\libgcc.a
LOAD c:/Users/gamin/AppData/Roaming/Code/User/globalStorage/bmd.stm32-for-vscode/@xpack-dev-tools/arm-none-eabi-gcc/13.2.1-1.1.1/.content/bin/../lib/gcc/arm-none-eabi/13.2.1/../../../../arm-none-eabi/lib/thumb/v7e-m+fp/hard\libc_nano.a
END GROUP
START GROUP
LOAD c:/Users/gamin/AppData/Roaming/Code/User/globalStorage/bmd.stm32-for-vscode/@xpack-dev-tools/arm-none-eabi-gcc/13.2.1-1.1.1/.content/bin/../lib/gcc/arm-none-eabi/13.2.1/thumb/v7e-m+fp/hard\libgcc.a
LOAD c:/Users/gamin/AppData/Roaming/Code/User/globalStorage/bmd.stm32-for-vscode/@xpack-dev-tools/arm-none-eabi-gcc/13.2.1-1.1.1/.content/bin/../lib/gcc/arm-none-eabi/13.2.1/../../../../arm-none-eabi/lib/thumb/v7e-m+fp/hard\libc_nano.a
END GROUP
LOAD c:/Users/gamin/AppData/Roaming/Code/User/globalStorage/bmd.stm32-for-vscode/@xpack-dev-tools/arm-none-eabi-gcc/13.2.1-1.1.1/.content/bin/../lib/gcc/arm-none-eabi/13.2.1/thumb/v7e-m+fp/hard/crtend.o
LOAD c:/Users/gamin/AppData/Roaming/Code/User/globalStorage/bmd.stm32-for-vscode/@xpack-dev-tools/arm-none-eabi-gcc/13.2.1-1.1.1/.content/bin/../lib/gcc/arm-none-eabi/13.2.1/thumb/v7e-m+fp/hard/crtn.o
                0x20020000                        _estack = (ORIGIN (RAM) + LENGTH (RAM))
                0x00000200                        _Min_Heap_Size = 0x200
                0x00000400                        _Min_Stack_Size = 0x400

.isr_vector     0x08000000      0x188
                0x08000000                        . = ALIGN (0x4)
 *(.isr_vector)
 .isr_vector    0x08000000      0x188 build/startup_stm32f407xx.o
                0x08000000                g_pfnVectors
                0x08000188                        . = ALIGN (0x4)

.text           0x08000188     0x4ac8
                0x08000188                        . = ALIGN (0x4)
 *(.text)
 .text          0x08000188       0x30 c:/Users/gamin/AppData/Roaming/Code/User/globalStorage/bmd.stm32-for-vscode/@xpack-dev-tools/arm-none-eabi-gcc/13.2.1-1.1.1/.content/bin/../lib/gcc/arm-none-eabi/13.2.1/thumb/v7e-m+fp/hard\libgcc.a(_aeabi_uldivmod.o)
                0x08000188                __aeabi_uldivmod
 .text          0x080001b8        0x4 c:/Users/gamin/AppData/Roaming/Code/User/globalStorage/bmd.stm32-for-vscode/@xpack-dev-tools/arm-none-eabi-gcc/13.2.1-1.1.1/.content/bin/../lib/gcc/arm-none-eabi/13.2.1/thumb/v7e-m+fp/hard\libgcc.a(_dvmd_tls.o)
                0x080001b8                __aeabi_idiv0
                0x080001b8                __aeabi_ldiv0
 *(.text*)
 .text.__do_global_dtors_aux
                0x080001bc       0x24 c:/Users/gamin/AppData/Roaming/Code/User/globalStorage/bmd.stm32-for-vscode/@xpack-dev-tools/arm-none-eabi-gcc/13.2.1-1.1.1/.content/bin/../lib/gcc/arm-none-eabi/13.2.1/thumb/v7e-m+fp/hard/crtbegin.o
 .text.frame_dummy
                0x080001e0       0x1c c:/Users/gamin/AppData/Roaming/Code/User/globalStorage/bmd.stm32-for-vscode/@xpack-dev-tools/arm-none-eabi-gcc/13.2.1-1.1.1/.content/bin/../lib/gcc/arm-none-eabi/13.2.1/thumb/v7e-m+fp/hard/crtbegin.o
 .text.MX_GPIO_Init
                0x080001fc      0x188 build/main.o
 .text.Error_Handler
                0x08000384        0x4 build/main.o
                0x08000384                Error_Handler
 .text.MX_I2C1_Init
                0x08000388       0x38 build/main.o
 .text.MX_I2S3_Init
                0x080003c0       0x38 build/main.o
 .text.MX_SPI1_Init
                0x080003f8       0x40 build/main.o
 .text.SystemClock_Config
                0x08000438       0xac build/main.o
                0x08000438                SystemClock_Config
 .text.main     0x080004e4       0x2c build/main.o
                0x080004e4                main
 .text.HAL_MspInit
                0x08000510       0x40 build/stm32f4xx_hal_msp.o
                0x08000510                HAL_MspInit
 .text.HAL_I2C_MspInit
                0x08000550       0x70 build/stm32f4xx_hal_msp.o
                0x08000550                HAL_I2C_MspInit
 .text.HAL_I2S_MspInit
                0x080005c0       0xc0 build/stm32f4xx_hal_msp.o
                0x080005c0                HAL_I2S_MspInit
 .text.HAL_SPI_MspInit
                0x08000680       0x6c build/stm32f4xx_hal_msp.o
                0x08000680                HAL_SPI_MspInit
 .text.NMI_Handler
                0x080006ec        0x2 build/stm32f4xx_it.o
                0x080006ec                NMI_Handler
 .text.HardFault_Handler
                0x080006ee        0x2 build/stm32f4xx_it.o
                0x080006ee                HardFault_Handler
 .text.MemManage_Handler
                0x080006f0        0x2 build/stm32f4xx_it.o
                0x080006f0                MemManage_Handler
 .text.BusFault_Handler
                0x080006f2        0x2 build/stm32f4xx_it.o
                0x080006f2                BusFault_Handler
 .text.UsageFault_Handler
                0x080006f4        0x2 build/stm32f4xx_it.o
                0x080006f4                UsageFault_Handler
 .text.SVC_Handler
                0x080006f6        0x2 build/stm32f4xx_it.o
                0x080006f6                SVC_Handler
 .text.DebugMon_Handler
                0x080006f8        0x2 build/stm32f4xx_it.o
                0x080006f8                DebugMon_Handler
 .text.PendSV_Handler
                0x080006fa        0x2 build/stm32f4xx_it.o
                0x080006fa                PendSV_Handler
 .text.SysTick_Handler
                0x080006fc        0x8 build/stm32f4xx_it.o
                0x080006fc                SysTick_Handler
 .text.OTG_FS_IRQHandler
                0x08000704       0x10 build/stm32f4xx_it.o
                0x08000704                OTG_FS_IRQHandler
 .text.SystemInit
                0x08000714       0x14 build/system_stm32f4xx.o
                0x08000714                SystemInit
 .text.HAL_InitTick
                0x08000728       0x4c build/stm32f4xx_hal.o
                0x08000728                HAL_InitTick
 .text.HAL_Init
                0x08000774       0x34 build/stm32f4xx_hal.o
                0x08000774                HAL_Init
 .text.HAL_IncTick
                0x080007a8       0x18 build/stm32f4xx_hal.o
                0x080007a8                HAL_IncTick
 .text.HAL_GetTick
                0x080007c0        0xc build/stm32f4xx_hal.o
                0x080007c0                HAL_GetTick
 .text.HAL_Delay
                0x080007cc       0x28 build/stm32f4xx_hal.o
                0x080007cc                HAL_Delay
 .text.__NVIC_EnableIRQ
                0x080007f4       0x1c build/stm32f4xx_hal_cortex.o
 .text.__NVIC_SetPriority
                0x08000810       0x28 build/stm32f4xx_hal_cortex.o
 .text.NVIC_EncodePriority
                0x08000838       0x3e build/stm32f4xx_hal_cortex.o
 *fill*         0x08000876        0x2 
 .text.HAL_NVIC_SetPriorityGrouping
                0x08000878       0x24 build/stm32f4xx_hal_cortex.o
                0x08000878                HAL_NVIC_SetPriorityGrouping
 .text.HAL_NVIC_SetPriority
                0x0800089c       0x20 build/stm32f4xx_hal_cortex.o
                0x0800089c                HAL_NVIC_SetPriority
 .text.HAL_NVIC_EnableIRQ
                0x080008bc        0x8 build/stm32f4xx_hal_cortex.o
                0x080008bc                HAL_NVIC_EnableIRQ
 .text.HAL_SYSTICK_Config
                0x080008c4       0x28 build/stm32f4xx_hal_cortex.o
                0x080008c4                HAL_SYSTICK_Config
 .text.HAL_GPIO_Init
                0x080008ec      0x1ec build/stm32f4xx_hal_gpio.o
                0x080008ec                HAL_GPIO_Init
 .text.HAL_GPIO_WritePin
                0x08000ad8        0xc build/stm32f4xx_hal_gpio.o
                0x08000ad8                HAL_GPIO_WritePin
 .text.HAL_I2C_Init
                0x08000ae4      0x1bc build/stm32f4xx_hal_i2c.o
                0x08000ae4                HAL_I2C_Init
 .text.HAL_I2S_Init
                0x08000ca0      0x19c build/stm32f4xx_hal_i2s.o
                0x08000ca0                HAL_I2S_Init
 .text.HAL_I2S_TxCpltCallback
                0x08000e3c        0x2 build/stm32f4xx_hal_i2s.o
                0x08000e3c                HAL_I2S_TxCpltCallback
 .text.I2S_Transmit_IT
                0x08000e3e       0x38 build/stm32f4xx_hal_i2s.o
 .text.HAL_I2S_RxCpltCallback
                0x08000e76        0x2 build/stm32f4xx_hal_i2s.o
                0x08000e76                HAL_I2S_RxCpltCallback
 .text.I2S_Receive_IT
                0x08000e78       0x38 build/stm32f4xx_hal_i2s.o
 .text.HAL_I2S_ErrorCallback
                0x08000eb0        0x2 build/stm32f4xx_hal_i2s.o
                0x08000eb0                HAL_I2S_ErrorCallback
 .text.I2S_IRQHandler
                0x08000eb2       0xd0 build/stm32f4xx_hal_i2s.o
 .text.HAL_I2SEx_TxRxCpltCallback
                0x08000f82        0x2 build/stm32f4xx_hal_i2s_ex.o
                0x08000f82                HAL_I2SEx_TxRxCpltCallback
 .text.I2SEx_TxISR_I2S
                0x08000f84       0x3c build/stm32f4xx_hal_i2s_ex.o
 .text.I2SEx_RxISR_I2SExt
                0x08000fc0       0x64 build/stm32f4xx_hal_i2s_ex.o
 .text.I2SEx_TxISR_I2SExt
                0x08001024       0x64 build/stm32f4xx_hal_i2s_ex.o
 .text.I2SEx_RxISR_I2S
                0x08001088       0x3c build/stm32f4xx_hal_i2s_ex.o
 .text.HAL_I2SEx_FullDuplex_IRQHandler
                0x080010c4      0x1d8 build/stm32f4xx_hal_i2s_ex.o
                0x080010c4                HAL_I2SEx_FullDuplex_IRQHandler
 .text.PCD_WriteEmptyTxFifo
                0x0800129c       0xd0 build/stm32f4xx_hal_pcd.o
 .text.HAL_PCD_Init
                0x0800136c      0x102 build/stm32f4xx_hal_pcd.o
                0x0800136c                HAL_PCD_Init
 .text.HAL_PCD_Start
                0x0800146e       0x44 build/stm32f4xx_hal_pcd.o
                0x0800146e                HAL_PCD_Start
 *fill*         0x080014b2        0x2 
 .text.PCD_EP_OutXfrComplete_int
                0x080014b4      0x104 build/stm32f4xx_hal_pcd.o
 .text.PCD_EP_OutSetupPacket_int
                0x080015b8       0x50 build/stm32f4xx_hal_pcd.o
 .text.HAL_PCD_SetAddress
                0x08001608       0x26 build/stm32f4xx_hal_pcd.o
                0x08001608                HAL_PCD_SetAddress
 .text.HAL_PCD_EP_Open
                0x0800162e       0x88 build/stm32f4xx_hal_pcd.o
                0x0800162e                HAL_PCD_EP_Open
 .text.HAL_PCD_EP_Close
                0x080016b6       0x70 build/stm32f4xx_hal_pcd.o
                0x080016b6                HAL_PCD_EP_Close
 .text.HAL_PCD_EP_Receive
                0x08001726       0x4a build/stm32f4xx_hal_pcd.o
                0x08001726                HAL_PCD_EP_Receive
 .text.HAL_PCD_EP_GetRxCount
                0x08001770       0x12 build/stm32f4xx_hal_pcd.o
                0x08001770                HAL_PCD_EP_GetRxCount
 .text.HAL_PCD_EP_Transmit
                0x08001782       0x4a build/stm32f4xx_hal_pcd.o
                0x08001782                HAL_PCD_EP_Transmit
 .text.HAL_PCD_EP_SetStall
                0x080017cc       0x86 build/stm32f4xx_hal_pcd.o
                0x080017cc                HAL_PCD_EP_SetStall
 .text.HAL_PCD_EP_ClrStall
                0x08001852       0x74 build/stm32f4xx_hal_pcd.o
                0x08001852                HAL_PCD_EP_ClrStall
 .text.HAL_PCD_EP_Abort
                0x080018c6       0x34 build/stm32f4xx_hal_pcd.o
                0x080018c6                HAL_PCD_EP_Abort
 .text.HAL_PCD_IRQHandler
                0x080018fa      0x5c0 build/stm32f4xx_hal_pcd.o
                0x080018fa                HAL_PCD_IRQHandler
 .text.HAL_PCDEx_SetTxFiFo
                0x08001eba       0x4c build/stm32f4xx_hal_pcd_ex.o
                0x08001eba                HAL_PCDEx_SetTxFiFo
 .text.HAL_PCDEx_SetRxFiFo
                0x08001f06        0x8 build/stm32f4xx_hal_pcd_ex.o
                0x08001f06                HAL_PCDEx_SetRxFiFo
 .text.HAL_PCDEx_LPM_Callback
                0x08001f0e        0x2 build/stm32f4xx_hal_pcd_ex.o
                0x08001f0e                HAL_PCDEx_LPM_Callback
 .text.HAL_RCC_OscConfig
                0x08001f10      0x3f8 build/stm32f4xx_hal_rcc.o
                0x08001f10                HAL_RCC_OscConfig
 .text.HAL_RCC_GetSysClockFreq
                0x08002308       0xdc build/stm32f4xx_hal_rcc.o
                0x08002308                HAL_RCC_GetSysClockFreq
 .text.HAL_RCC_ClockConfig
                0x080023e4      0x160 build/stm32f4xx_hal_rcc.o
                0x080023e4                HAL_RCC_ClockConfig
 .text.HAL_RCC_GetHCLKFreq
                0x08002544        0xc build/stm32f4xx_hal_rcc.o
                0x08002544                HAL_RCC_GetHCLKFreq
 .text.HAL_RCC_GetPCLK1Freq
                0x08002550       0x20 build/stm32f4xx_hal_rcc.o
                0x08002550                HAL_RCC_GetPCLK1Freq
 .text.HAL_RCCEx_PeriphCLKConfig
                0x08002570      0x154 build/stm32f4xx_hal_rcc_ex.o
                0x08002570                HAL_RCCEx_PeriphCLKConfig
 .text.HAL_RCCEx_GetPeriphCLKFreq
                0x080026c4       0x70 build/stm32f4xx_hal_rcc_ex.o
                0x080026c4                HAL_RCCEx_GetPeriphCLKFreq
 .text.HAL_SPI_Init
                0x08002734       0xbe build/stm32f4xx_hal_spi.o
                0x08002734                HAL_SPI_Init
 .text.USB_CoreReset
                0x080027f2       0x4a build/stm32f4xx_ll_usb.o
 .text.USB_CoreInit
                0x0800283c       0x92 build/stm32f4xx_ll_usb.o
                0x0800283c                USB_CoreInit
 *fill*         0x080028ce        0x2 
 .text.USB_SetTurnaroundTime
                0x080028d0       0xe4 build/stm32f4xx_ll_usb.o
                0x080028d0                USB_SetTurnaroundTime
 .text.USB_EnableGlobalInt
                0x080029b4        0xc build/stm32f4xx_ll_usb.o
                0x080029b4                USB_EnableGlobalInt
 .text.USB_DisableGlobalInt
                0x080029c0        0xc build/stm32f4xx_ll_usb.o
                0x080029c0                USB_DisableGlobalInt
 .text.USB_FlushTxFifo
                0x080029cc       0x4a build/stm32f4xx_ll_usb.o
                0x080029cc                USB_FlushTxFifo
 .text.USB_FlushRxFifo
                0x08002a16       0x46 build/stm32f4xx_ll_usb.o
                0x08002a16                USB_FlushRxFifo
 .text.USB_SetDevSpeed
                0x08002a5c        0xe build/stm32f4xx_ll_usb.o
                0x08002a5c                USB_SetDevSpeed
 *fill*         0x08002a6a        0x2 
 .text.USB_DevInit
                0x08002a6c      0x194 build/stm32f4xx_ll_usb.o
                0x08002a6c                USB_DevInit
 .text.USB_GetDevSpeed
                0x08002c00       0x22 build/stm32f4xx_ll_usb.o
                0x08002c00                USB_GetDevSpeed
 .text.USB_ActivateEndpoint
                0x08002c22       0x9a build/stm32f4xx_ll_usb.o
                0x08002c22                USB_ActivateEndpoint
 .text.USB_DeactivateEndpoint
                0x08002cbc       0xe0 build/stm32f4xx_ll_usb.o
                0x08002cbc                USB_DeactivateEndpoint
 .text.USB_EPStopXfer
                0x08002d9c       0xbe build/stm32f4xx_ll_usb.o
                0x08002d9c                USB_EPStopXfer
 .text.USB_WritePacket
                0x08002e5a       0x2e build/stm32f4xx_ll_usb.o
                0x08002e5a                USB_WritePacket
 .text.USB_EPStartXfer
                0x08002e88      0x238 build/stm32f4xx_ll_usb.o
                0x08002e88                USB_EPStartXfer
 .text.USB_ReadPacket
                0x080030c0       0x46 build/stm32f4xx_ll_usb.o
                0x080030c0                USB_ReadPacket
 .text.USB_EPSetStall
                0x08003106       0x5a build/stm32f4xx_ll_usb.o
                0x08003106                USB_EPSetStall
 .text.USB_EPClearStall
                0x08003160       0x5c build/stm32f4xx_ll_usb.o
                0x08003160                USB_EPClearStall
 .text.USB_SetDevAddress
                0x080031bc       0x20 build/stm32f4xx_ll_usb.o
                0x080031bc                USB_SetDevAddress
 .text.USB_DevConnect
                0x080031dc       0x1c build/stm32f4xx_ll_usb.o
                0x080031dc                USB_DevConnect
 .text.USB_DevDisconnect
                0x080031f8       0x1c build/stm32f4xx_ll_usb.o
                0x080031f8                USB_DevDisconnect
 .text.USB_ReadInterrupts
                0x08003214        0x8 build/stm32f4xx_ll_usb.o
                0x08003214                USB_ReadInterrupts
 .text.USB_ReadDevAllOutEpInterrupt
                0x0800321c       0x10 build/stm32f4xx_ll_usb.o
                0x0800321c                USB_ReadDevAllOutEpInterrupt
 .text.USB_ReadDevAllInEpInterrupt
                0x0800322c       0x10 build/stm32f4xx_ll_usb.o
                0x0800322c                USB_ReadDevAllInEpInterrupt
 .text.USB_ReadDevOutEPInterrupt
                0x0800323c       0x12 build/stm32f4xx_ll_usb.o
                0x0800323c                USB_ReadDevOutEPInterrupt
 .text.USB_ReadDevInEPInterrupt
                0x0800324e       0x24 build/stm32f4xx_ll_usb.o
                0x0800324e                USB_ReadDevInEPInterrupt
 .text.USB_GetMode
                0x08003272        0x8 build/stm32f4xx_ll_usb.o
                0x08003272                USB_GetMode
 .text.USB_SetCurrentMode
                0x0800327a       0x62 build/stm32f4xx_ll_usb.o
                0x0800327a                USB_SetCurrentMode
 .text.USB_ActivateSetup
                0x080032dc       0x1c build/stm32f4xx_ll_usb.o
                0x080032dc                USB_ActivateSetup
 .text.USB_EP0_OutStart
                0x080032f8       0x60 build/stm32f4xx_ll_usb.o
                0x080032f8                USB_EP0_OutStart
 .text.USBD_CDC_EP0_RxReady
                0x08003358       0x40 build/usbd_cdc.o
 .text.USBD_CDC_GetDeviceQualifierDescriptor
                0x08003398        0xc build/usbd_cdc.o
                0x08003398                USBD_CDC_GetDeviceQualifierDescriptor
 .text.USBD_CDC_GetOtherSpeedCfgDesc
                0x080033a4       0x48 build/usbd_cdc.o
 .text.USBD_CDC_GetFSCfgDesc
                0x080033ec       0x48 build/usbd_cdc.o
 .text.USBD_CDC_GetHSCfgDesc
                0x08003434       0x48 build/usbd_cdc.o
 .text.USBD_CDC_DataOut
                0x0800347c       0x38 build/usbd_cdc.o
 .text.USBD_CDC_DataIn
                0x080034b4       0x7c build/usbd_cdc.o
 .text.USBD_CDC_Setup
                0x08003530      0x11a build/usbd_cdc.o
 .text.USBD_CDC_DeInit
                0x0800364a       0x64 build/usbd_cdc.o
 .text.USBD_CDC_Init
                0x080036ae       0xee build/usbd_cdc.o
 .text.USBD_CDC_RegisterInterface
                0x0800379c       0x16 build/usbd_cdc.o
                0x0800379c                USBD_CDC_RegisterInterface
 .text.USBD_CDC_SetTxBuffer
                0x080037b2       0x1c build/usbd_cdc.o
                0x080037b2                USBD_CDC_SetTxBuffer
 .text.USBD_CDC_SetRxBuffer
                0x080037ce       0x18 build/usbd_cdc.o
                0x080037ce                USBD_CDC_SetRxBuffer
 .text.USBD_CDC_TransmitPacket
                0x080037e6       0x36 build/usbd_cdc.o
                0x080037e6                USBD_CDC_TransmitPacket
 .text.USBD_CDC_ReceivePacket
                0x0800381c       0x38 build/usbd_cdc.o
                0x0800381c                USBD_CDC_ReceivePacket
 .text.USBD_Init
                0x08003854       0x2e build/usbd_core.o
                0x08003854                USBD_Init
 .text.USBD_RegisterClass
                0x08003882       0x34 build/usbd_core.o
                0x08003882                USBD_RegisterClass
 .text.USBD_Start
                0x080038b6        0x8 build/usbd_core.o
                0x080038b6                USBD_Start
 .text.USBD_SetClassConfig
                0x080038be       0x12 build/usbd_core.o
                0x080038be                USBD_SetClassConfig
 .text.USBD_ClrClassConfig
                0x080038d0       0x12 build/usbd_core.o
                0x080038d0                USBD_ClrClassConfig
 .text.USBD_LL_SetupStage
                0x080038e2       0x58 build/usbd_core.o
                0x080038e2                USBD_LL_SetupStage
 .text.USBD_LL_Reset
                0x0800393a       0x64 build/usbd_core.o
                0x0800393a                USBD_LL_Reset
 .text.USBD_LL_SetSpeed
                0x0800399e        0x6 build/usbd_core.o
                0x0800399e                USBD_LL_SetSpeed
 .text.USBD_LL_Suspend
                0x080039a4       0x1e build/usbd_core.o
                0x080039a4                USBD_LL_Suspend
 .text.USBD_LL_Resume
                0x080039c2       0x1a build/usbd_core.o
                0x080039c2                USBD_LL_Resume
 .text.USBD_LL_SOF
                0x080039dc       0x22 build/usbd_core.o
                0x080039dc                USBD_LL_SOF
 .text.USBD_LL_IsoINIncomplete
                0x080039fe       0x2e build/usbd_core.o
                0x080039fe                USBD_LL_IsoINIncomplete
 .text.USBD_LL_IsoOUTIncomplete
                0x08003a2c       0x2e build/usbd_core.o
                0x08003a2c                USBD_LL_IsoOUTIncomplete
 .text.USBD_LL_DevConnected
                0x08003a5a        0x4 build/usbd_core.o
                0x08003a5a                USBD_LL_DevConnected
 .text.USBD_LL_DevDisconnected
                0x08003a5e       0x20 build/usbd_core.o
                0x08003a5e                USBD_LL_DevDisconnected
 .text.USBD_CoreFindIF
                0x08003a7e        0x4 build/usbd_core.o
                0x08003a7e                USBD_CoreFindIF
 .text.USBD_CoreFindEP
                0x08003a82        0x4 build/usbd_core.o
                0x08003a82                USBD_CoreFindEP
 .text.USBD_LL_DataOutStage
                0x08003a86       0xc4 build/usbd_core.o
                0x08003a86                USBD_LL_DataOutStage
 .text.USBD_LL_DataInStage
                0x08003b4a       0xd6 build/usbd_core.o
                0x08003b4a                USBD_LL_DataInStage
 .text.USBD_GetNextDesc
                0x08003c20        0xe build/usbd_core.o
                0x08003c20                USBD_GetNextDesc
 .text.USBD_GetEpDesc
                0x08003c2e       0x3e build/usbd_core.o
                0x08003c2e                USBD_GetEpDesc
 .text.USBD_GetLen
                0x08003c6c       0x14 build/usbd_ctlreq.o
 .text.USBD_ParseSetupRequest
                0x08003c80       0x28 build/usbd_ctlreq.o
                0x08003c80                USBD_ParseSetupRequest
 .text.USBD_CtlError
                0x08003ca8       0x14 build/usbd_ctlreq.o
                0x08003ca8                USBD_CtlError
 .text.USBD_GetDescriptor
                0x08003cbc      0x18a build/usbd_ctlreq.o
 .text.USBD_SetAddress
                0x08003e46       0x50 build/usbd_ctlreq.o
 *fill*         0x08003e96        0x2 
 .text.USBD_SetConfig
                0x08003e98       0xcc build/usbd_ctlreq.o
 .text.USBD_GetConfig
                0x08003f64       0x40 build/usbd_ctlreq.o
 .text.USBD_GetStatus
                0x08003fa4       0x38 build/usbd_ctlreq.o
 .text.USBD_SetFeature
                0x08003fdc       0x2a build/usbd_ctlreq.o
 .text.USBD_ClrFeature
                0x08004006       0x26 build/usbd_ctlreq.o
 .text.USBD_StdDevReq
                0x0800402c       0x76 build/usbd_ctlreq.o
                0x0800402c                USBD_StdDevReq
 .text.USBD_StdItfReq
                0x080040a2       0x84 build/usbd_ctlreq.o
                0x080040a2                USBD_StdItfReq
 .text.USBD_StdEPReq
                0x08004126      0x230 build/usbd_ctlreq.o
                0x08004126                USBD_StdEPReq
 .text.USBD_GetString
                0x08004356       0x3a build/usbd_ctlreq.o
                0x08004356                USBD_GetString
 .text.USBD_CtlSendData
                0x08004390       0x1a build/usbd_ioreq.o
                0x08004390                USBD_CtlSendData
 .text.USBD_CtlContinueSendData
                0x080043aa       0x10 build/usbd_ioreq.o
                0x080043aa                USBD_CtlContinueSendData
 .text.USBD_CtlPrepareRx
                0x080043ba       0x1e build/usbd_ioreq.o
                0x080043ba                USBD_CtlPrepareRx
 .text.USBD_CtlContinueRx
                0x080043d8       0x10 build/usbd_ioreq.o
                0x080043d8                USBD_CtlContinueRx
 .text.USBD_CtlSendStatus
                0x080043e8       0x16 build/usbd_ioreq.o
                0x080043e8                USBD_CtlSendStatus
 .text.USBD_CtlReceiveStatus
                0x080043fe       0x16 build/usbd_ioreq.o
                0x080043fe                USBD_CtlReceiveStatus
 .text.MX_USB_DEVICE_Init
                0x08004414       0x54 build/usb_device.o
                0x08004414                MX_USB_DEVICE_Init
 .text.CDC_DeInit_FS
                0x08004468        0x4 build/usbd_cdc_if.o
 .text.CDC_Control_FS
                0x0800446c        0x4 build/usbd_cdc_if.o
 .text.CDC_TransmitCplt_FS
                0x08004470        0x4 build/usbd_cdc_if.o
 .text.CDC_Receive_FS
                0x08004474       0x1c build/usbd_cdc_if.o
 .text.CDC_Init_FS
                0x08004490       0x28 build/usbd_cdc_if.o
 .text.CDC_Transmit_FS
                0x080044b8       0x2c build/usbd_cdc_if.o
                0x080044b8                CDC_Transmit_FS
 .text.USBD_FS_DeviceDescriptor
                0x080044e4        0xc build/usbd_desc.o
                0x080044e4                USBD_FS_DeviceDescriptor
 .text.USBD_FS_LangIDStrDescriptor
                0x080044f0        0xc build/usbd_desc.o
                0x080044f0                USBD_FS_LangIDStrDescriptor
 .text.IntToUnicode
                0x080044fc       0x46 build/usbd_desc.o
 *fill*         0x08004542        0x2 
 .text.Get_SerialNum
                0x08004544       0x38 build/usbd_desc.o
 .text.USBD_FS_SerialStrDescriptor
                0x0800457c       0x14 build/usbd_desc.o
                0x0800457c                USBD_FS_SerialStrDescriptor
 .text.USBD_FS_ProductStrDescriptor
                0x08004590       0x24 build/usbd_desc.o
                0x08004590                USBD_FS_ProductStrDescriptor
 .text.USBD_FS_ManufacturerStrDescriptor
                0x080045b4       0x1c build/usbd_desc.o
                0x080045b4                USBD_FS_ManufacturerStrDescriptor
 .text.USBD_FS_ConfigStrDescriptor
                0x080045d0       0x24 build/usbd_desc.o
                0x080045d0                USBD_FS_ConfigStrDescriptor
 .text.USBD_FS_InterfaceStrDescriptor
                0x080045f4       0x24 build/usbd_desc.o
                0x080045f4                USBD_FS_InterfaceStrDescriptor
 .text.HAL_PCD_MspInit
                0x08004618       0x94 build/usbd_conf.o
                0x08004618                HAL_PCD_MspInit
 .text.HAL_PCD_SetupStageCallback
                0x080046ac       0x10 build/usbd_conf.o
                0x080046ac                HAL_PCD_SetupStageCallback
 .text.HAL_PCD_DataOutStageCallback
                0x080046bc       0x18 build/usbd_conf.o
                0x080046bc                HAL_PCD_DataOutStageCallback
 .text.HAL_PCD_DataInStageCallback
                0x080046d4       0x16 build/usbd_conf.o
                0x080046d4                HAL_PCD_DataInStageCallback
 .text.HAL_PCD_SOFCallback
                0x080046ea        0xc build/usbd_conf.o
                0x080046ea                HAL_PCD_SOFCallback
 .text.HAL_PCD_ResetCallback
                0x080046f6       0x28 build/usbd_conf.o
                0x080046f6                HAL_PCD_ResetCallback
 *fill*         0x0800471e        0x2 
 .text.HAL_PCD_SuspendCallback
                0x08004720       0x30 build/usbd_conf.o
                0x08004720                HAL_PCD_SuspendCallback
 .text.HAL_PCD_ResumeCallback
                0x08004750        0xc build/usbd_conf.o
                0x08004750                HAL_PCD_ResumeCallback
 .text.HAL_PCD_ISOOUTIncompleteCallback
                0x0800475c        0xc build/usbd_conf.o
                0x0800475c                HAL_PCD_ISOOUTIncompleteCallback
 .text.HAL_PCD_ISOINIncompleteCallback
                0x08004768        0xc build/usbd_conf.o
                0x08004768                HAL_PCD_ISOINIncompleteCallback
 .text.HAL_PCD_ConnectCallback
                0x08004774        0xc build/usbd_conf.o
                0x08004774                HAL_PCD_ConnectCallback
 .text.HAL_PCD_DisconnectCallback
                0x08004780        0xc build/usbd_conf.o
                0x08004780                HAL_PCD_DisconnectCallback
 .text.USBD_LL_Init
                0x0800478c       0x68 build/usbd_conf.o
                0x0800478c                USBD_LL_Init
 .text.USBD_LL_IsStallEP
                0x080047f4       0x2c build/usbd_conf.o
                0x080047f4                USBD_LL_IsStallEP
 .text.USBD_LL_GetRxDataSize
                0x08004820        0xc build/usbd_conf.o
                0x08004820                USBD_LL_GetRxDataSize
 .text.USBD_static_malloc
                0x0800482c        0x8 build/usbd_conf.o
                0x0800482c                USBD_static_malloc
 .text.USBD_static_free
                0x08004834        0x2 build/usbd_conf.o
                0x08004834                USBD_static_free
 .text.USBD_Get_USB_Status
                0x08004836       0x14 build/usbd_conf.o
                0x08004836                USBD_Get_USB_Status
 .text.USBD_LL_Start
                0x0800484a       0x10 build/usbd_conf.o
                0x0800484a                USBD_LL_Start
 .text.USBD_LL_OpenEP
                0x0800485a       0x16 build/usbd_conf.o
                0x0800485a                USBD_LL_OpenEP
 .text.USBD_LL_CloseEP
                0x08004870       0x10 build/usbd_conf.o
                0x08004870                USBD_LL_CloseEP
 .text.USBD_LL_StallEP
                0x08004880       0x10 build/usbd_conf.o
                0x08004880                USBD_LL_StallEP
 .text.USBD_LL_ClearStallEP
                0x08004890       0x10 build/usbd_conf.o
                0x08004890                USBD_LL_ClearStallEP
 .text.USBD_LL_SetUSBAddress
                0x080048a0       0x10 build/usbd_conf.o
                0x080048a0                USBD_LL_SetUSBAddress
 .text.USBD_LL_Transmit
                0x080048b0       0x10 build/usbd_conf.o
                0x080048b0                USBD_LL_Transmit
 .text.USBD_LL_PrepareReceive
                0x080048c0       0x10 build/usbd_conf.o
                0x080048c0                USBD_LL_PrepareReceive
 .text.Reset_Handler
                0x080048d0       0x50 build/startup_stm32f407xx.o
                0x080048d0                Reset_Handler
 .text.Default_Handler
                0x08004920        0x2 build/startup_stm32f407xx.o
                0x08004920                RTC_Alarm_IRQHandler
                0x08004920                HASH_RNG_IRQHandler
                0x08004920                EXTI2_IRQHandler
                0x08004920                TIM8_CC_IRQHandler
                0x08004920                TIM1_CC_IRQHandler
                0x08004920                DMA2_Stream5_IRQHandler
                0x08004920                DMA1_Stream5_IRQHandler
                0x08004920                PVD_IRQHandler
                0x08004920                SDIO_IRQHandler
                0x08004920                TAMP_STAMP_IRQHandler
                0x08004920                CAN2_RX1_IRQHandler
                0x08004920                EXTI3_IRQHandler
                0x08004920                TIM8_TRG_COM_TIM14_IRQHandler
                0x08004920                TIM1_UP_TIM10_IRQHandler
                0x08004920                TIM8_UP_TIM13_IRQHandler
                0x08004920                I2C3_ER_IRQHandler
                0x08004920                EXTI0_IRQHandler
                0x08004920                I2C2_EV_IRQHandler
                0x08004920                DMA1_Stream2_IRQHandler
                0x08004920                CAN1_RX0_IRQHandler
                0x08004920                FPU_IRQHandler
                0x08004920                OTG_HS_WKUP_IRQHandler
                0x08004920                CAN2_SCE_IRQHandler
                0x08004920                DMA2_Stream2_IRQHandler
                0x08004920                SPI1_IRQHandler
                0x08004920                TIM6_DAC_IRQHandler
                0x08004920                TIM1_BRK_TIM9_IRQHandler
                0x08004920                DCMI_IRQHandler
                0x08004920                CAN2_RX0_IRQHandler
                0x08004920                DMA2_Stream3_IRQHandler
                0x08004920                USART6_IRQHandler
                0x08004920                USART3_IRQHandler
                0x08004920                CAN1_RX1_IRQHandler
                0x08004920                UART5_IRQHandler
                0x08004920                DMA2_Stream0_IRQHandler
                0x08004920                TIM4_IRQHandler
                0x08004920                I2C1_EV_IRQHandler
                0x08004920                DMA1_Stream6_IRQHandler
                0x08004920                DMA1_Stream1_IRQHandler
                0x08004920                UART4_IRQHandler
                0x08004920                TIM3_IRQHandler
                0x08004920                RCC_IRQHandler
                0x08004920                TIM8_BRK_TIM12_IRQHandler
                0x08004920                Default_Handler
                0x08004920                EXTI15_10_IRQHandler
                0x08004920                ADC_IRQHandler
                0x08004920                DMA1_Stream7_IRQHandler
                0x08004920                TIM7_IRQHandler
                0x08004920                CAN2_TX_IRQHandler
                0x08004920                TIM5_IRQHandler
                0x08004920                DMA2_Stream7_IRQHandler
                0x08004920                I2C3_EV_IRQHandler
                0x08004920                EXTI9_5_IRQHandler
                0x08004920                RTC_WKUP_IRQHandler
                0x08004920                ETH_WKUP_IRQHandler
                0x08004920                SPI2_IRQHandler
                0x08004920                OTG_HS_EP1_IN_IRQHandler
                0x08004920                DMA1_Stream0_IRQHandler
                0x08004920                CAN1_TX_IRQHandler
                0x08004920                EXTI4_IRQHandler
                0x08004920                FSMC_IRQHandler
                0x08004920                ETH_IRQHandler
                0x08004920                OTG_HS_EP1_OUT_IRQHandler
                0x08004920                WWDG_IRQHandler
                0x08004920                TIM2_IRQHandler
                0x08004920                OTG_FS_WKUP_IRQHandler
                0x08004920                TIM1_TRG_COM_TIM11_IRQHandler
                0x08004920                OTG_HS_IRQHandler
                0x08004920                EXTI1_IRQHandler
                0x08004920                USART2_IRQHandler
                0x08004920                I2C2_ER_IRQHandler
                0x08004920                DMA2_Stream1_IRQHandler
                0x08004920                CAN1_SCE_IRQHandler
                0x08004920                FLASH_IRQHandler
                0x08004920                DMA2_Stream4_IRQHandler
                0x08004920                USART1_IRQHandler
                0x08004920                SPI3_IRQHandler
                0x08004920                DMA1_Stream4_IRQHandler
                0x08004920                I2C1_ER_IRQHandler
                0x08004920                DMA2_Stream6_IRQHandler
                0x08004920                DMA1_Stream3_IRQHandler
 .text.memset   0x08004922       0x10 c:/Users/gamin/AppData/Roaming/Code/User/globalStorage/bmd.stm32-for-vscode/@xpack-dev-tools/arm-none-eabi-gcc/13.2.1-1.1.1/.content/bin/../lib/gcc/arm-none-eabi/13.2.1/../../../../arm-none-eabi/lib/thumb/v7e-m+fp/hard\libc_nano.a(libc_a-memset.o)
                0x08004922                memset
 *fill*         0x08004932        0x2 
 .text.__libc_init_array
                0x08004934       0x48 c:/Users/gamin/AppData/Roaming/Code/User/globalStorage/bmd.stm32-for-vscode/@xpack-dev-tools/arm-none-eabi-gcc/13.2.1-1.1.1/.content/bin/../lib/gcc/arm-none-eabi/13.2.1/../../../../arm-none-eabi/lib/thumb/v7e-m+fp/hard\libc_nano.a(libc_a-init.o)
                0x08004934                __libc_init_array
 .text.__udivmoddi4
                0x0800497c      0x2bc c:/Users/gamin/AppData/Roaming/Code/User/globalStorage/bmd.stm32-for-vscode/@xpack-dev-tools/arm-none-eabi-gcc/13.2.1-1.1.1/.content/bin/../lib/gcc/arm-none-eabi/13.2.1/thumb/v7e-m+fp/hard\libgcc.a(_udivmoddi4.o)
                0x0800497c                __udivmoddi4
 *(.glue_7)
 .glue_7        0x08004c38        0x0 linker stubs
 *(.glue_7t)
 .glue_7t       0x08004c38        0x0 linker stubs
 *(.eh_frame)
 .eh_frame      0x08004c38        0x0 c:/Users/gamin/AppData/Roaming/Code/User/globalStorage/bmd.stm32-for-vscode/@xpack-dev-tools/arm-none-eabi-gcc/13.2.1-1.1.1/.content/bin/../lib/gcc/arm-none-eabi/13.2.1/thumb/v7e-m+fp/hard/crtbegin.o
 *(.init)
 .init          0x08004c38        0x4 c:/Users/gamin/AppData/Roaming/Code/User/globalStorage/bmd.stm32-for-vscode/@xpack-dev-tools/arm-none-eabi-gcc/13.2.1-1.1.1/.content/bin/../lib/gcc/arm-none-eabi/13.2.1/thumb/v7e-m+fp/hard/crti.o
                0x08004c38                _init
 .init          0x08004c3c        0x8 c:/Users/gamin/AppData/Roaming/Code/User/globalStorage/bmd.stm32-for-vscode/@xpack-dev-tools/arm-none-eabi-gcc/13.2.1-1.1.1/.content/bin/../lib/gcc/arm-none-eabi/13.2.1/thumb/v7e-m+fp/hard/crtn.o
 *(.fini)
 .fini          0x08004c44        0x4 c:/Users/gamin/AppData/Roaming/Code/User/globalStorage/bmd.stm32-for-vscode/@xpack-dev-tools/arm-none-eabi-gcc/13.2.1-1.1.1/.content/bin/../lib/gcc/arm-none-eabi/13.2.1/thumb/v7e-m+fp/hard/crti.o
                0x08004c44                _fini
 .fini          0x08004c48        0x8 c:/Users/gamin/AppData/Roaming/Code/User/globalStorage/bmd.stm32-for-vscode/@xpack-dev-tools/arm-none-eabi-gcc/13.2.1-1.1.1/.content/bin/../lib/gcc/arm-none-eabi/13.2.1/thumb/v7e-m+fp/hard/crtn.o
                0x08004c50                        . = ALIGN (0x4)
                0x08004c50                        _etext = .

.vfp11_veneer   0x08004c50        0x0
 .vfp11_veneer  0x08004c50        0x0 linker stubs

.v4_bx          0x08004c50        0x0
 .v4_bx         0x08004c50        0x0 linker stubs

.iplt           0x08004c50        0x0
 .iplt          0x08004c50        0x0 c:/Users/gamin/AppData/Roaming/Code/User/globalStorage/bmd.stm32-for-vscode/@xpack-dev-tools/arm-none-eabi-gcc/13.2.1-1.1.1/.content/bin/../lib/gcc/arm-none-eabi/13.2.1/thumb/v7e-m+fp/hard/crtbegin.o

.rodata         0x08004c50       0x60
                0x08004c50                        . = ALIGN (0x4)
 *(.rodata)
 *(.rodata*)
 .rodata.APBPrescTable
                0x08004c50        0x8 build/system_stm32f4xx.o
                0x08004c50                APBPrescTable
 .rodata.AHBPrescTable
                0x08004c58       0x10 build/system_stm32f4xx.o
                0x08004c58                AHBPrescTable
 .rodata.USBD_FS_ProductStrDescriptor.str1.4
                0x08004c68       0x46 build/usbd_desc.o
                                 0x16 (size before relaxing)
 .rodata.USBD_FS_ManufacturerStrDescriptor.str1.4
                0x08004cae       0x13 build/usbd_desc.o
 .rodata.USBD_FS_ConfigStrDescriptor.str1.4
                0x08004cae        0xb build/usbd_desc.o
 .rodata.USBD_FS_InterfaceStrDescriptor.str1.4
                0x08004cae        0xe build/usbd_desc.o
                0x08004cc4                        . = ALIGN (0x4)
 *fill*         0x08004cae        0x2 

.ARM.extab
 *(.ARM.extab* .gnu.linkonce.armextab.*)

.ARM            0x08004cb0        0x8
                0x08004cb0                        __exidx_start = .
 *(.ARM.exidx*)
 .ARM.exidx.text.__udivmoddi4
                0x08004cb0        0x8 c:/Users/gamin/AppData/Roaming/Code/User/globalStorage/bmd.stm32-for-vscode/@xpack-dev-tools/arm-none-eabi-gcc/13.2.1-1.1.1/.content/bin/../lib/gcc/arm-none-eabi/13.2.1/thumb/v7e-m+fp/hard\libgcc.a(_udivmoddi4.o)
                0x08004cb8                        __exidx_end = .

.rel.dyn        0x08004cb8        0x0
 .rel.iplt      0x08004cb8        0x0 c:/Users/gamin/AppData/Roaming/Code/User/globalStorage/bmd.stm32-for-vscode/@xpack-dev-tools/arm-none-eabi-gcc/13.2.1-1.1.1/.content/bin/../lib/gcc/arm-none-eabi/13.2.1/thumb/v7e-m+fp/hard/crtbegin.o

.preinit_array  0x08004cb8        0x0
                0x08004cb8                        PROVIDE (__preinit_array_start = .)
 *(.preinit_array*)
                0x08004cb8                        PROVIDE (__preinit_array_end = .)

.init_array     0x08004cb8        0x4
                0x08004cb8                        PROVIDE (__init_array_start = .)
 *(SORT_BY_NAME(.init_array.*))
 *(.init_array*)
 .init_array    0x08004cb8        0x4 c:/Users/gamin/AppData/Roaming/Code/User/globalStorage/bmd.stm32-for-vscode/@xpack-dev-tools/arm-none-eabi-gcc/13.2.1-1.1.1/.content/bin/../lib/gcc/arm-none-eabi/13.2.1/thumb/v7e-m+fp/hard/crtbegin.o
                0x08004cbc                        PROVIDE (__init_array_end = .)

.fini_array     0x08004cbc        0x4
                0x08004cbc                        PROVIDE (__fini_array_start = .)
 *(SORT_BY_NAME(.fini_array.*))
 *(.fini_array*)
 .fini_array    0x08004cbc        0x4 c:/Users/gamin/AppData/Roaming/Code/User/globalStorage/bmd.stm32-for-vscode/@xpack-dev-tools/arm-none-eabi-gcc/13.2.1-1.1.1/.content/bin/../lib/gcc/arm-none-eabi/13.2.1/thumb/v7e-m+fp/hard/crtbegin.o
                0x08004cc0                        PROVIDE (__fini_array_end = .)
                0x08004cc0                        _sidata = LOADADDR (.data)

.data           0x20000000      0x114 load address 0x08004cc0
                0x20000000                        . = ALIGN (0x4)
                0x20000000                        _sdata = .
 *(.data)
 *(.data*)
 .data.data2    0x20000000       0x1a build/main.o
                0x20000000                data2
 *fill*         0x2000001a        0x2 
 .data.SystemCoreClock
                0x2000001c        0x4 build/system_stm32f4xx.o
                0x2000001c                SystemCoreClock
 .data.uwTickFreq
                0x20000020        0x1 build/stm32f4xx_hal.o
                0x20000020                uwTickFreq
 *fill*         0x20000021        0x3 
 .data.uwTickPrio
                0x20000024        0x4 build/stm32f4xx_hal.o
                0x20000024                uwTickPrio
 .data.USBD_CDC_CfgDesc
                0x20000028       0x43 build/usbd_cdc.o
 *fill*         0x2000006b        0x1 
 .data.USBD_CDC
                0x2000006c       0x38 build/usbd_cdc.o
                0x2000006c                USBD_CDC
 .data.USBD_CDC_DeviceQualifierDesc
                0x200000a4        0xa build/usbd_cdc.o
 *fill*         0x200000ae        0x2 
 .data.USBD_Interface_fops_FS
                0x200000b0       0x14 build/usbd_cdc_if.o
                0x200000b0                USBD_Interface_fops_FS
 .data.USBD_StringSerial
                0x200000c4       0x1a build/usbd_desc.o
                0x200000c4                USBD_StringSerial
 *fill*         0x200000de        0x2 
 .data.USBD_LangIDDesc
                0x200000e0        0x4 build/usbd_desc.o
                0x200000e0                USBD_LangIDDesc
 .data.USBD_FS_DeviceDesc
                0x200000e4       0x12 build/usbd_desc.o
                0x200000e4                USBD_FS_DeviceDesc
 *fill*         0x200000f6        0x2 
 .data.FS_Desc  0x200000f8       0x1c build/usbd_desc.o
                0x200000f8                FS_Desc
                0x20000114                        . = ALIGN (0x4)
                0x20000114                        _edata = .
                0x08004dd4                        _siccmram = LOADADDR (.ccmram)

.igot.plt       0x20000114        0x0 load address 0x08004dd4
 .igot.plt      0x20000114        0x0 c:/Users/gamin/AppData/Roaming/Code/User/globalStorage/bmd.stm32-for-vscode/@xpack-dev-tools/arm-none-eabi-gcc/13.2.1-1.1.1/.content/bin/../lib/gcc/arm-none-eabi/13.2.1/thumb/v7e-m+fp/hard/crtbegin.o

.ccmram         0x10000000        0x0 load address 0x08004dd4
                0x10000000                        . = ALIGN (0x4)
                0x10000000                        _sccmram = .
 *(.ccmram)
 *(.ccmram*)
                0x10000000                        . = ALIGN (0x4)
                0x10000000                        _eccmram = .
                0x10000000                        . = ALIGN (0x4)

.bss            0x20000114     0x1cf8
                0x20000114                        _sbss = .
                0x20000114                        __bss_start__ = _sbss
 *(.bss)
 *(.bss*)
 .bss.completed.1
                0x20000114        0x1 c:/Users/gamin/AppData/Roaming/Code/User/globalStorage/bmd.stm32-for-vscode/@xpack-dev-tools/arm-none-eabi-gcc/13.2.1-1.1.1/.content/bin/../lib/gcc/arm-none-eabi/13.2.1/thumb/v7e-m+fp/hard/crtbegin.o
 *fill*         0x20000115        0x3 
 .bss.object.0  0x20000118       0x18 c:/Users/gamin/AppData/Roaming/Code/User/globalStorage/bmd.stm32-for-vscode/@xpack-dev-tools/arm-none-eabi-gcc/13.2.1-1.1.1/.content/bin/../lib/gcc/arm-none-eabi/13.2.1/thumb/v7e-m+fp/hard/crtbegin.o
 .bss.hspi1     0x20000130       0x58 build/main.o
                0x20000130                hspi1
 .bss.hi2s3     0x20000188       0x48 build/main.o
                0x20000188                hi2s3
 .bss.hi2c1     0x200001d0       0x54 build/main.o
                0x200001d0                hi2c1
 .bss.uwTick    0x20000224        0x4 build/stm32f4xx_hal.o
                0x20000224                uwTick
 .bss.cfgidx.0  0x20000228        0x1 build/usbd_ctlreq.o
 *fill*         0x20000229        0x3 
 .bss.hUsbDeviceFS
                0x2000022c      0x2dc build/usb_device.o
                0x2000022c                hUsbDeviceFS
 .bss.UserTxBufferFS
                0x20000508      0x800 build/usbd_cdc_if.o
                0x20000508                UserTxBufferFS
 .bss.UserRxBufferFS
                0x20000d08      0x800 build/usbd_cdc_if.o
                0x20000d08                UserRxBufferFS
 .bss.USBD_StrDesc
                0x20001508      0x200 build/usbd_desc.o
                0x20001508                USBD_StrDesc
 .bss.mem.0     0x20001708      0x220 build/usbd_conf.o
 .bss.hpcd_USB_OTG_FS
                0x20001928      0x4e4 build/usbd_conf.o
                0x20001928                hpcd_USB_OTG_FS
 *(COMMON)
                0x20001e0c                        . = ALIGN (0x4)
                0x20001e0c                        _ebss = .
                0x20001e0c                        __bss_end__ = _ebss

._user_heap_stack
                0x20001e0c      0x604
                0x20001e10                        . = ALIGN (0x8)
 *fill*         0x20001e0c        0x4 
                0x20001e10                        PROVIDE (end = .)
                [!provide]                        PROVIDE (_end = .)
                0x20002010                        . = (. + _Min_Heap_Size)
 *fill*         0x20001e10      0x200 
                0x20002410                        . = (. + _Min_Stack_Size)
 *fill*         0x20002010      0x400 
                0x20002410                        . = ALIGN (0x8)

/DISCARD/
 libc.a(*)
 libm.a(*)
 libgcc.a(*)

.ARM.attributes
                0x00000000       0x30
 *(.ARM.attributes)
 .ARM.attributes
                0x00000000       0x22 c:/Users/gamin/AppData/Roaming/Code/User/globalStorage/bmd.stm32-for-vscode/@xpack-dev-tools/arm-none-eabi-gcc/13.2.1-1.1.1/.content/bin/../lib/gcc/arm-none-eabi/13.2.1/thumb/v7e-m+fp/hard/crti.o
 .ARM.attributes
                0x00000022       0x34 c:/Users/gamin/AppData/Roaming/Code/User/globalStorage/bmd.stm32-for-vscode/@xpack-dev-tools/arm-none-eabi-gcc/13.2.1-1.1.1/.content/bin/../lib/gcc/arm-none-eabi/13.2.1/thumb/v7e-m+fp/hard/crtbegin.o
 .ARM.attributes
                0x00000056       0x34 build/main.o
 .ARM.attributes
                0x0000008a       0x34 build/stm32f4xx_hal_msp.o
 .ARM.attributes
                0x000000be       0x34 build/stm32f4xx_it.o
 .ARM.attributes
                0x000000f2       0x34 build/system_stm32f4xx.o
 .ARM.attributes
                0x00000126       0x34 build/stm32f4xx_hal.o
 .ARM.attributes
                0x0000015a       0x34 build/stm32f4xx_hal_cortex.o
 .ARM.attributes
                0x0000018e       0x34 build/stm32f4xx_hal_gpio.o
 .ARM.attributes
                0x000001c2       0x34 build/stm32f4xx_hal_i2c.o
 .ARM.attributes
                0x000001f6       0x34 build/stm32f4xx_hal_i2s.o
 .ARM.attributes
                0x0000022a       0x34 build/stm32f4xx_hal_i2s_ex.o
 .ARM.attributes
                0x0000025e       0x34 build/stm32f4xx_hal_pcd.o
 .ARM.attributes
                0x00000292       0x34 build/stm32f4xx_hal_pcd_ex.o
 .ARM.attributes
                0x000002c6       0x34 build/stm32f4xx_hal_rcc.o
 .ARM.attributes
                0x000002fa       0x34 build/stm32f4xx_hal_rcc_ex.o
 .ARM.attributes
                0x0000032e       0x34 build/stm32f4xx_hal_spi.o
 .ARM.attributes
                0x00000362       0x34 build/stm32f4xx_ll_usb.o
 .ARM.attributes
                0x00000396       0x34 build/usbd_cdc.o
 .ARM.attributes
                0x000003ca       0x34 build/usbd_core.o
 .ARM.attributes
                0x000003fe       0x34 build/usbd_ctlreq.o
 .ARM.attributes
                0x00000432       0x34 build/usbd_ioreq.o
 .ARM.attributes
                0x00000466       0x34 build/usb_device.o
 .ARM.attributes
                0x0000049a       0x34 build/usbd_cdc_if.o
 .ARM.attributes
                0x000004ce       0x34 build/usbd_desc.o
 .ARM.attributes
                0x00000502       0x34 build/usbd_conf.o
 .ARM.attributes
                0x00000536       0x21 build/startup_stm32f407xx.o
 .ARM.attributes
                0x00000557       0x34 c:/Users/gamin/AppData/Roaming/Code/User/globalStorage/bmd.stm32-for-vscode/@xpack-dev-tools/arm-none-eabi-gcc/13.2.1-1.1.1/.content/bin/../lib/gcc/arm-none-eabi/13.2.1/../../../../arm-none-eabi/lib/thumb/v7e-m+fp/hard\libc_nano.a(libc_a-memset.o)
 .ARM.attributes
                0x0000058b       0x34 c:/Users/gamin/AppData/Roaming/Code/User/globalStorage/bmd.stm32-for-vscode/@xpack-dev-tools/arm-none-eabi-gcc/13.2.1-1.1.1/.content/bin/../lib/gcc/arm-none-eabi/13.2.1/../../../../arm-none-eabi/lib/thumb/v7e-m+fp/hard\libc_nano.a(libc_a-init.o)
 .ARM.attributes
                0x000005bf       0x22 c:/Users/gamin/AppData/Roaming/Code/User/globalStorage/bmd.stm32-for-vscode/@xpack-dev-tools/arm-none-eabi-gcc/13.2.1-1.1.1/.content/bin/../lib/gcc/arm-none-eabi/13.2.1/thumb/v7e-m+fp/hard\libgcc.a(_aeabi_uldivmod.o)
 .ARM.attributes
                0x000005e1       0x34 c:/Users/gamin/AppData/Roaming/Code/User/globalStorage/bmd.stm32-for-vscode/@xpack-dev-tools/arm-none-eabi-gcc/13.2.1-1.1.1/.content/bin/../lib/gcc/arm-none-eabi/13.2.1/thumb/v7e-m+fp/hard\libgcc.a(_udivmoddi4.o)
 .ARM.attributes
                0x00000615       0x22 c:/Users/gamin/AppData/Roaming/Code/User/globalStorage/bmd.stm32-for-vscode/@xpack-dev-tools/arm-none-eabi-gcc/13.2.1-1.1.1/.content/bin/../lib/gcc/arm-none-eabi/13.2.1/thumb/v7e-m+fp/hard\libgcc.a(_dvmd_tls.o)
 .ARM.attributes
                0x00000637       0x22 c:/Users/gamin/AppData/Roaming/Code/User/globalStorage/bmd.stm32-for-vscode/@xpack-dev-tools/arm-none-eabi-gcc/13.2.1-1.1.1/.content/bin/../lib/gcc/arm-none-eabi/13.2.1/thumb/v7e-m+fp/hard/crtn.o
OUTPUT(build/STM32F4_USB.elf elf32-littlearm)
LOAD linker stubs
LOAD c:/Users/gamin/AppData/Roaming/Code/User/globalStorage/bmd.stm32-for-vscode/@xpack-dev-tools/arm-none-eabi-gcc/13.2.1-1.1.1/.content/bin/../lib/gcc/arm-none-eabi/13.2.1/../../../../arm-none-eabi/lib/thumb/v7e-m+fp/hard\libc.a
LOAD c:/Users/gamin/AppData/Roaming/Code/User/globalStorage/bmd.stm32-for-vscode/@xpack-dev-tools/arm-none-eabi-gcc/13.2.1-1.1.1/.content/bin/../lib/gcc/arm-none-eabi/13.2.1/../../../../arm-none-eabi/lib/thumb/v7e-m+fp/hard\libm.a
LOAD c:/Users/gamin/AppData/Roaming/Code/User/globalStorage/bmd.stm32-for-vscode/@xpack-dev-tools/arm-none-eabi-gcc/13.2.1-1.1.1/.content/bin/../lib/gcc/arm-none-eabi/13.2.1/thumb/v7e-m+fp/hard\libgcc.a

.comment        0x00000000       0x39
 .comment       0x00000000       0x39 c:/Users/gamin/AppData/Roaming/Code/User/globalStorage/bmd.stm32-for-vscode/@xpack-dev-tools/arm-none-eabi-gcc/13.2.1-1.1.1/.content/bin/../lib/gcc/arm-none-eabi/13.2.1/thumb/v7e-m+fp/hard/crtbegin.o
                                 0x3a (size before relaxing)
 .comment       0x00000039       0x3a build/main.o
 .comment       0x00000039       0x3a build/stm32f4xx_hal_msp.o
 .comment       0x00000039       0x3a build/stm32f4xx_it.o
 .comment       0x00000039       0x3a build/system_stm32f4xx.o
 .comment       0x00000039       0x3a build/stm32f4xx_hal.o
 .comment       0x00000039       0x3a build/stm32f4xx_hal_cortex.o
 .comment       0x00000039       0x3a build/stm32f4xx_hal_gpio.o
 .comment       0x00000039       0x3a build/stm32f4xx_hal_i2c.o
 .comment       0x00000039       0x3a build/stm32f4xx_hal_i2s.o
 .comment       0x00000039       0x3a build/stm32f4xx_hal_i2s_ex.o
 .comment       0x00000039       0x3a build/stm32f4xx_hal_pcd.o
 .comment       0x00000039       0x3a build/stm32f4xx_hal_pcd_ex.o
 .comment       0x00000039       0x3a build/stm32f4xx_hal_rcc.o
 .comment       0x00000039       0x3a build/stm32f4xx_hal_rcc_ex.o
 .comment       0x00000039       0x3a build/stm32f4xx_hal_spi.o
 .comment       0x00000039       0x3a build/stm32f4xx_ll_usb.o
 .comment       0x00000039       0x3a build/usbd_cdc.o
 .comment       0x00000039       0x3a build/usbd_core.o
 .comment       0x00000039       0x3a build/usbd_ctlreq.o
 .comment       0x00000039       0x3a build/usbd_ioreq.o
 .comment       0x00000039       0x3a build/usb_device.o
 .comment       0x00000039       0x3a build/usbd_cdc_if.o
 .comment       0x00000039       0x3a build/usbd_desc.o
 .comment       0x00000039       0x3a build/usbd_conf.o
 .comment       0x00000039       0x3a c:/Users/gamin/AppData/Roaming/Code/User/globalStorage/bmd.stm32-for-vscode/@xpack-dev-tools/arm-none-eabi-gcc/13.2.1-1.1.1/.content/bin/../lib/gcc/arm-none-eabi/13.2.1/../../../../arm-none-eabi/lib/thumb/v7e-m+fp/hard\libc_nano.a(libc_a-memset.o)
 .comment       0x00000039       0x3a c:/Users/gamin/AppData/Roaming/Code/User/globalStorage/bmd.stm32-for-vscode/@xpack-dev-tools/arm-none-eabi-gcc/13.2.1-1.1.1/.content/bin/../lib/gcc/arm-none-eabi/13.2.1/../../../../arm-none-eabi/lib/thumb/v7e-m+fp/hard\libc_nano.a(libc_a-init.o)
 .comment       0x00000039       0x3a c:/Users/gamin/AppData/Roaming/Code/User/globalStorage/bmd.stm32-for-vscode/@xpack-dev-tools/arm-none-eabi-gcc/13.2.1-1.1.1/.content/bin/../lib/gcc/arm-none-eabi/13.2.1/thumb/v7e-m+fp/hard\libgcc.a(_udivmoddi4.o)

.debug_info     0x00000000    0x19ed1
 .debug_info    0x00000000     0x1397 build/main.o
 .debug_info    0x00001397     0x111d build/stm32f4xx_hal_msp.o
 .debug_info    0x000024b4      0x63f build/stm32f4xx_it.o
 .debug_info    0x00002af3      0x527 build/system_stm32f4xx.o
 .debug_info    0x0000301a      0x9e2 build/stm32f4xx_hal.o
 .debug_info    0x000039fc      0xfc2 build/stm32f4xx_hal_cortex.o
 .debug_info    0x000049be      0x704 build/stm32f4xx_hal_gpio.o
 .debug_info    0x000050c2     0x3805 build/stm32f4xx_hal_i2c.o
 .debug_info    0x000088c7     0x1148 build/stm32f4xx_hal_i2s.o
 .debug_info    0x00009a0f      0xdc1 build/stm32f4xx_hal_i2s_ex.o
 .debug_info    0x0000a7d0     0x1c14 build/stm32f4xx_hal_pcd.o
 .debug_info    0x0000c3e4      0x6f9 build/stm32f4xx_hal_pcd_ex.o
 .debug_info    0x0000cadd      0xa6f build/stm32f4xx_hal_rcc.o
 .debug_info    0x0000d54c      0x655 build/stm32f4xx_hal_rcc_ex.o
 .debug_info    0x0000dba1     0x1dc3 build/stm32f4xx_hal_spi.o
 .debug_info    0x0000f964     0x1e82 build/stm32f4xx_ll_usb.o
 .debug_info    0x000117e6     0x1773 build/usbd_cdc.o
 .debug_info    0x00012f59     0x124c build/usbd_core.o
 .debug_info    0x000141a5     0x1422 build/usbd_ctlreq.o
 .debug_info    0x000155c7      0x8e9 build/usbd_ioreq.o
 .debug_info    0x00015eb0      0x783 build/usb_device.o
 .debug_info    0x00016633      0x9b4 build/usbd_cdc_if.o
 .debug_info    0x00016fe7      0x5dd build/usbd_desc.o
 .debug_info    0x000175c4     0x217a build/usbd_conf.o
 .debug_info    0x0001973e       0x30 build/startup_stm32f407xx.o
 .debug_info    0x0001976e       0x24 c:/Users/gamin/AppData/Roaming/Code/User/globalStorage/bmd.stm32-for-vscode/@xpack-dev-tools/arm-none-eabi-gcc/13.2.1-1.1.1/.content/bin/../lib/gcc/arm-none-eabi/13.2.1/thumb/v7e-m+fp/hard\libgcc.a(_aeabi_uldivmod.o)
 .debug_info    0x00019792      0x703 c:/Users/gamin/AppData/Roaming/Code/User/globalStorage/bmd.stm32-for-vscode/@xpack-dev-tools/arm-none-eabi-gcc/13.2.1-1.1.1/.content/bin/../lib/gcc/arm-none-eabi/13.2.1/thumb/v7e-m+fp/hard\libgcc.a(_udivmoddi4.o)
 .debug_info    0x00019e95       0x3c c:/Users/gamin/AppData/Roaming/Code/User/globalStorage/bmd.stm32-for-vscode/@xpack-dev-tools/arm-none-eabi-gcc/13.2.1-1.1.1/.content/bin/../lib/gcc/arm-none-eabi/13.2.1/thumb/v7e-m+fp/hard\libgcc.a(_dvmd_tls.o)

.debug_abbrev   0x00000000     0x3d18
 .debug_abbrev  0x00000000      0x2b3 build/main.o
 .debug_abbrev  0x000002b3      0x23f build/stm32f4xx_hal_msp.o
 .debug_abbrev  0x000004f2      0x1ad build/stm32f4xx_it.o
 .debug_abbrev  0x0000069f      0x11e build/system_stm32f4xx.o
 .debug_abbrev  0x000007bd      0x240 build/stm32f4xx_hal.o
 .debug_abbrev  0x000009fd      0x39c build/stm32f4xx_hal_cortex.o
 .debug_abbrev  0x00000d99      0x202 build/stm32f4xx_hal_gpio.o
 .debug_abbrev  0x00000f9b      0x2c3 build/stm32f4xx_hal_i2c.o
 .debug_abbrev  0x0000125e      0x273 build/stm32f4xx_hal_i2s.o
 .debug_abbrev  0x000014d1      0x2a8 build/stm32f4xx_hal_i2s_ex.o
 .debug_abbrev  0x00001779      0x2db build/stm32f4xx_hal_pcd.o
 .debug_abbrev  0x00001a54      0x1f3 build/stm32f4xx_hal_pcd_ex.o
 .debug_abbrev  0x00001c47      0x2c6 build/stm32f4xx_hal_rcc.o
 .debug_abbrev  0x00001f0d      0x1c3 build/stm32f4xx_hal_rcc_ex.o
 .debug_abbrev  0x000020d0      0x28b build/stm32f4xx_hal_spi.o
 .debug_abbrev  0x0000235b      0x329 build/stm32f4xx_ll_usb.o
 .debug_abbrev  0x00002684      0x33d build/usbd_cdc.o
 .debug_abbrev  0x000029c1      0x2f8 build/usbd_core.o
 .debug_abbrev  0x00002cb9      0x343 build/usbd_ctlreq.o
 .debug_abbrev  0x00002ffc      0x1b0 build/usbd_ioreq.o
 .debug_abbrev  0x000031ac      0x1b0 build/usb_device.o
 .debug_abbrev  0x0000335c      0x2ca build/usbd_cdc_if.o
 .debug_abbrev  0x00003626      0x1ec build/usbd_desc.o
 .debug_abbrev  0x00003812      0x33e build/usbd_conf.o
 .debug_abbrev  0x00003b50       0x24 build/startup_stm32f407xx.o
 .debug_abbrev  0x00003b74       0x14 c:/Users/gamin/AppData/Roaming/Code/User/globalStorage/bmd.stm32-for-vscode/@xpack-dev-tools/arm-none-eabi-gcc/13.2.1-1.1.1/.content/bin/../lib/gcc/arm-none-eabi/13.2.1/thumb/v7e-m+fp/hard\libgcc.a(_aeabi_uldivmod.o)
 .debug_abbrev  0x00003b88      0x16a c:/Users/gamin/AppData/Roaming/Code/User/globalStorage/bmd.stm32-for-vscode/@xpack-dev-tools/arm-none-eabi-gcc/13.2.1-1.1.1/.content/bin/../lib/gcc/arm-none-eabi/13.2.1/thumb/v7e-m+fp/hard\libgcc.a(_udivmoddi4.o)
 .debug_abbrev  0x00003cf2       0x26 c:/Users/gamin/AppData/Roaming/Code/User/globalStorage/bmd.stm32-for-vscode/@xpack-dev-tools/arm-none-eabi-gcc/13.2.1-1.1.1/.content/bin/../lib/gcc/arm-none-eabi/13.2.1/thumb/v7e-m+fp/hard\libgcc.a(_dvmd_tls.o)

.debug_aranges  0x00000000     0x11f8
 .debug_aranges
                0x00000000       0x50 build/main.o
 .debug_aranges
                0x00000050       0x50 build/stm32f4xx_hal_msp.o
 .debug_aranges
                0x000000a0       0x68 build/stm32f4xx_it.o
 .debug_aranges
                0x00000108       0x28 build/system_stm32f4xx.o
 .debug_aranges
                0x00000130       0xf0 build/stm32f4xx_hal.o
 .debug_aranges
                0x00000220       0xe8 build/stm32f4xx_hal_cortex.o
 .debug_aranges
                0x00000308       0x58 build/stm32f4xx_hal_gpio.o
 .debug_aranges
                0x00000360      0x2a8 build/stm32f4xx_hal_i2c.o
 .debug_aranges
                0x00000608      0x108 build/stm32f4xx_hal_i2s.o
 .debug_aranges
                0x00000710       0x88 build/stm32f4xx_hal_i2s_ex.o
 .debug_aranges
                0x00000798      0x148 build/stm32f4xx_hal_pcd.o
 .debug_aranges
                0x000008e0       0x38 build/stm32f4xx_hal_pcd_ex.o
 .debug_aranges
                0x00000918       0x88 build/stm32f4xx_hal_rcc.o
 .debug_aranges
                0x000009a0       0x48 build/stm32f4xx_hal_rcc_ex.o
 .debug_aranges
                0x000009e8      0x1d0 build/stm32f4xx_hal_spi.o
 .debug_aranges
                0x00000bb8      0x1a0 build/stm32f4xx_ll_usb.o
 .debug_aranges
                0x00000d58       0x90 build/usbd_cdc.o
 .debug_aranges
                0x00000de8       0xd8 build/usbd_core.o
 .debug_aranges
                0x00000ec0       0x88 build/usbd_ctlreq.o
 .debug_aranges
                0x00000f48       0x50 build/usbd_ioreq.o
 .debug_aranges
                0x00000f98       0x20 build/usb_device.o
 .debug_aranges
                0x00000fb8       0x48 build/usbd_cdc_if.o
 .debug_aranges
                0x00001000       0x60 build/usbd_desc.o
 .debug_aranges
                0x00001060      0x110 build/usbd_conf.o
 .debug_aranges
                0x00001170       0x28 build/startup_stm32f407xx.o
 .debug_aranges
                0x00001198       0x20 c:/Users/gamin/AppData/Roaming/Code/User/globalStorage/bmd.stm32-for-vscode/@xpack-dev-tools/arm-none-eabi-gcc/13.2.1-1.1.1/.content/bin/../lib/gcc/arm-none-eabi/13.2.1/thumb/v7e-m+fp/hard\libgcc.a(_aeabi_uldivmod.o)
 .debug_aranges
                0x000011b8       0x20 c:/Users/gamin/AppData/Roaming/Code/User/globalStorage/bmd.stm32-for-vscode/@xpack-dev-tools/arm-none-eabi-gcc/13.2.1-1.1.1/.content/bin/../lib/gcc/arm-none-eabi/13.2.1/thumb/v7e-m+fp/hard\libgcc.a(_udivmoddi4.o)
 .debug_aranges
                0x000011d8       0x20 c:/Users/gamin/AppData/Roaming/Code/User/globalStorage/bmd.stm32-for-vscode/@xpack-dev-tools/arm-none-eabi-gcc/13.2.1-1.1.1/.content/bin/../lib/gcc/arm-none-eabi/13.2.1/thumb/v7e-m+fp/hard\libgcc.a(_dvmd_tls.o)

.debug_rnglists
                0x00000000      0xe0b
 .debug_rnglists
                0x00000000       0x39 build/main.o
 .debug_rnglists
                0x00000039       0x38 build/stm32f4xx_hal_msp.o
 .debug_rnglists
                0x00000071       0x49 build/stm32f4xx_it.o
 .debug_rnglists
                0x000000ba       0x1a build/system_stm32f4xx.o
 .debug_rnglists
                0x000000d4       0xaf build/stm32f4xx_hal.o
 .debug_rnglists
                0x00000183       0xa9 build/stm32f4xx_hal_cortex.o
 .debug_rnglists
                0x0000022c       0x3f build/stm32f4xx_hal_gpio.o
 .debug_rnglists
                0x0000026b      0x236 build/stm32f4xx_hal_i2c.o
 .debug_rnglists
                0x000004a1       0xe4 build/stm32f4xx_hal_i2s.o
 .debug_rnglists
                0x00000585       0x72 build/stm32f4xx_hal_i2s_ex.o
 .debug_rnglists
                0x000005f7       0xf7 build/stm32f4xx_hal_pcd.o
 .debug_rnglists
                0x000006ee       0x25 build/stm32f4xx_hal_pcd_ex.o
 .debug_rnglists
                0x00000713       0x75 build/stm32f4xx_hal_rcc.o
 .debug_rnglists
                0x00000788       0x33 build/stm32f4xx_hal_rcc_ex.o
 .debug_rnglists
                0x000007bb      0x16a build/stm32f4xx_hal_spi.o
 .debug_rnglists
                0x00000925      0x141 build/stm32f4xx_ll_usb.o
 .debug_rnglists
                0x00000a66       0x69 build/usbd_cdc.o
 .debug_rnglists
                0x00000acf       0x9f build/usbd_core.o
 .debug_rnglists
                0x00000b6e       0x65 build/usbd_ctlreq.o
 .debug_rnglists
                0x00000bd3       0x37 build/usbd_ioreq.o
 .debug_rnglists
                0x00000c0a       0x13 build/usb_device.o
 .debug_rnglists
                0x00000c1d       0x31 build/usbd_cdc_if.o
 .debug_rnglists
                0x00000c4e       0x43 build/usbd_desc.o
 .debug_rnglists
                0x00000c91       0xc8 build/usbd_conf.o
 .debug_rnglists
                0x00000d59       0x19 build/startup_stm32f407xx.o
 .debug_rnglists
                0x00000d72       0x99 c:/Users/gamin/AppData/Roaming/Code/User/globalStorage/bmd.stm32-for-vscode/@xpack-dev-tools/arm-none-eabi-gcc/13.2.1-1.1.1/.content/bin/../lib/gcc/arm-none-eabi/13.2.1/thumb/v7e-m+fp/hard\libgcc.a(_udivmoddi4.o)

.debug_line     0x00000000    0x1548e
 .debug_line    0x00000000      0x701 build/main.o
 .debug_line    0x00000701      0x518 build/stm32f4xx_hal_msp.o
 .debug_line    0x00000c19      0x338 build/stm32f4xx_it.o
 .debug_line    0x00000f51      0x2f6 build/system_stm32f4xx.o
 .debug_line    0x00001247      0x60f build/stm32f4xx_hal.o
 .debug_line    0x00001856      0x8b7 build/stm32f4xx_hal_cortex.o
 .debug_line    0x0000210d      0x79d build/stm32f4xx_hal_gpio.o
 .debug_line    0x000028aa     0x5519 build/stm32f4xx_hal_i2c.o
 .debug_line    0x00007dc3     0x14d7 build/stm32f4xx_hal_i2s.o
 .debug_line    0x0000929a     0x10bc build/stm32f4xx_hal_i2s_ex.o
 .debug_line    0x0000a356     0x14f6 build/stm32f4xx_hal_pcd.o
 .debug_line    0x0000b84c      0x348 build/stm32f4xx_hal_pcd_ex.o
 .debug_line    0x0000bb94      0xc2d build/stm32f4xx_hal_rcc.o
 .debug_line    0x0000c7c1      0x6ec build/stm32f4xx_hal_rcc_ex.o
 .debug_line    0x0000cead     0x254d build/stm32f4xx_hal_spi.o
 .debug_line    0x0000f3fa     0x1ff3 build/stm32f4xx_ll_usb.o
 .debug_line    0x000113ed      0xbe5 build/usbd_cdc.o
 .debug_line    0x00011fd2      0xa77 build/usbd_core.o
 .debug_line    0x00012a49      0xdb8 build/usbd_ctlreq.o
 .debug_line    0x00013801      0x34e build/usbd_ioreq.o
 .debug_line    0x00013b4f      0x2c1 build/usb_device.o
 .debug_line    0x00013e10      0x30d build/usbd_cdc_if.o
 .debug_line    0x0001411d      0x3dc build/usbd_desc.o
 .debug_line    0x000144f9      0x8d4 build/usbd_conf.o
 .debug_line    0x00014dcd       0x76 build/startup_stm32f407xx.o
 .debug_line    0x00014e43       0x4e c:/Users/gamin/AppData/Roaming/Code/User/globalStorage/bmd.stm32-for-vscode/@xpack-dev-tools/arm-none-eabi-gcc/13.2.1-1.1.1/.content/bin/../lib/gcc/arm-none-eabi/13.2.1/thumb/v7e-m+fp/hard\libgcc.a(_aeabi_uldivmod.o)
 .debug_line    0x00014e91      0x5b3 c:/Users/gamin/AppData/Roaming/Code/User/globalStorage/bmd.stm32-for-vscode/@xpack-dev-tools/arm-none-eabi-gcc/13.2.1-1.1.1/.content/bin/../lib/gcc/arm-none-eabi/13.2.1/thumb/v7e-m+fp/hard\libgcc.a(_udivmoddi4.o)
 .debug_line    0x00015444       0x4a c:/Users/gamin/AppData/Roaming/Code/User/globalStorage/bmd.stm32-for-vscode/@xpack-dev-tools/arm-none-eabi-gcc/13.2.1-1.1.1/.content/bin/../lib/gcc/arm-none-eabi/13.2.1/thumb/v7e-m+fp/hard\libgcc.a(_dvmd_tls.o)

.debug_str      0x00000000     0x59d6
 .debug_str     0x00000000     0x59d6 build/main.o
                                0xdc6 (size before relaxing)
 .debug_str     0x000059d6      0xcb9 build/stm32f4xx_hal_msp.o
 .debug_str     0x000059d6      0x65c build/stm32f4xx_it.o
 .debug_str     0x000059d6      0x36f build/system_stm32f4xx.o
 .debug_str     0x000059d6      0xb5e build/stm32f4xx_hal.o
 .debug_str     0x000059d6      0xc3d build/stm32f4xx_hal_cortex.o
 .debug_str     0x000059d6      0x4da build/stm32f4xx_hal_gpio.o
 .debug_str     0x000059d6     0x1037 build/stm32f4xx_hal_i2c.o
 .debug_str     0x000059d6      0x94a build/stm32f4xx_hal_i2s.o
 .debug_str     0x000059d6      0x86b build/stm32f4xx_hal_i2s_ex.o
 .debug_str     0x000059d6      0xdff build/stm32f4xx_hal_pcd.o
 .debug_str     0x000059d6      0x73d build/stm32f4xx_hal_pcd_ex.o
 .debug_str     0x000059d6      0x700 build/stm32f4xx_hal_rcc.o
 .debug_str     0x000059d6      0x4c1 build/stm32f4xx_hal_rcc_ex.o
 .debug_str     0x000059d6      0xbf4 build/stm32f4xx_hal_spi.o
 .debug_str     0x000059d6      0xd28 build/stm32f4xx_ll_usb.o
 .debug_str     0x000059d6      0xd91 build/usbd_cdc.o
 .debug_str     0x000059d6      0x9d1 build/usbd_core.o
 .debug_str     0x000059d6      0x7fc build/usbd_ctlreq.o
 .debug_str     0x000059d6      0x6d1 build/usbd_ioreq.o
 .debug_str     0x000059d6      0x6bf build/usb_device.o
 .debug_str     0x000059d6      0x78d build/usbd_cdc_if.o
 .debug_str     0x000059d6      0x458 build/usbd_desc.o
 .debug_str     0x000059d6     0x15ce build/usbd_conf.o
 .debug_str     0x000059d6       0x78 build/startup_stm32f407xx.o
 .debug_str     0x000059d6      0x120 c:/Users/gamin/AppData/Roaming/Code/User/globalStorage/bmd.stm32-for-vscode/@xpack-dev-tools/arm-none-eabi-gcc/13.2.1-1.1.1/.content/bin/../lib/gcc/arm-none-eabi/13.2.1/thumb/v7e-m+fp/hard\libgcc.a(_aeabi_uldivmod.o)
 .debug_str     0x000059d6      0x739 c:/Users/gamin/AppData/Roaming/Code/User/globalStorage/bmd.stm32-for-vscode/@xpack-dev-tools/arm-none-eabi-gcc/13.2.1-1.1.1/.content/bin/../lib/gcc/arm-none-eabi/13.2.1/thumb/v7e-m+fp/hard\libgcc.a(_udivmoddi4.o)
 .debug_str     0x000059d6      0x140 c:/Users/gamin/AppData/Roaming/Code/User/globalStorage/bmd.stm32-for-vscode/@xpack-dev-tools/arm-none-eabi-gcc/13.2.1-1.1.1/.content/bin/../lib/gcc/arm-none-eabi/13.2.1/thumb/v7e-m+fp/hard\libgcc.a(_dvmd_tls.o)

.debug_frame    0x00000000     0x30ac
 .debug_frame   0x00000000       0xcc build/main.o
 .debug_frame   0x000000cc       0xdc build/stm32f4xx_hal_msp.o
 .debug_frame   0x000001a8       0xc0 build/stm32f4xx_it.o
 .debug_frame   0x00000268       0x30 build/system_stm32f4xx.o
 .debug_frame   0x00000298      0x1ec build/stm32f4xx_hal.o
 .debug_frame   0x00000484      0x1f4 build/stm32f4xx_hal_cortex.o
 .debug_frame   0x00000678       0xd8 build/stm32f4xx_hal_gpio.o
 .debug_frame   0x00000750      0x988 build/stm32f4xx_hal_i2c.o
 .debug_frame   0x000010d8      0x324 build/stm32f4xx_hal_i2s.o
 .debug_frame   0x000013fc      0x184 build/stm32f4xx_hal_i2s_ex.o
 .debug_frame   0x00001580      0x388 build/stm32f4xx_hal_pcd.o
 .debug_frame   0x00001908       0x5c build/stm32f4xx_hal_pcd_ex.o
 .debug_frame   0x00001964      0x16c build/stm32f4xx_hal_rcc.o
 .debug_frame   0x00001ad0       0xa4 build/stm32f4xx_hal_rcc_ex.o
 .debug_frame   0x00001b74      0x5c8 build/stm32f4xx_hal_spi.o
 .debug_frame   0x0000213c      0x494 build/stm32f4xx_ll_usb.o
 .debug_frame   0x000025d0      0x190 build/usbd_cdc.o
 .debug_frame   0x00002760      0x240 build/usbd_core.o
 .debug_frame   0x000029a0      0x180 build/usbd_ctlreq.o
 .debug_frame   0x00002b20       0xb8 build/usbd_ioreq.o
 .debug_frame   0x00002bd8       0x28 build/usb_device.o
 .debug_frame   0x00002c00       0x88 build/usbd_cdc_if.o
 .debug_frame   0x00002c88       0xe0 build/usbd_desc.o
 .debug_frame   0x00002d68      0x2e4 build/usbd_conf.o
 .debug_frame   0x0000304c       0x2c c:/Users/gamin/AppData/Roaming/Code/User/globalStorage/bmd.stm32-for-vscode/@xpack-dev-tools/arm-none-eabi-gcc/13.2.1-1.1.1/.content/bin/../lib/gcc/arm-none-eabi/13.2.1/thumb/v7e-m+fp/hard\libgcc.a(_aeabi_uldivmod.o)
 .debug_frame   0x00003078       0x34 c:/Users/gamin/AppData/Roaming/Code/User/globalStorage/bmd.stm32-for-vscode/@xpack-dev-tools/arm-none-eabi-gcc/13.2.1-1.1.1/.content/bin/../lib/gcc/arm-none-eabi/13.2.1/thumb/v7e-m+fp/hard\libgcc.a(_udivmoddi4.o)

.debug_loclists
                0x00000000     0xd078
 .debug_loclists
                0x00000000      0x12e build/stm32f4xx_hal_msp.o
 .debug_loclists
                0x0000012e       0xfa build/system_stm32f4xx.o
 .debug_loclists
                0x00000228       0xe1 build/stm32f4xx_hal.o
 .debug_loclists
                0x00000309      0x54d build/stm32f4xx_hal_cortex.o
 .debug_loclists
                0x00000856      0x386 build/stm32f4xx_hal_gpio.o
 .debug_loclists
                0x00000bdc     0x31d0 build/stm32f4xx_hal_i2c.o
 .debug_loclists
                0x00003dac      0xb31 build/stm32f4xx_hal_i2s.o
 .debug_loclists
                0x000048dd      0x7f0 build/stm32f4xx_hal_i2s_ex.o
 .debug_loclists
                0x000050cd      0xdb0 build/stm32f4xx_hal_pcd.o
 .debug_loclists
                0x00005e7d       0xb3 build/stm32f4xx_hal_pcd_ex.o
 .debug_loclists
                0x00005f30      0x3e5 build/stm32f4xx_hal_rcc.o
 .debug_loclists
                0x00006315      0x261 build/stm32f4xx_hal_rcc_ex.o
 .debug_loclists
                0x00006576     0x17c3 build/stm32f4xx_hal_spi.o
 .debug_loclists
                0x00007d39     0x1901 build/stm32f4xx_ll_usb.o
 .debug_loclists
                0x0000963a      0x755 build/usbd_cdc.o
 .debug_loclists
                0x00009d8f      0x996 build/usbd_core.o
 .debug_loclists
                0x0000a725     0x10c1 build/usbd_ctlreq.o
 .debug_loclists
                0x0000b7e6      0x214 build/usbd_ioreq.o
 .debug_loclists
                0x0000b9fa      0x10a build/usbd_cdc_if.o
 .debug_loclists
                0x0000bb04      0x299 build/usbd_desc.o
 .debug_loclists
                0x0000bd9d      0x8c6 build/usbd_conf.o
 .debug_loclists
                0x0000c663      0xa15 c:/Users/gamin/AppData/Roaming/Code/User/globalStorage/bmd.stm32-for-vscode/@xpack-dev-tools/arm-none-eabi-gcc/13.2.1-1.1.1/.content/bin/../lib/gcc/arm-none-eabi/13.2.1/thumb/v7e-m+fp/hard\libgcc.a(_udivmoddi4.o)

.debug_line_str
                0x00000000      0x17a
 .debug_line_str
                0x00000000      0x17a build/startup_stm32f407xx.o
                                 0x5c (size before relaxing)
 .debug_line_str
                0x0000017a      0x112 c:/Users/gamin/AppData/Roaming/Code/User/globalStorage/bmd.stm32-for-vscode/@xpack-dev-tools/arm-none-eabi-gcc/13.2.1-1.1.1/.content/bin/../lib/gcc/arm-none-eabi/13.2.1/thumb/v7e-m+fp/hard\libgcc.a(_aeabi_uldivmod.o)
 .debug_line_str
                0x0000017a      0x116 c:/Users/gamin/AppData/Roaming/Code/User/globalStorage/bmd.stm32-for-vscode/@xpack-dev-tools/arm-none-eabi-gcc/13.2.1-1.1.1/.content/bin/../lib/gcc/arm-none-eabi/13.2.1/thumb/v7e-m+fp/hard\libgcc.a(_dvmd_tls.o)

Cross Reference Table

Symbol                                            File
ADC_IRQHandler                                    build/startup_stm32f407xx.o
AHBPrescTable                                     build/system_stm32f4xx.o
                                                  build/stm32f4xx_hal_rcc.o
APBPrescTable                                     build/system_stm32f4xx.o
                                                  build/stm32f4xx_hal_rcc.o
BusFault_Handler                                  build/stm32f4xx_it.o
CAN1_RX0_IRQHandler                               build/startup_stm32f407xx.o
CAN1_RX1_IRQHandler                               build/startup_stm32f407xx.o
CAN1_SCE_IRQHandler                               build/startup_stm32f407xx.o
CAN1_TX_IRQHandler                                build/startup_stm32f407xx.o
CAN2_RX0_IRQHandler                               build/startup_stm32f407xx.o
CAN2_RX1_IRQHandler                               build/startup_stm32f407xx.o
CAN2_SCE_IRQHandler                               build/startup_stm32f407xx.o
CAN2_TX_IRQHandler                                build/startup_stm32f407xx.o
CDC_Transmit_FS                                   build/usbd_cdc_if.o
                                                  build/main.o
DCMI_IRQHandler                                   build/startup_stm32f407xx.o
DMA1_Stream0_IRQHandler                           build/startup_stm32f407xx.o
DMA1_Stream1_IRQHandler                           build/startup_stm32f407xx.o
DMA1_Stream2_IRQHandler                           build/startup_stm32f407xx.o
DMA1_Stream3_IRQHandler                           build/startup_stm32f407xx.o
DMA1_Stream4_IRQHandler                           build/startup_stm32f407xx.o
DMA1_Stream5_IRQHandler                           build/startup_stm32f407xx.o
DMA1_Stream6_IRQHandler                           build/startup_stm32f407xx.o
DMA1_Stream7_IRQHandler                           build/startup_stm32f407xx.o
DMA2_Stream0_IRQHandler                           build/startup_stm32f407xx.o
DMA2_Stream1_IRQHandler                           build/startup_stm32f407xx.o
DMA2_Stream2_IRQHandler                           build/startup_stm32f407xx.o
DMA2_Stream3_IRQHandler                           build/startup_stm32f407xx.o
DMA2_Stream4_IRQHandler                           build/startup_stm32f407xx.o
DMA2_Stream5_IRQHandler                           build/startup_stm32f407xx.o
DMA2_Stream6_IRQHandler                           build/startup_stm32f407xx.o
DMA2_Stream7_IRQHandler                           build/startup_stm32f407xx.o
DebugMon_Handler                                  build/stm32f4xx_it.o
Default_Handler                                   build/startup_stm32f407xx.o
ETH_IRQHandler                                    build/startup_stm32f407xx.o
ETH_WKUP_IRQHandler                               build/startup_stm32f407xx.o
EXTI0_IRQHandler                                  build/startup_stm32f407xx.o
EXTI15_10_IRQHandler                              build/startup_stm32f407xx.o
EXTI1_IRQHandler                                  build/startup_stm32f407xx.o
EXTI2_IRQHandler                                  build/startup_stm32f407xx.o
EXTI3_IRQHandler                                  build/startup_stm32f407xx.o
EXTI4_IRQHandler                                  build/startup_stm32f407xx.o
EXTI9_5_IRQHandler                                build/startup_stm32f407xx.o
Error_Handler                                     build/main.o
                                                  build/usbd_conf.o
                                                  build/usb_device.o
                                                  build/stm32f4xx_hal_msp.o
FLASH_Erase_Sector                                build/stm32f4xx_hal_flash_ex.o
                                                  build/stm32f4xx_hal_flash.o
FLASH_FlushCaches                                 build/stm32f4xx_hal_flash_ex.o
                                                  build/stm32f4xx_hal_flash.o
FLASH_IRQHandler                                  build/startup_stm32f407xx.o
FLASH_WaitForLastOperation                        build/stm32f4xx_hal_flash.o
                                                  build/stm32f4xx_hal_flash_ex.o
FPU_IRQHandler                                    build/startup_stm32f407xx.o
FSMC_IRQHandler                                   build/startup_stm32f407xx.o
FS_Desc                                           build/usbd_desc.o
                                                  build/usb_device.o
HAL_CORTEX_ClearEvent                             build/stm32f4xx_hal_cortex.o
HAL_DBGMCU_DisableDBGSleepMode                    build/stm32f4xx_hal.o
HAL_DBGMCU_DisableDBGStandbyMode                  build/stm32f4xx_hal.o
HAL_DBGMCU_DisableDBGStopMode                     build/stm32f4xx_hal.o
HAL_DBGMCU_EnableDBGSleepMode                     build/stm32f4xx_hal.o
HAL_DBGMCU_EnableDBGStandbyMode                   build/stm32f4xx_hal.o
HAL_DBGMCU_EnableDBGStopMode                      build/stm32f4xx_hal.o
HAL_DMAEx_ChangeMemory                            build/stm32f4xx_hal_dma_ex.o
HAL_DMAEx_MultiBufferStart                        build/stm32f4xx_hal_dma_ex.o
HAL_DMAEx_MultiBufferStart_IT                     build/stm32f4xx_hal_dma_ex.o
HAL_DMA_Abort                                     build/stm32f4xx_hal_dma.o
                                                  build/stm32f4xx_hal_spi.o
                                                  build/stm32f4xx_hal_i2s.o
HAL_DMA_Abort_IT                                  build/stm32f4xx_hal_dma.o
                                                  build/stm32f4xx_hal_spi.o
                                                  build/stm32f4xx_hal_i2c.o
HAL_DMA_DeInit                                    build/stm32f4xx_hal_dma.o
HAL_DMA_GetError                                  build/stm32f4xx_hal_dma.o
                                                  build/stm32f4xx_hal_i2c.o
HAL_DMA_GetState                                  build/stm32f4xx_hal_dma.o
                                                  build/stm32f4xx_hal_i2c.o
HAL_DMA_IRQHandler                                build/stm32f4xx_hal_dma.o
HAL_DMA_Init                                      build/stm32f4xx_hal_dma.o
HAL_DMA_PollForTransfer                           build/stm32f4xx_hal_dma.o
HAL_DMA_RegisterCallback                          build/stm32f4xx_hal_dma.o
HAL_DMA_Start                                     build/stm32f4xx_hal_dma.o
HAL_DMA_Start_IT                                  build/stm32f4xx_hal_dma.o
                                                  build/stm32f4xx_hal_spi.o
                                                  build/stm32f4xx_hal_i2s_ex.o
                                                  build/stm32f4xx_hal_i2s.o
                                                  build/stm32f4xx_hal_i2c.o
HAL_DMA_UnRegisterCallback                        build/stm32f4xx_hal_dma.o
HAL_DeInit                                        build/stm32f4xx_hal.o
HAL_Delay                                         build/stm32f4xx_hal.o
                                                  build/usbd_conf.o
                                                  build/stm32f4xx_ll_usb.o
HAL_DisableCompensationCell                       build/stm32f4xx_hal.o
HAL_EXTI_ClearConfigLine                          build/stm32f4xx_hal_exti.o
HAL_EXTI_ClearPending                             build/stm32f4xx_hal_exti.o
HAL_EXTI_GenerateSWI                              build/stm32f4xx_hal_exti.o
HAL_EXTI_GetConfigLine                            build/stm32f4xx_hal_exti.o
HAL_EXTI_GetHandle                                build/stm32f4xx_hal_exti.o
HAL_EXTI_GetPending                               build/stm32f4xx_hal_exti.o
HAL_EXTI_IRQHandler                               build/stm32f4xx_hal_exti.o
HAL_EXTI_RegisterCallback                         build/stm32f4xx_hal_exti.o
HAL_EXTI_SetConfigLine                            build/stm32f4xx_hal_exti.o
HAL_EnableCompensationCell                        build/stm32f4xx_hal.o
HAL_FLASHEx_Erase                                 build/stm32f4xx_hal_flash_ex.o
HAL_FLASHEx_Erase_IT                              build/stm32f4xx_hal_flash_ex.o
HAL_FLASHEx_OBGetConfig                           build/stm32f4xx_hal_flash_ex.o
HAL_FLASHEx_OBProgram                             build/stm32f4xx_hal_flash_ex.o
HAL_FLASH_EndOfOperationCallback                  build/stm32f4xx_hal_flash.o
HAL_FLASH_GetError                                build/stm32f4xx_hal_flash.o
HAL_FLASH_IRQHandler                              build/stm32f4xx_hal_flash.o
HAL_FLASH_Lock                                    build/stm32f4xx_hal_flash.o
HAL_FLASH_OB_Launch                               build/stm32f4xx_hal_flash.o
HAL_FLASH_OB_Lock                                 build/stm32f4xx_hal_flash.o
HAL_FLASH_OB_Unlock                               build/stm32f4xx_hal_flash.o
HAL_FLASH_OperationErrorCallback                  build/stm32f4xx_hal_flash.o
HAL_FLASH_Program                                 build/stm32f4xx_hal_flash.o
HAL_FLASH_Program_IT                              build/stm32f4xx_hal_flash.o
HAL_FLASH_Unlock                                  build/stm32f4xx_hal_flash.o
HAL_GPIO_DeInit                                   build/stm32f4xx_hal_gpio.o
                                                  build/usbd_conf.o
                                                  build/stm32f4xx_hal_msp.o
HAL_GPIO_EXTI_Callback                            build/stm32f4xx_hal_gpio.o
HAL_GPIO_EXTI_IRQHandler                          build/stm32f4xx_hal_gpio.o
HAL_GPIO_Init                                     build/stm32f4xx_hal_gpio.o
                                                  build/usbd_conf.o
                                                  build/stm32f4xx_hal_rcc.o
                                                  build/stm32f4xx_hal_msp.o
                                                  build/main.o
HAL_GPIO_LockPin                                  build/stm32f4xx_hal_gpio.o
HAL_GPIO_ReadPin                                  build/stm32f4xx_hal_gpio.o
HAL_GPIO_TogglePin                                build/stm32f4xx_hal_gpio.o
HAL_GPIO_WritePin                                 build/stm32f4xx_hal_gpio.o
                                                  build/main.o
HAL_GetDEVID                                      build/stm32f4xx_hal.o
HAL_GetHalVersion                                 build/stm32f4xx_hal.o
HAL_GetREVID                                      build/stm32f4xx_hal.o
HAL_GetTick                                       build/stm32f4xx_hal.o
                                                  build/stm32f4xx_hal_spi.o
                                                  build/stm32f4xx_hal_rcc_ex.o
                                                  build/stm32f4xx_hal_rcc.o
                                                  build/stm32f4xx_hal_pwr_ex.o
                                                  build/stm32f4xx_hal_i2s_ex.o
                                                  build/stm32f4xx_hal_i2s.o
                                                  build/stm32f4xx_hal_i2c.o
                                                  build/stm32f4xx_hal_flash.o
                                                  build/stm32f4xx_hal_dma.o
HAL_GetTickFreq                                   build/stm32f4xx_hal.o
HAL_GetTickPrio                                   build/stm32f4xx_hal.o
HAL_GetUIDw0                                      build/stm32f4xx_hal.o
HAL_GetUIDw1                                      build/stm32f4xx_hal.o
HAL_GetUIDw2                                      build/stm32f4xx_hal.o
HAL_I2C_AbortCpltCallback                         build/stm32f4xx_hal_i2c.o
HAL_I2C_AddrCallback                              build/stm32f4xx_hal_i2c.o
HAL_I2C_DeInit                                    build/stm32f4xx_hal_i2c.o
HAL_I2C_DisableListen_IT                          build/stm32f4xx_hal_i2c.o
HAL_I2C_ER_IRQHandler                             build/stm32f4xx_hal_i2c.o
HAL_I2C_EV_IRQHandler                             build/stm32f4xx_hal_i2c.o
HAL_I2C_EnableListen_IT                           build/stm32f4xx_hal_i2c.o
HAL_I2C_ErrorCallback                             build/stm32f4xx_hal_i2c.o
HAL_I2C_GetError                                  build/stm32f4xx_hal_i2c.o
HAL_I2C_GetMode                                   build/stm32f4xx_hal_i2c.o
HAL_I2C_GetState                                  build/stm32f4xx_hal_i2c.o
HAL_I2C_Init                                      build/stm32f4xx_hal_i2c.o
                                                  build/main.o
HAL_I2C_IsDeviceReady                             build/stm32f4xx_hal_i2c.o
HAL_I2C_ListenCpltCallback                        build/stm32f4xx_hal_i2c.o
HAL_I2C_MasterRxCpltCallback                      build/stm32f4xx_hal_i2c.o
HAL_I2C_MasterTxCpltCallback                      build/stm32f4xx_hal_i2c.o
HAL_I2C_Master_Abort_IT                           build/stm32f4xx_hal_i2c.o
HAL_I2C_Master_Receive                            build/stm32f4xx_hal_i2c.o
HAL_I2C_Master_Receive_DMA                        build/stm32f4xx_hal_i2c.o
HAL_I2C_Master_Receive_IT                         build/stm32f4xx_hal_i2c.o
HAL_I2C_Master_Seq_Receive_DMA                    build/stm32f4xx_hal_i2c.o
HAL_I2C_Master_Seq_Receive_IT                     build/stm32f4xx_hal_i2c.o
HAL_I2C_Master_Seq_Transmit_DMA                   build/stm32f4xx_hal_i2c.o
HAL_I2C_Master_Seq_Transmit_IT                    build/stm32f4xx_hal_i2c.o
HAL_I2C_Master_Transmit                           build/stm32f4xx_hal_i2c.o
HAL_I2C_Master_Transmit_DMA                       build/stm32f4xx_hal_i2c.o
HAL_I2C_Master_Transmit_IT                        build/stm32f4xx_hal_i2c.o
HAL_I2C_MemRxCpltCallback                         build/stm32f4xx_hal_i2c.o
HAL_I2C_MemTxCpltCallback                         build/stm32f4xx_hal_i2c.o
HAL_I2C_Mem_Read                                  build/stm32f4xx_hal_i2c.o
HAL_I2C_Mem_Read_DMA                              build/stm32f4xx_hal_i2c.o
HAL_I2C_Mem_Read_IT                               build/stm32f4xx_hal_i2c.o
HAL_I2C_Mem_Write                                 build/stm32f4xx_hal_i2c.o
HAL_I2C_Mem_Write_DMA                             build/stm32f4xx_hal_i2c.o
HAL_I2C_Mem_Write_IT                              build/stm32f4xx_hal_i2c.o
HAL_I2C_MspDeInit                                 build/stm32f4xx_hal_msp.o
HAL_I2C_MspInit                                   build/stm32f4xx_hal_msp.o
HAL_I2C_SlaveRxCpltCallback                       build/stm32f4xx_hal_i2c.o
HAL_I2C_SlaveTxCpltCallback                       build/stm32f4xx_hal_i2c.o
HAL_I2C_Slave_Receive                             build/stm32f4xx_hal_i2c.o
HAL_I2C_Slave_Receive_DMA                         build/stm32f4xx_hal_i2c.o
HAL_I2C_Slave_Receive_IT                          build/stm32f4xx_hal_i2c.o
HAL_I2C_Slave_Seq_Receive_DMA                     build/stm32f4xx_hal_i2c.o
HAL_I2C_Slave_Seq_Receive_IT                      build/stm32f4xx_hal_i2c.o
HAL_I2C_Slave_Seq_Transmit_DMA                    build/stm32f4xx_hal_i2c.o
HAL_I2C_Slave_Seq_Transmit_IT                     build/stm32f4xx_hal_i2c.o
HAL_I2C_Slave_Transmit                            build/stm32f4xx_hal_i2c.o
HAL_I2C_Slave_Transmit_DMA                        build/stm32f4xx_hal_i2c.o
HAL_I2C_Slave_Transmit_IT                         build/stm32f4xx_hal_i2c.o
HAL_I2SEx_FullDuplex_IRQHandler                   build/stm32f4xx_hal_i2s_ex.o
                                                  build/stm32f4xx_hal_i2s.o
HAL_I2SEx_TransmitReceive                         build/stm32f4xx_hal_i2s_ex.o
HAL_I2SEx_TransmitReceive_DMA                     build/stm32f4xx_hal_i2s_ex.o
HAL_I2SEx_TransmitReceive_IT                      build/stm32f4xx_hal_i2s_ex.o
HAL_I2SEx_TxRxCpltCallback                        build/stm32f4xx_hal_i2s_ex.o
HAL_I2SEx_TxRxHalfCpltCallback                    build/stm32f4xx_hal_i2s_ex.o
HAL_I2S_DMAPause                                  build/stm32f4xx_hal_i2s.o
HAL_I2S_DMAResume                                 build/stm32f4xx_hal_i2s.o
HAL_I2S_DMAStop                                   build/stm32f4xx_hal_i2s.o
HAL_I2S_DeInit                                    build/stm32f4xx_hal_i2s.o
HAL_I2S_ErrorCallback                             build/stm32f4xx_hal_i2s.o
                                                  build/stm32f4xx_hal_i2s_ex.o
HAL_I2S_GetError                                  build/stm32f4xx_hal_i2s.o
HAL_I2S_GetState                                  build/stm32f4xx_hal_i2s.o
HAL_I2S_IRQHandler                                build/stm32f4xx_hal_i2s.o
HAL_I2S_Init                                      build/stm32f4xx_hal_i2s.o
                                                  build/main.o
HAL_I2S_MspDeInit                                 build/stm32f4xx_hal_msp.o
HAL_I2S_MspInit                                   build/stm32f4xx_hal_msp.o
HAL_I2S_Receive                                   build/stm32f4xx_hal_i2s.o
HAL_I2S_Receive_DMA                               build/stm32f4xx_hal_i2s.o
HAL_I2S_Receive_IT                                build/stm32f4xx_hal_i2s.o
HAL_I2S_RxCpltCallback                            build/stm32f4xx_hal_i2s.o
HAL_I2S_RxHalfCpltCallback                        build/stm32f4xx_hal_i2s.o
HAL_I2S_Transmit                                  build/stm32f4xx_hal_i2s.o
HAL_I2S_Transmit_DMA                              build/stm32f4xx_hal_i2s.o